******************************************************************************
             TMS320C2000 Linker PC v6.4.2                      
******************************************************************************
>> Linked Tue Jan 12 13:28:16 2016

OUTPUT FILE NAME:   <testproject28335.out>
ENTRY POINT SYMBOL: "_c_int00"  address: 003399b4


MEMORY CONFIGURATION

         name            origin    length      used     unused   attr    fill
----------------------  --------  ---------  --------  --------  ----  --------
PAGE 0:
  ZONE0                 00004000   00001000  00000000  00001000  RWIX
  RAML0                 00008000   00001000  0000008c  00000f74  RWIX
  RAML1                 00009000   00001000  00000000  00001000  RWIX
  RAML2                 0000a000   00001000  00000000  00001000  RWIX
  RAML3                 0000b000   00001000  00000000  00001000  RWIX
  ZONE6                 00100000   00100000  00000000  00100000  RWIX
  ZONE7A                00200000   0000fc00  00000000  0000fc00  RWIX
  FLASHH                00300000   00008000  00000000  00008000  RWIX
  FLASHG                00308000   00008000  00000000  00008000  RWIX
  FLASHF                00310000   00008000  00000000  00008000  RWIX
  FLASHE                00318000   00008000  00000000  00008000  RWIX
  FLASHD                00320000   00008000  0000008c  00007f74  RWIX
  FLASHC                00328000   00008000  00000000  00008000  RWIX
  FLASHA                00338000   00007f80  00002133  00005e4d  RWIX
  CSM_RSVD              0033ff80   00000076  00000000  00000076  RWIX
  BEGIN                 0033fff6   00000002  00000002  00000000  RWIX
  CSM_PWL               0033fff8   00000008  00000000  00000008  RWIX
  ADC_CAL               00380080   00000009  00000007  00000002  RWIX
  OTP                   00380400   00000400  00000000  00000400  RWIX
  IQTABLES              003fe000   00000b50  00000000  00000b50  RWIX
  IQTABLES2             003feb50   0000008c  00000000  0000008c  RWIX
  FPUTABLES             003febdc   000006a0  00000000  000006a0  RWIX
  ROM                   003ff27c   00000d44  00000000  00000d44  RWIX
  RESET                 003fffc0   00000002  00000000  00000002  RWIX
  VECTORS               003fffc2   0000003e  00000000  0000003e  RWIX

PAGE 1:
  BOOT_RSVD             00000000   00000050  00000000  00000050  RWIX
  RAMM0                 00000050   000003b0  00000000  000003b0  RWIX
  RAMM1                 00000400   00000400  00000300  00000100  RWIX
  DEV_EMU               00000880   00000180  000000d0  000000b0  RWIX
  FLASH_REGS            00000a80   00000060  00000008  00000058  RWIX
  CSM                   00000ae0   00000010  00000010  00000000  RWIX
  ADC_MIRROR            00000b00   00000010  00000010  00000000  RWIX
  XINTF                 00000b20   00000020  0000001e  00000002  RWIX
  CPU_TIMER0            00000c00   00000008  00000008  00000000  RWIX
  CPU_TIMER1            00000c08   00000008  00000008  00000000  RWIX
  CPU_TIMER2            00000c10   00000008  00000008  00000000  RWIX
  PIE_CTRL              00000ce0   00000020  0000001a  00000006  RWIX
  PIE_VECT              00000d00   00000100  00000100  00000000  RWIX
  DMA                   00001000   00000200  000000e0  00000120  RWIX
  MCBSPA                00005000   00000040  00000025  0000001b  RWIX
  MCBSPB                00005040   00000040  00000025  0000001b  RWIX
  ECANA                 00006000   00000040  00000034  0000000c  RWIX
  ECANA_LAM             00006040   00000040  00000040  00000000  RWIX
  ECANA_MOTS            00006080   00000040  00000040  00000000  RWIX
  ECANA_MOTO            000060c0   00000040  00000040  00000000  RWIX
  ECANA_MBOX            00006100   00000100  00000100  00000000  RWIX
  ECANB                 00006200   00000040  00000034  0000000c  RWIX
  ECANB_LAM             00006240   00000040  00000040  00000000  RWIX
  ECANB_MOTS            00006280   00000040  00000040  00000000  RWIX
  ECANB_MOTO            000062c0   00000040  00000040  00000000  RWIX
  ECANB_MBOX            00006300   00000100  00000100  00000000  RWIX
  EPWM1                 00006800   00000022  00000022  00000000  RWIX
  EPWM2                 00006840   00000022  00000022  00000000  RWIX
  EPWM3                 00006880   00000022  00000022  00000000  RWIX
  EPWM4                 000068c0   00000022  00000022  00000000  RWIX
  EPWM5                 00006900   00000022  00000022  00000000  RWIX
  EPWM6                 00006940   00000022  00000022  00000000  RWIX
  ECAP1                 00006a00   00000020  00000020  00000000  RWIX
  ECAP2                 00006a20   00000020  00000020  00000000  RWIX
  ECAP3                 00006a40   00000020  00000020  00000000  RWIX
  ECAP4                 00006a60   00000020  00000020  00000000  RWIX
  ECAP5                 00006a80   00000020  00000020  00000000  RWIX
  ECAP6                 00006aa0   00000020  00000020  00000000  RWIX
  EQEP1                 00006b00   00000040  00000040  00000000  RWIX
  EQEP2                 00006b40   00000040  00000040  00000000  RWIX
  GPIOCTRL              00006f80   00000040  0000002e  00000012  RWIX
  GPIODAT               00006fc0   00000020  00000020  00000000  RWIX
  GPIOINT               00006fe0   00000020  0000000a  00000016  RWIX
  SYSTEM                00007010   00000020  00000020  00000000  RWIX
  SPIA                  00007040   00000010  00000010  00000000  RWIX
  SCIA                  00007050   00000010  00000010  00000000  RWIX
  XINTRUPT              00007070   00000010  00000010  00000000  RWIX
  ADC                   00007100   00000020  0000001e  00000002  RWIX
  SCIB                  00007750   00000010  00000010  00000000  RWIX
  SCIC                  00007770   00000010  00000010  00000000  RWIX
  I2CA                  00007900   00000040  00000022  0000001e  RWIX
  RAML4                 0000c000   00001000  00000134  00000ecc  RWIX
  RAML5                 0000d000   00001000  00000000  00001000  RWIX
  RAML6                 0000e000   00001000  00000000  00001000  RWIX
  RAML7                 0000f000   00001000  00000000  00001000  RWIX
  ZONE7B                0020fc00   00000400  00000000  00000400  RWIX
  FLASHB                00330000   00008000  00000000  00008000  RWIX
  CSM_PWL               0033fff8   00000008  00000008  00000000  RWIX
  PARTID                00380090   00000001  00000001  00000000  RWIX


SECTION ALLOCATION MAP

 output                                  attributes/
section   page    origin      length       input sections
--------  ----  ----------  ----------   ----------------
ramfuncs   0    00320000    0000008c     RUN ADDR = 00008000
                  00320000    0000006d     cuptimer.obj (ramfuncs:retain)
                  0032006d    0000001b     DSP2833x_SysCtrl.obj (ramfuncs)
                  00320088    00000004     DSP2833x_usDelay.obj (ramfuncs)

.text      0    00338000    00001de7     
                  00338000    00000c06     rts2800_fpu32.lib : _printfi.obj (.text)
                  00338c06    00000316     DSP2833x_DefaultIsr.obj (.text:retain)
                  00338f1c    000001cc     key14.obj (.text)
                  003390e8    00000107     rts2800_fpu32.lib : ll_div.obj (.text)
                  003391ef    000000f8     DSP2833x_SysCtrl.obj (.text)
                  003392e7    000000cb     lcd12864spi.obj (.text)
                  003393b2    000000c8     DSP2833x_EPwm.obj (.text)
                  0033947a    0000009f     speed.obj (.text)
                  00339519    0000009c     rts2800_fpu32.lib : fd_add.obj (.text)
                  003395b5    0000008b                       : fd_div.obj (.text)
                  00339640    00000088                       : fs_div.obj (.text)
                  003396c8    00000083                       : fd_mpy.obj (.text)
                  0033974b    00000076     cap6.obj (.text:retain)
                  003397c1    00000073     DSP2833x_CpuTimers.obj (.text)
                  00339834    00000072     main.obj (.text)
                  003398a6    00000061     cap5.obj (.text:retain)
                  00339907    00000057     epwmdb2.obj (.text)
                  0033995e    00000056     DSP2833x_EQep.obj (.text)
                  003399b4    00000046     rts2800_fpu32.lib : boot.obj (.text)
                  003399fa    0000003d     cuptimer.obj (.text)
                  00339a37    00000034     rts2800_fpu32.lib : ldexp.obj (.text)
                  00339a6b    00000033                       : atoi.obj (.text)
                  00339a9e    00000032                       : sprintf.obj (.text)
                  00339ad0    00000030     key14.obj (.text:retain)
                  00339b00    0000002e     rts2800_fpu32.lib : ltoa.obj (.text)
                  00339b2e    0000002a                       : fd_cmp.obj (.text)
                  00339b58    0000002a                       : l_div.obj (.text)
                  00339b82    00000028     DSP2833x_PieCtrl.obj (.text)
                  00339baa    00000023     rts2800_fpu32.lib : fd_tofs.obj (.text)
                  00339bcd    00000022     DSP2833x_PieVect.obj (.text)
                  00339bef    00000022     rts2800_fpu32.lib : i_div.obj (.text)
                  00339c11    00000021                       : fd_toi.obj (.text)
                  00339c32    0000001f                       : fd_tol.obj (.text)
                  00339c51    0000001e                       : ll_cmp.obj (.text)
                  00339c6f    0000001e                       : memcpy.obj (.text)
                  00339c8d    0000001d                       : i_tofd.obj (.text)
                  00339caa    0000001c                       : fs_tofd.obj (.text)
                  00339cc6    0000001c                       : l_tofd.obj (.text)
                  00339ce2    00000019                       : args_main.obj (.text)
                  00339cfb    00000019                       : exit.obj (.text)
                  00339d14    00000018                       : ll_aox.obj (.text)
                  00339d2c    00000016                       : frexp.obj (.text)
                  00339d42    00000015     DSP2833x_MemCopy.obj (.text)
                  00339d57    00000015     epwmdb2.obj (.text:retain)
                  00339d6c    00000015     eqepwm1.obj (.text:retain)
                  00339d81    0000000e     rts2800_fpu32.lib : fd_sub.obj (.text)
                  00339d8f    0000000e                       : memccpy.obj (.text)
                  00339d9d    0000000c                       : memset.obj (.text)
                  00339da9    0000000c                       : strchr.obj (.text)
                  00339db5    0000000b                       : u_div.obj (.text)
                  00339dc0    00000009                       : _lock.obj (.text)
                  00339dc9    00000009                       : fd_neg.obj (.text)
                  00339dd2    00000008     DSP2833x_CodeStartBranch.obj (.text)
                  00339dda    00000008     rts2800_fpu32.lib : strlen.obj (.text)
                  00339de2    00000005                       : strcpy.obj (.text)

.econst    0    00339de8    0000027e     
                  00339de8    00000101     rts2800_fpu32.lib : ctype.obj (.econst:.string:__ctypes_)
                  00339ee9    00000001     --HOLE-- [fill = 0]
                  00339eea    00000100     DSP2833x_PieVect.obj (.econst)
                  00339fea    00000039     main.obj (.econst:.string)
                  0033a023    00000001     --HOLE-- [fill = 0]
                  0033a024    00000026     rts2800_fpu32.lib : _printfi.obj (.econst:.string)
                  0033a04a    0000001c                       : _printfi.obj (.econst)

.cinit     0    0033a066    000000ce     
                  0033a066    0000005d     main.obj (.cinit)
                  0033a0c3    00000024     key14.obj (.cinit)
                  0033a0e7    00000010     lcd12864spi.obj (.cinit)
                  0033a0f7    0000000c     epwmdb2.obj (.cinit)
                  0033a103    0000000a     rts2800_fpu32.lib : exit.obj (.cinit)
                  0033a10d    00000009     cap6.obj (.cinit)
                  0033a116    00000005     rts2800_fpu32.lib : _lock.obj (.cinit:__lock)
                  0033a11b    00000005                       : _lock.obj (.cinit:__unlock)
                  0033a120    00000005     freq.obj (.cinit)
                  0033a125    00000005     speed.obj (.cinit)
                  0033a12a    00000004     cap5.obj (.cinit)
                  0033a12e    00000004     rts2800_fpu32.lib : errno.obj (.cinit)
                  0033a132    00000002     --HOLE-- [fill = 0]

codestart 
*          0    0033fff6    00000002     
                  0033fff6    00000002     DSP2833x_CodeStartBranch.obj (codestart)

.adc_cal   0    00380080    00000007     NOLOAD SECTION
                  00380080    00000007     DSP2833x_ADC_cal.obj (.adc_cal)

.stack     1    00000400    00000300     UNINITIALIZED
                  00000400    00000300     --HOLE--

DevEmuRegsFile 
*          1    00000880    000000d0     UNINITIALIZED
                  00000880    000000d0     DSP2833x_GlobalVariableDefs.obj (DevEmuRegsFile)

FlashRegsFile 
*          1    00000a80    00000008     UNINITIALIZED
                  00000a80    00000008     DSP2833x_GlobalVariableDefs.obj (FlashRegsFile)

CsmRegsFile 
*          1    00000ae0    00000010     UNINITIALIZED
                  00000ae0    00000010     DSP2833x_GlobalVariableDefs.obj (CsmRegsFile)

AdcMirrorFile 
*          1    00000b00    00000010     UNINITIALIZED
                  00000b00    00000010     DSP2833x_GlobalVariableDefs.obj (AdcMirrorFile)

XintfRegsFile 
*          1    00000b20    0000001e     UNINITIALIZED
                  00000b20    0000001e     DSP2833x_GlobalVariableDefs.obj (XintfRegsFile)

CpuTimer0RegsFile 
*          1    00000c00    00000008     UNINITIALIZED
                  00000c00    00000008     DSP2833x_GlobalVariableDefs.obj (CpuTimer0RegsFile)

CpuTimer1RegsFile 
*          1    00000c08    00000008     UNINITIALIZED
                  00000c08    00000008     DSP2833x_GlobalVariableDefs.obj (CpuTimer1RegsFile)

CpuTimer2RegsFile 
*          1    00000c10    00000008     UNINITIALIZED
                  00000c10    00000008     DSP2833x_GlobalVariableDefs.obj (CpuTimer2RegsFile)

PieCtrlRegsFile 
*          1    00000ce0    0000001a     UNINITIALIZED
                  00000ce0    0000001a     DSP2833x_GlobalVariableDefs.obj (PieCtrlRegsFile)

PieVectTableFile 
*          1    00000d00    00000100     UNINITIALIZED
                  00000d00    00000100     DSP2833x_GlobalVariableDefs.obj (PieVectTableFile)

DmaRegsFile 
*          1    00001000    000000e0     UNINITIALIZED
                  00001000    000000e0     DSP2833x_GlobalVariableDefs.obj (DmaRegsFile)

McbspaRegsFile 
*          1    00005000    00000025     UNINITIALIZED
                  00005000    00000025     DSP2833x_GlobalVariableDefs.obj (McbspaRegsFile)

McbspbRegsFile 
*          1    00005040    00000025     UNINITIALIZED
                  00005040    00000025     DSP2833x_GlobalVariableDefs.obj (McbspbRegsFile)

ECanaRegsFile 
*          1    00006000    00000034     UNINITIALIZED
                  00006000    00000034     DSP2833x_GlobalVariableDefs.obj (ECanaRegsFile)

ECanaLAMRegsFile 
*          1    00006040    00000040     UNINITIALIZED
                  00006040    00000040     DSP2833x_GlobalVariableDefs.obj (ECanaLAMRegsFile)

ECanaMOTSRegsFile 
*          1    00006080    00000040     UNINITIALIZED
                  00006080    00000040     DSP2833x_GlobalVariableDefs.obj (ECanaMOTSRegsFile)

ECanaMOTORegsFile 
*          1    000060c0    00000040     UNINITIALIZED
                  000060c0    00000040     DSP2833x_GlobalVariableDefs.obj (ECanaMOTORegsFile)

ECanaMboxesFile 
*          1    00006100    00000100     UNINITIALIZED
                  00006100    00000100     DSP2833x_GlobalVariableDefs.obj (ECanaMboxesFile)

ECanbRegsFile 
*          1    00006200    00000034     UNINITIALIZED
                  00006200    00000034     DSP2833x_GlobalVariableDefs.obj (ECanbRegsFile)

ECanbLAMRegsFile 
*          1    00006240    00000040     UNINITIALIZED
                  00006240    00000040     DSP2833x_GlobalVariableDefs.obj (ECanbLAMRegsFile)

ECanbMOTSRegsFile 
*          1    00006280    00000040     UNINITIALIZED
                  00006280    00000040     DSP2833x_GlobalVariableDefs.obj (ECanbMOTSRegsFile)

ECanbMOTORegsFile 
*          1    000062c0    00000040     UNINITIALIZED
                  000062c0    00000040     DSP2833x_GlobalVariableDefs.obj (ECanbMOTORegsFile)

ECanbMboxesFile 
*          1    00006300    00000100     UNINITIALIZED
                  00006300    00000100     DSP2833x_GlobalVariableDefs.obj (ECanbMboxesFile)

EPwm1RegsFile 
*          1    00006800    00000022     UNINITIALIZED
                  00006800    00000022     DSP2833x_GlobalVariableDefs.obj (EPwm1RegsFile)

EPwm2RegsFile 
*          1    00006840    00000022     UNINITIALIZED
                  00006840    00000022     DSP2833x_GlobalVariableDefs.obj (EPwm2RegsFile)

EPwm3RegsFile 
*          1    00006880    00000022     UNINITIALIZED
                  00006880    00000022     DSP2833x_GlobalVariableDefs.obj (EPwm3RegsFile)

EPwm4RegsFile 
*          1    000068c0    00000022     UNINITIALIZED
                  000068c0    00000022     DSP2833x_GlobalVariableDefs.obj (EPwm4RegsFile)

EPwm5RegsFile 
*          1    00006900    00000022     UNINITIALIZED
                  00006900    00000022     DSP2833x_GlobalVariableDefs.obj (EPwm5RegsFile)

EPwm6RegsFile 
*          1    00006940    00000022     UNINITIALIZED
                  00006940    00000022     DSP2833x_GlobalVariableDefs.obj (EPwm6RegsFile)

ECap1RegsFile 
*          1    00006a00    00000020     UNINITIALIZED
                  00006a00    00000020     DSP2833x_GlobalVariableDefs.obj (ECap1RegsFile)

ECap2RegsFile 
*          1    00006a20    00000020     UNINITIALIZED
                  00006a20    00000020     DSP2833x_GlobalVariableDefs.obj (ECap2RegsFile)

ECap3RegsFile 
*          1    00006a40    00000020     UNINITIALIZED
                  00006a40    00000020     DSP2833x_GlobalVariableDefs.obj (ECap3RegsFile)

ECap4RegsFile 
*          1    00006a60    00000020     UNINITIALIZED
                  00006a60    00000020     DSP2833x_GlobalVariableDefs.obj (ECap4RegsFile)

ECap5RegsFile 
*          1    00006a80    00000020     UNINITIALIZED
                  00006a80    00000020     DSP2833x_GlobalVariableDefs.obj (ECap5RegsFile)

ECap6RegsFile 
*          1    00006aa0    00000020     UNINITIALIZED
                  00006aa0    00000020     DSP2833x_GlobalVariableDefs.obj (ECap6RegsFile)

EQep1RegsFile 
*          1    00006b00    00000040     UNINITIALIZED
                  00006b00    00000040     DSP2833x_GlobalVariableDefs.obj (EQep1RegsFile)

EQep2RegsFile 
*          1    00006b40    00000040     UNINITIALIZED
                  00006b40    00000040     DSP2833x_GlobalVariableDefs.obj (EQep2RegsFile)

GpioCtrlRegsFile 
*          1    00006f80    0000002e     UNINITIALIZED
                  00006f80    0000002e     DSP2833x_GlobalVariableDefs.obj (GpioCtrlRegsFile)

GpioDataRegsFile 
*          1    00006fc0    00000020     UNINITIALIZED
                  00006fc0    00000020     DSP2833x_GlobalVariableDefs.obj (GpioDataRegsFile)

GpioIntRegsFile 
*          1    00006fe0    0000000a     UNINITIALIZED
                  00006fe0    0000000a     DSP2833x_GlobalVariableDefs.obj (GpioIntRegsFile)

SysCtrlRegsFile 
*          1    00007010    00000020     UNINITIALIZED
                  00007010    00000020     DSP2833x_GlobalVariableDefs.obj (SysCtrlRegsFile)

SpiaRegsFile 
*          1    00007040    00000010     UNINITIALIZED
                  00007040    00000010     DSP2833x_GlobalVariableDefs.obj (SpiaRegsFile)

SciaRegsFile 
*          1    00007050    00000010     UNINITIALIZED
                  00007050    00000010     DSP2833x_GlobalVariableDefs.obj (SciaRegsFile)

XIntruptRegsFile 
*          1    00007070    00000010     UNINITIALIZED
                  00007070    00000010     DSP2833x_GlobalVariableDefs.obj (XIntruptRegsFile)

AdcRegsFile 
*          1    00007100    0000001e     UNINITIALIZED
                  00007100    0000001e     DSP2833x_GlobalVariableDefs.obj (AdcRegsFile)

ScibRegsFile 
*          1    00007750    00000010     UNINITIALIZED
                  00007750    00000010     DSP2833x_GlobalVariableDefs.obj (ScibRegsFile)

ScicRegsFile 
*          1    00007770    00000010     UNINITIALIZED
                  00007770    00000010     DSP2833x_GlobalVariableDefs.obj (ScicRegsFile)

I2caRegsFile 
*          1    00007900    00000022     UNINITIALIZED
                  00007900    00000022     DSP2833x_GlobalVariableDefs.obj (I2caRegsFile)

.ebss      1    0000c000    00000134     UNINITIALIZED
                  0000c000    00000080     adc.obj (.ebss)
                  0000c080    00000040     lcd12864spi.obj (.ebss)
                  0000c0c0    00000024     cap6.obj (.ebss)
                  0000c0e4    00000018     DSP2833x_CpuTimers.obj (.ebss)
                  0000c0fc    00000004     rts2800_fpu32.lib : exit.obj (.ebss)
                  0000c100    0000001e     main.obj (.ebss)
                  0000c11e    00000009     key14.obj (.ebss)
                  0000c127    00000003     epwmdb2.obj (.ebss)
                  0000c12a    00000002     rts2800_fpu32.lib : _lock.obj (.ebss:__lock)
                  0000c12c    00000002                       : _lock.obj (.ebss:__unlock)
                  0000c12e    00000002     freq.obj (.ebss)
                  0000c130    00000002     speed.obj (.ebss)
                  0000c132    00000001     cap5.obj (.ebss)
                  0000c133    00000001     rts2800_fpu32.lib : errno.obj (.ebss)

CsmPwlFile 
*          1    0033fff8    00000008     UNINITIALIZED
                  0033fff8    00000008     DSP2833x_GlobalVariableDefs.obj (CsmPwlFile)

PartIdRegsFile 
*          1    00380090    00000001     UNINITIALIZED
                  00380090    00000001     DSP2833x_GlobalVariableDefs.obj (PartIdRegsFile)

.pinit     0    00338000    00000000     UNINITIALIZED

.reset     0    003fffc0    00000002     DSECT
                  003fffc0    00000002     rts2800_fpu32.lib : boot.obj (.reset)

vectors    0    003fffc2    00000000     DSECT


GLOBAL DATA SYMBOLS: SORTED BY DATA PAGE

address     data page           name
--------    ----------------    ----
00000400      10 (00000400)     __stack

00000880      22 (00000880)     _DevEmuRegs

00000a80      2a (00000a80)     _FlashRegs

00000ae0      2b (00000ac0)     _CsmRegs

00000b00      2c (00000b00)     _AdcMirror
00000b20      2c (00000b00)     _XintfRegs

00000c00      30 (00000c00)     _CpuTimer0Regs
00000c08      30 (00000c00)     _CpuTimer1Regs
00000c10      30 (00000c00)     _CpuTimer2Regs

00000ce0      33 (00000cc0)     _PieCtrlRegs

00000d00      34 (00000d00)     _PieVectTable

00001000      40 (00001000)     _DmaRegs

00005000     140 (00005000)     _McbspaRegs

00005040     141 (00005040)     _McbspbRegs

00006000     180 (00006000)     _ECanaRegs

00006040     181 (00006040)     _ECanaLAMRegs

00006080     182 (00006080)     _ECanaMOTSRegs

000060c0     183 (000060c0)     _ECanaMOTORegs

00006100     184 (00006100)     _ECanaMboxes

00006200     188 (00006200)     _ECanbRegs

00006240     189 (00006240)     _ECanbLAMRegs

00006280     18a (00006280)     _ECanbMOTSRegs

000062c0     18b (000062c0)     _ECanbMOTORegs

00006300     18c (00006300)     _ECanbMboxes

00006800     1a0 (00006800)     _EPwm1Regs

00006840     1a1 (00006840)     _EPwm2Regs

00006880     1a2 (00006880)     _EPwm3Regs

000068c0     1a3 (000068c0)     _EPwm4Regs

00006900     1a4 (00006900)     _EPwm5Regs

00006940     1a5 (00006940)     _EPwm6Regs

00006a00     1a8 (00006a00)     _ECap1Regs
00006a20     1a8 (00006a00)     _ECap2Regs

00006a40     1a9 (00006a40)     _ECap3Regs
00006a60     1a9 (00006a40)     _ECap4Regs

00006a80     1aa (00006a80)     _ECap5Regs
00006aa0     1aa (00006a80)     _ECap6Regs

00006b00     1ac (00006b00)     _EQep1Regs

00006b40     1ad (00006b40)     _EQep2Regs

00006f80     1be (00006f80)     _GpioCtrlRegs

00006fc0     1bf (00006fc0)     _GpioDataRegs
00006fe0     1bf (00006fc0)     _GpioIntRegs

00007010     1c0 (00007000)     _SysCtrlRegs

00007040     1c1 (00007040)     _SpiaRegs
00007050     1c1 (00007040)     _SciaRegs
00007070     1c1 (00007040)     _XIntruptRegs

00007100     1c4 (00007100)     _AdcRegs

00007750     1dd (00007740)     _ScibRegs
00007770     1dd (00007740)     _ScicRegs

00007900     1e4 (00007900)     _I2caRegs

0000c000     300 (0000c000)     _SampleTable2
0000c010     300 (0000c000)     _SampleTable3
0000c020     300 (0000c000)     _SampleTable0
0000c030     300 (0000c000)     _SampleTable1

0000c040     301 (0000c040)     _SampleTable6
0000c050     301 (0000c040)     _SampleTable7
0000c060     301 (0000c040)     _SampleTable4
0000c070     301 (0000c040)     _SampleTable5

0000c080     302 (0000c080)     _LCD_BUF_2
0000c090     302 (0000c080)     _LCD_BUF_3
0000c0a0     302 (0000c080)     _LCD_BUF_4
0000c0b0     302 (0000c080)     _LCD_BUF_1

0000c0c2     303 (0000c0c0)     _cap_value_all
0000c0c4     303 (0000c0c0)     _cap_value
0000c0e4     303 (0000c0c0)     _CpuTimer1
0000c0ec     303 (0000c0c0)     _CpuTimer2
0000c0f4     303 (0000c0c0)     _CpuTimer0
0000c0fc     303 (0000c0c0)     ___TI_cleanup_ptr
0000c0fe     303 (0000c0c0)     ___TI_dtors_ptr

0000c100     304 (0000c100)     _Freq_cap
0000c101     304 (0000c100)     _ISense5
0000c102     304 (0000c100)     _dir
0000c103     304 (0000c100)     _ISense3
0000c104     304 (0000c100)     _ISense2
0000c105     304 (0000c100)     _Freq_cap_hall
0000c106     304 (0000c100)     _ReceivedChar
0000c107     304 (0000c100)     _adc_finish
0000c108     304 (0000c100)     _pwm
0000c109     304 (0000c100)     _duty
0000c10a     304 (0000c100)     _ISense4
0000c10b     304 (0000c100)     _data
0000c10c     304 (0000c100)     _sec
0000c10d     304 (0000c100)     _ISenseU
0000c10e     304 (0000c100)     _VSense_Bus
0000c10f     304 (0000c100)     _ISense1
0000c110     304 (0000c100)     _ISenseW
0000c112     304 (0000c100)     _speed_pr
0000c114     304 (0000c100)     _msg
0000c116     304 (0000c100)     _speed_fr
0000c118     304 (0000c100)     _uptime
0000c11a     304 (0000c100)     _freqhz_fr
0000c11c     304 (0000c100)     _freqhz_pr
0000c127     304 (0000c100)     _EPWM2_STEP_ten
0000c128     304 (0000c100)     _EPWM2_STEP_one
0000c129     304 (0000c100)     _EPWM2_STEP_zero_one
0000c12a     304 (0000c100)     __lock
0000c12c     304 (0000c100)     __unlock
0000c133     304 (0000c100)     _errno

00339de8    ce77 (00339dc0)     __ctypes_

00339eea    ce7b (00339ec0)     _PieVectTableInit

0033fff8    cfff (0033ffc0)     _CsmPwl

00380090    e002 (00380080)     _PartIdRegs


GLOBAL SYMBOLS: SORTED ALPHABETICALLY BY Name 

page  address   name                 
----  -------   ----                 
0     00338000  .text                
0     00339cfb  C$$EXIT              
0     00339519  FD$$ADD              
0     00339b2e  FD$$CMP              
0     003395b5  FD$$DIV              
0     003396c8  FD$$MPY              
0     00339dc9  FD$$NEG              
0     00339d81  FD$$SUB              
0     00339baa  FD$$TOFS             
0     00339c11  FD$$TOI              
0     00339c32  FD$$TOL              
0     00339640  FS$$DIV              
0     00339caa  FS$$TOFD             
0     00339bef  I$$DIV               
0     00339c00  I$$MOD               
0     00339c8d  I$$TOFD              
0     00339b58  L$$DIV               
0     00339b67  L$$MOD               
0     00339cc6  L$$TOFD              
0     00339d14  LL$$AND              
0     00339c51  LL$$CMP              
0     003390e8  LL$$DIV              
0     00339124  LL$$MOD              
0     00339d1c  LL$$OR               
0     00339d24  LL$$XOR              
0     00339db5  U$$DIV               
0     00339dba  U$$MOD               
0     00339b75  UL$$DIV              
0     00339b7c  UL$$MOD              
0     00339c63  ULL$$CMP             
0     0033915e  ULL$$DIV             
0     0033918d  ULL$$MOD             
0     00338cec  _ADCINT_ISR          
0     00380080  _ADC_cal             
1     00000b00  _AdcMirror           
1     00007100  _AdcRegs             
0     003397fa  _ConfigCpuTimer      
1     0000c0f4  _CpuTimer0           
1     00000c00  _CpuTimer0Regs       
1     0000c0e4  _CpuTimer1           
1     00000c08  _CpuTimer1Regs       
1     0000c0ec  _CpuTimer2           
1     00000c10  _CpuTimer2Regs       
1     0033fff8  _CsmPwl              
1     00000ae0  _CsmRegs             
0     003392b6  _CsmUnlock           
0     00338c1a  _DATALOG_ISR         
0     00338e0e  _DINTCH1_ISR         
0     00338e18  _DINTCH2_ISR         
0     00338e22  _DINTCH3_ISR         
0     00338e2c  _DINTCH4_ISR         
0     00338e36  _DINTCH5_ISR         
0     00338e40  _DINTCH6_ISR         
0     00008088  _DSP28x_usDelay      
1     00000880  _DevEmuRegs          
0     00339202  _DisableDog          
1     00001000  _DmaRegs             
0     00338e9a  _ECAN0INTA_ISR       
0     00338eae  _ECAN0INTB_ISR       
0     00338ea4  _ECAN1INTA_ISR       
0     00338eb8  _ECAN1INTB_ISR       
0     00338d82  _ECAP1_INT_ISR       
0     00338d8c  _ECAP2_INT_ISR       
0     00338d96  _ECAP3_INT_ISR       
0     00338da0  _ECAP4_INT_ISR       
0     00338daa  _ECAP5_INT_ISR       
0     00338db4  _ECAP6_INT_ISR       
1     00006040  _ECanaLAMRegs        
1     000060c0  _ECanaMOTORegs       
1     00006080  _ECanaMOTSRegs       
1     00006100  _ECanaMboxes         
1     00006000  _ECanaRegs           
1     00006240  _ECanbLAMRegs        
1     000062c0  _ECanbMOTORegs       
1     00006280  _ECanbMOTSRegs       
1     00006300  _ECanbMboxes         
1     00006200  _ECanbRegs           
1     00006a00  _ECap1Regs           
1     00006a20  _ECap2Regs           
1     00006a40  _ECap3Regs           
1     00006a60  _ECap4Regs           
1     00006a80  _ECap5Regs           
1     00006aa0  _ECap6Regs           
0     00338c2e  _EMUINT_ISR          
0     00338d46  _EPWM1_INT_ISR       
0     00338d0a  _EPWM1_TZINT_ISR     
0     00338d50  _EPWM2_INT_ISR       
1     0000c128  _EPWM2_STEP_one      
1     0000c127  _EPWM2_STEP_ten      
1     0000c129  _EPWM2_STEP_zero_one 
0     00338d14  _EPWM2_TZINT_ISR     
0     00338d5a  _EPWM3_INT_ISR       
0     00338d1e  _EPWM3_TZINT_ISR     
0     00338d64  _EPWM4_INT_ISR       
0     00338d28  _EPWM4_TZINT_ISR     
0     00338d6e  _EPWM5_INT_ISR       
0     00338d32  _EPWM5_TZINT_ISR     
0     00338d78  _EPWM6_INT_ISR       
0     00338d3c  _EPWM6_TZINT_ISR     
1     00006800  _EPwm1Regs           
1     00006840  _EPwm2Regs           
1     00006880  _EPwm3Regs           
1     000068c0  _EPwm4Regs           
1     00006900  _EPwm5Regs           
1     00006940  _EPwm6Regs           
0     00338dbe  _EQEP1_INT_ISR       
0     00338dc8  _EQEP2_INT_ISR       
1     00006b00  _EQep1Regs           
1     00006b40  _EQep2Regs           
0     00339ba1  _EnableInterrupts    
1     00000a80  _FlashRegs           
1     0000c100  _Freq_cap            
1     0000c105  _Freq_cap_hall       
1     00006f80  _GpioCtrlRegs        
1     00006fc0  _GpioDataRegs        
1     00006fe0  _GpioIntRegs         
0     00338e4a  _I2CINT1A_ISR        
0     00338e54  _I2CINT2A_ISR        
1     00007900  _I2caRegs            
0     00338c42  _ILLEGAL_ISR         
0     00338c06  _INT13_ISR           
0     00338c10  _INT14_ISR           
1     0000c10f  _ISense1             
1     0000c104  _ISense2             
1     0000c103  _ISense3             
1     0000c10a  _ISense4             
1     0000c101  _ISense5             
1     0000c10d  _ISenseU             
1     0000c110  _ISenseW             
0     003397c1  _InitCpuTimers       
0     003393b2  _InitEPwm            
0     003393c0  _InitEPwm1Gpio       
0     0033992b  _InitEPwm2Example    
0     003393d2  _InitEPwm2Gpio       
0     003393e4  _InitEPwm3Gpio       
0     003393f8  _InitEPwm4Gpio       
0     0033940c  _InitEPwm5Gpio       
0     0033941e  _InitEPwm6Gpio       
0     003393b3  _InitEPwmGpio        
0     00339430  _InitEPwmSyncGpio    
0     0033995e  _InitEQep            
0     00339964  _InitEQep1Gpio       
0     0033998e  _InitEQep2Gpio       
0     0033995f  _InitEQepGpio        
0     0000806d  _InitFlash           
0     0033925b  _InitPeripheralClocks
0     00339b82  _InitPieCtrl         
0     00339bcd  _InitPieVectTable    
0     0033920a  _InitPll             
0     003391ef  _InitSysCtrl         
0     00339444  _InitTzGpio          
0     00338f1c  _KEY_A_Onclick       
0     00338f67  _KEY_B_Onclick       
0     00338f7b  _KEY_C_Onclick       
0     00338f89  _KEY_D_Onclick       
0     00338f97  _KEY_E_Onclick       
0     00338fa5  _KEY_F_Onclick       
0     00338fb3  _KEY_G_Onclick       
0     00338fc0  _KEY_H_Onclick       
0     00338ff7  _KEY_IODect          
0     00338fc1  _KEY_SIG_init        
1     0000c0b0  _LCD_BUF_1           
1     0000c080  _LCD_BUF_2           
1     0000c090  _LCD_BUF_3           
1     0000c0a0  _LCD_BUF_4           
0     00338efe  _LUF_ISR             
0     00338ef4  _LVF_ISR             
0     00338dfa  _MRINTA_ISR          
0     00338de6  _MRINTB_ISR          
0     00338e04  _MXINTA_ISR          
0     00338df0  _MXINTB_ISR          
1     00005000  _McbspaRegs          
1     00005040  _McbspbRegs          
0     00339d42  _MemCopy             
0     00338c38  _NMI_ISR             
0     00338f08  _PIE_RESERVED        
1     00380090  _PartIdRegs          
1     00000ce0  _PieCtrlRegs         
1     00000d00  _PieVectTable        
0     00339eea  _PieVectTableInit    
0     00338c24  _RTOSINT_ISR         
0     0032008c  _RamfuncsLoadEnd     
0     00320000  _RamfuncsLoadStart   
0     00008000  _RamfuncsRunStart    
1     0000c106  _ReceivedChar        
0     00338e72  _SCIRXINTA_ISR       
0     00338e86  _SCIRXINTB_ISR       
0     00338e5e  _SCIRXINTC_ISR       
0     00338e7c  _SCITXINTA_ISR       
0     00338e90  _SCITXINTB_ISR       
0     00338e68  _SCITXINTC_ISR       
0     00338cc4  _SEQ1INT_ISR         
0     00338cce  _SEQ2INT_ISR         
0     003392f9  _SID                 
0     00338dd2  _SPIRXINTA_ISR       
0     00338ddc  _SPITXINTA_ISR       
1     0000c020  _SampleTable0        
1     0000c030  _SampleTable1        
1     0000c000  _SampleTable2        
1     0000c010  _SampleTable3        
1     0000c060  _SampleTable4        
1     0000c070  _SampleTable5        
1     0000c040  _SampleTable6        
1     0000c050  _SampleTable7        
1     00007050  _SciaRegs            
1     00007750  _ScibRegs            
1     00007770  _ScicRegs            
0     003391f8  _ServiceDog          
1     00007040  _SpiaRegs            
1     00007010  _SysCtrlRegs         
0     00338cf6  _TINT0_ISR           
0     00338ca6  _USER10_ISR          
0     00338cb0  _USER11_ISR          
0     00338cba  _USER12_ISR          
0     00338c4c  _USER1_ISR           
0     00338c56  _USER2_ISR           
0     00338c60  _USER3_ISR           
0     00338c6a  _USER4_ISR           
0     00338c74  _USER5_ISR           
0     00338c7e  _USER6_ISR           
0     00338c88  _USER7_ISR           
0     00338c92  _USER8_ISR           
0     00338c9c  _USER9_ISR           
1     0000c10e  _VSense_Bus          
0     00338d00  _WAKEINT_ISR         
0     003390ca  _WDT_INIT            
0     00338cd8  _XINT1_ISR           
0     00338ce2  _XINT2_ISR           
0     00338ec2  _XINT3_ISR           
0     00338ecc  _XINT4_ISR           
0     00338ed6  _XINT5_ISR           
0     00338ee0  _XINT6_ISR           
0     00338eea  _XINT7_ISR           
1     00007070  _XIntruptRegs        
1     00000b20  _XintfRegs           
1     00000700  __STACK_END          
abs   00000300  __STACK_SIZE         
1     0000c0fc  ___TI_cleanup_ptr    
1     0000c0fe  ___TI_dtors_ptr      
0     00338b01  ___TI_printfi        
abs   ffffffff  ___binit__           
abs   ffffffff  ___c_args__          
0     0033a066  ___cinit__           
0     00339de7  ___etext__           
abs   ffffffff  ___pinit__           
0     00338000  ___text__            
0     00339ce2  __args_main          
0     00339de8  __ctypes_            
1     0000c12a  __lock               
0     00339dc8  __nop                
0     00339dc4  __register_lock      
0     00339dc0  __register_unlock    
1     00000400  __stack              
1     0000c12c  __unlock             
0     00339cfb  _abort               
1     0000c107  _adc_finish          
0     00339a6b  _atoi                
0     003399b4  _c_int00             
1     0000c0c4  _cap_value           
1     0000c0c2  _cap_value_all       
0     0033936d  _clrddram            
0     00008000  _cpu_timer0_isr      
0     00008019  _cpu_timer1_isr      
0     00008038  _cpu_timer2_isr      
1     0000c10b  _data                
0     0033930a  _delaynms            
1     0000c102  _dir                 
1     0000c109  _duty                
0     003398a6  _ecap5_isr           
0     0033974b  _ecap6_isr           
0     00339d6c  _epwm1_isr           
0     00339d57  _epwm2_isr           
1     0000c133  _errno               
0     00339cfd  _exit                
1     0000c11a  _freqhz_fr           
1     0000c11c  _freqhz_pr           
0     00339d2c  _frexp               
0     003399fa  _initcputimer        
0     00339907  _initepwmdb2         
0     0033949a  _initeqepspeed1      
0     0033947a  _initspeed1          
0     0033935e  _lcd12864_init       
0     003393a2  _lcd12864_show_str   
0     003392e7  _lcdio               
0     00339a37  _ldexp               
0     00339b00  _ltoa                
0     00339834  _main                
0     00339d8f  _memccpy             
0     00339c6f  _memcpy              
0     00339d9d  _memset              
1     0000c114  _msg                 
1     0000c108  _pwm                 
0     00338f12  _rsvd_ISR            
1     0000c10c  _sec                 
0     00339321  _sendbyte            
0     0033937a  _set_coord           
1     0000c116  _speed_fr            
1     0000c112  _speed_pr            
0     0033949f  _speedcalc           
0     00339a9e  _sprintf             
0     00339da9  _strchr              
0     00339de2  _strcpy              
0     00339dda  _strlen              
1     0000c118  _uptime              
0     00339ad0  _wakeint_isr         
0     00339339  _write               
abs   ffffffff  binit                
0     0033a066  cinit                
0     0033fff6  code_start           
0     00339de7  etext                
abs   ffffffff  pinit                


GLOBAL SYMBOLS: SORTED BY Symbol Address 

page  address   name                 
----  -------   ----                 
0     00008000  _RamfuncsRunStart    
0     00008000  _cpu_timer0_isr      
0     00008019  _cpu_timer1_isr      
0     00008038  _cpu_timer2_isr      
0     0000806d  _InitFlash           
0     00008088  _DSP28x_usDelay      
0     00320000  _RamfuncsLoadStart   
0     0032008c  _RamfuncsLoadEnd     
0     00338000  .text                
0     00338000  ___text__            
0     00338b01  ___TI_printfi        
0     00338c06  _INT13_ISR           
0     00338c10  _INT14_ISR           
0     00338c1a  _DATALOG_ISR         
0     00338c24  _RTOSINT_ISR         
0     00338c2e  _EMUINT_ISR          
0     00338c38  _NMI_ISR             
0     00338c42  _ILLEGAL_ISR         
0     00338c4c  _USER1_ISR           
0     00338c56  _USER2_ISR           
0     00338c60  _USER3_ISR           
0     00338c6a  _USER4_ISR           
0     00338c74  _USER5_ISR           
0     00338c7e  _USER6_ISR           
0     00338c88  _USER7_ISR           
0     00338c92  _USER8_ISR           
0     00338c9c  _USER9_ISR           
0     00338ca6  _USER10_ISR          
0     00338cb0  _USER11_ISR          
0     00338cba  _USER12_ISR          
0     00338cc4  _SEQ1INT_ISR         
0     00338cce  _SEQ2INT_ISR         
0     00338cd8  _XINT1_ISR           
0     00338ce2  _XINT2_ISR           
0     00338cec  _ADCINT_ISR          
0     00338cf6  _TINT0_ISR           
0     00338d00  _WAKEINT_ISR         
0     00338d0a  _EPWM1_TZINT_ISR     
0     00338d14  _EPWM2_TZINT_ISR     
0     00338d1e  _EPWM3_TZINT_ISR     
0     00338d28  _EPWM4_TZINT_ISR     
0     00338d32  _EPWM5_TZINT_ISR     
0     00338d3c  _EPWM6_TZINT_ISR     
0     00338d46  _EPWM1_INT_ISR       
0     00338d50  _EPWM2_INT_ISR       
0     00338d5a  _EPWM3_INT_ISR       
0     00338d64  _EPWM4_INT_ISR       
0     00338d6e  _EPWM5_INT_ISR       
0     00338d78  _EPWM6_INT_ISR       
0     00338d82  _ECAP1_INT_ISR       
0     00338d8c  _ECAP2_INT_ISR       
0     00338d96  _ECAP3_INT_ISR       
0     00338da0  _ECAP4_INT_ISR       
0     00338daa  _ECAP5_INT_ISR       
0     00338db4  _ECAP6_INT_ISR       
0     00338dbe  _EQEP1_INT_ISR       
0     00338dc8  _EQEP2_INT_ISR       
0     00338dd2  _SPIRXINTA_ISR       
0     00338ddc  _SPITXINTA_ISR       
0     00338de6  _MRINTB_ISR          
0     00338df0  _MXINTB_ISR          
0     00338dfa  _MRINTA_ISR          
0     00338e04  _MXINTA_ISR          
0     00338e0e  _DINTCH1_ISR         
0     00338e18  _DINTCH2_ISR         
0     00338e22  _DINTCH3_ISR         
0     00338e2c  _DINTCH4_ISR         
0     00338e36  _DINTCH5_ISR         
0     00338e40  _DINTCH6_ISR         
0     00338e4a  _I2CINT1A_ISR        
0     00338e54  _I2CINT2A_ISR        
0     00338e5e  _SCIRXINTC_ISR       
0     00338e68  _SCITXINTC_ISR       
0     00338e72  _SCIRXINTA_ISR       
0     00338e7c  _SCITXINTA_ISR       
0     00338e86  _SCIRXINTB_ISR       
0     00338e90  _SCITXINTB_ISR       
0     00338e9a  _ECAN0INTA_ISR       
0     00338ea4  _ECAN1INTA_ISR       
0     00338eae  _ECAN0INTB_ISR       
0     00338eb8  _ECAN1INTB_ISR       
0     00338ec2  _XINT3_ISR           
0     00338ecc  _XINT4_ISR           
0     00338ed6  _XINT5_ISR           
0     00338ee0  _XINT6_ISR           
0     00338eea  _XINT7_ISR           
0     00338ef4  _LVF_ISR             
0     00338efe  _LUF_ISR             
0     00338f08  _PIE_RESERVED        
0     00338f12  _rsvd_ISR            
0     00338f1c  _KEY_A_Onclick       
0     00338f67  _KEY_B_Onclick       
0     00338f7b  _KEY_C_Onclick       
0     00338f89  _KEY_D_Onclick       
0     00338f97  _KEY_E_Onclick       
0     00338fa5  _KEY_F_Onclick       
0     00338fb3  _KEY_G_Onclick       
0     00338fc0  _KEY_H_Onclick       
0     00338fc1  _KEY_SIG_init        
0     00338ff7  _KEY_IODect          
0     003390ca  _WDT_INIT            
0     003390e8  LL$$DIV              
0     00339124  LL$$MOD              
0     0033915e  ULL$$DIV             
0     0033918d  ULL$$MOD             
0     003391ef  _InitSysCtrl         
0     003391f8  _ServiceDog          
0     00339202  _DisableDog          
0     0033920a  _InitPll             
0     0033925b  _InitPeripheralClocks
0     003392b6  _CsmUnlock           
0     003392e7  _lcdio               
0     003392f9  _SID                 
0     0033930a  _delaynms            
0     00339321  _sendbyte            
0     00339339  _write               
0     0033935e  _lcd12864_init       
0     0033936d  _clrddram            
0     0033937a  _set_coord           
0     003393a2  _lcd12864_show_str   
0     003393b2  _InitEPwm            
0     003393b3  _InitEPwmGpio        
0     003393c0  _InitEPwm1Gpio       
0     003393d2  _InitEPwm2Gpio       
0     003393e4  _InitEPwm3Gpio       
0     003393f8  _InitEPwm4Gpio       
0     0033940c  _InitEPwm5Gpio       
0     0033941e  _InitEPwm6Gpio       
0     00339430  _InitEPwmSyncGpio    
0     00339444  _InitTzGpio          
0     0033947a  _initspeed1          
0     0033949a  _initeqepspeed1      
0     0033949f  _speedcalc           
0     00339519  FD$$ADD              
0     003395b5  FD$$DIV              
0     00339640  FS$$DIV              
0     003396c8  FD$$MPY              
0     0033974b  _ecap6_isr           
0     003397c1  _InitCpuTimers       
0     003397fa  _ConfigCpuTimer      
0     00339834  _main                
0     003398a6  _ecap5_isr           
0     00339907  _initepwmdb2         
0     0033992b  _InitEPwm2Example    
0     0033995e  _InitEQep            
0     0033995f  _InitEQepGpio        
0     00339964  _InitEQep1Gpio       
0     0033998e  _InitEQep2Gpio       
0     003399b4  _c_int00             
0     003399fa  _initcputimer        
0     00339a37  _ldexp               
0     00339a6b  _atoi                
0     00339a9e  _sprintf             
0     00339ad0  _wakeint_isr         
0     00339b00  _ltoa                
0     00339b2e  FD$$CMP              
0     00339b58  L$$DIV               
0     00339b67  L$$MOD               
0     00339b75  UL$$DIV              
0     00339b7c  UL$$MOD              
0     00339b82  _InitPieCtrl         
0     00339ba1  _EnableInterrupts    
0     00339baa  FD$$TOFS             
0     00339bcd  _InitPieVectTable    
0     00339bef  I$$DIV               
0     00339c00  I$$MOD               
0     00339c11  FD$$TOI              
0     00339c32  FD$$TOL              
0     00339c51  LL$$CMP              
0     00339c63  ULL$$CMP             
0     00339c6f  _memcpy              
0     00339c8d  I$$TOFD              
0     00339caa  FS$$TOFD             
0     00339cc6  L$$TOFD              
0     00339ce2  __args_main          
0     00339cfb  C$$EXIT              
0     00339cfb  _abort               
0     00339cfd  _exit                
0     00339d14  LL$$AND              
0     00339d1c  LL$$OR               
0     00339d24  LL$$XOR              
0     00339d2c  _frexp               
0     00339d42  _MemCopy             
0     00339d57  _epwm2_isr           
0     00339d6c  _epwm1_isr           
0     00339d81  FD$$SUB              
0     00339d8f  _memccpy             
0     00339d9d  _memset              
0     00339da9  _strchr              
0     00339db5  U$$DIV               
0     00339dba  U$$MOD               
0     00339dc0  __register_unlock    
0     00339dc4  __register_lock      
0     00339dc8  __nop                
0     00339dc9  FD$$NEG              
0     00339dda  _strlen              
0     00339de2  _strcpy              
0     00339de7  ___etext__           
0     00339de7  etext                
0     00339de8  __ctypes_            
0     00339eea  _PieVectTableInit    
0     0033a066  ___cinit__           
0     0033a066  cinit                
0     0033fff6  code_start           
0     00380080  _ADC_cal             
1     00000400  __stack              
1     00000700  __STACK_END          
1     00000880  _DevEmuRegs          
1     00000a80  _FlashRegs           
1     00000ae0  _CsmRegs             
1     00000b00  _AdcMirror           
1     00000b20  _XintfRegs           
1     00000c00  _CpuTimer0Regs       
1     00000c08  _CpuTimer1Regs       
1     00000c10  _CpuTimer2Regs       
1     00000ce0  _PieCtrlRegs         
1     00000d00  _PieVectTable        
1     00001000  _DmaRegs             
1     00005000  _McbspaRegs          
1     00005040  _McbspbRegs          
1     00006000  _ECanaRegs           
1     00006040  _ECanaLAMRegs        
1     00006080  _ECanaMOTSRegs       
1     000060c0  _ECanaMOTORegs       
1     00006100  _ECanaMboxes         
1     00006200  _ECanbRegs           
1     00006240  _ECanbLAMRegs        
1     00006280  _ECanbMOTSRegs       
1     000062c0  _ECanbMOTORegs       
1     00006300  _ECanbMboxes         
1     00006800  _EPwm1Regs           
1     00006840  _EPwm2Regs           
1     00006880  _EPwm3Regs           
1     000068c0  _EPwm4Regs           
1     00006900  _EPwm5Regs           
1     00006940  _EPwm6Regs           
1     00006a00  _ECap1Regs           
1     00006a20  _ECap2Regs           
1     00006a40  _ECap3Regs           
1     00006a60  _ECap4Regs           
1     00006a80  _ECap5Regs           
1     00006aa0  _ECap6Regs           
1     00006b00  _EQep1Regs           
1     00006b40  _EQep2Regs           
1     00006f80  _GpioCtrlRegs        
1     00006fc0  _GpioDataRegs        
1     00006fe0  _GpioIntRegs         
1     00007010  _SysCtrlRegs         
1     00007040  _SpiaRegs            
1     00007050  _SciaRegs            
1     00007070  _XIntruptRegs        
1     00007100  _AdcRegs             
1     00007750  _ScibRegs            
1     00007770  _ScicRegs            
1     00007900  _I2caRegs            
1     0000c000  _SampleTable2        
1     0000c010  _SampleTable3        
1     0000c020  _SampleTable0        
1     0000c030  _SampleTable1        
1     0000c040  _SampleTable6        
1     0000c050  _SampleTable7        
1     0000c060  _SampleTable4        
1     0000c070  _SampleTable5        
1     0000c080  _LCD_BUF_2           
1     0000c090  _LCD_BUF_3           
1     0000c0a0  _LCD_BUF_4           
1     0000c0b0  _LCD_BUF_1           
1     0000c0c2  _cap_value_all       
1     0000c0c4  _cap_value           
1     0000c0e4  _CpuTimer1           
1     0000c0ec  _CpuTimer2           
1     0000c0f4  _CpuTimer0           
1     0000c0fc  ___TI_cleanup_ptr    
1     0000c0fe  ___TI_dtors_ptr      
1     0000c100  _Freq_cap            
1     0000c101  _ISense5             
1     0000c102  _dir                 
1     0000c103  _ISense3             
1     0000c104  _ISense2             
1     0000c105  _Freq_cap_hall       
1     0000c106  _ReceivedChar        
1     0000c107  _adc_finish          
1     0000c108  _pwm                 
1     0000c109  _duty                
1     0000c10a  _ISense4             
1     0000c10b  _data                
1     0000c10c  _sec                 
1     0000c10d  _ISenseU             
1     0000c10e  _VSense_Bus          
1     0000c10f  _ISense1             
1     0000c110  _ISenseW             
1     0000c112  _speed_pr            
1     0000c114  _msg                 
1     0000c116  _speed_fr            
1     0000c118  _uptime              
1     0000c11a  _freqhz_fr           
1     0000c11c  _freqhz_pr           
1     0000c127  _EPWM2_STEP_ten      
1     0000c128  _EPWM2_STEP_one      
1     0000c129  _EPWM2_STEP_zero_one 
1     0000c12a  __lock               
1     0000c12c  __unlock             
1     0000c133  _errno               
1     0033fff8  _CsmPwl              
1     00380090  _PartIdRegs          
abs   00000300  __STACK_SIZE         
abs   ffffffff  ___binit__           
abs   ffffffff  ___c_args__          
abs   ffffffff  ___pinit__           
abs   ffffffff  binit                
abs   ffffffff  pinit                

[311 symbols]
