<?xml version="1.0"?>
<link_info>
   <banner>TMS320C2000 Linker PC v6.4.2</banner>
   <copyright>Copyright (c) 1996-2015 Texas Instruments Incorporated</copyright>
   <link_time>0x56948ef0</link_time>
   <link_errors>0x0</link_errors>
   <output_file>testproject28335.out</output_file>
   <entry_point>
      <name>_c_int00</name>
      <address>0x3399b4</address>
   </entry_point>
   <input_file_list>
      <input_file id="fl-2">
         <path>.\</path>
         <kind>object</kind>
         <file>DSP2833x_ADC_cal.obj</file>
         <name>DSP2833x_ADC_cal.obj</name>
      </input_file>
      <input_file id="fl-3">
         <path>.\</path>
         <kind>object</kind>
         <file>DSP2833x_Adc.obj</file>
         <name>DSP2833x_Adc.obj</name>
      </input_file>
      <input_file id="fl-4">
         <path>.\</path>
         <kind>object</kind>
         <file>DSP2833x_CodeStartBranch.obj</file>
         <name>DSP2833x_CodeStartBranch.obj</name>
      </input_file>
      <input_file id="fl-5">
         <path>.\</path>
         <kind>object</kind>
         <file>DSP2833x_CpuTimers.obj</file>
         <name>DSP2833x_CpuTimers.obj</name>
      </input_file>
      <input_file id="fl-6">
         <path>.\</path>
         <kind>object</kind>
         <file>DSP2833x_DefaultIsr.obj</file>
         <name>DSP2833x_DefaultIsr.obj</name>
      </input_file>
      <input_file id="fl-7">
         <path>.\</path>
         <kind>object</kind>
         <file>DSP2833x_ECap.obj</file>
         <name>DSP2833x_ECap.obj</name>
      </input_file>
      <input_file id="fl-8">
         <path>.\</path>
         <kind>object</kind>
         <file>DSP2833x_EPwm.obj</file>
         <name>DSP2833x_EPwm.obj</name>
      </input_file>
      <input_file id="fl-9">
         <path>.\</path>
         <kind>object</kind>
         <file>DSP2833x_EQep.obj</file>
         <name>DSP2833x_EQep.obj</name>
      </input_file>
      <input_file id="fl-a">
         <path>.\</path>
         <kind>object</kind>
         <file>DSP2833x_GlobalVariableDefs.obj</file>
         <name>DSP2833x_GlobalVariableDefs.obj</name>
      </input_file>
      <input_file id="fl-b">
         <path>.\</path>
         <kind>object</kind>
         <file>DSP2833x_Gpio.obj</file>
         <name>DSP2833x_Gpio.obj</name>
      </input_file>
      <input_file id="fl-c">
         <path>.\</path>
         <kind>object</kind>
         <file>DSP2833x_MemCopy.obj</file>
         <name>DSP2833x_MemCopy.obj</name>
      </input_file>
      <input_file id="fl-d">
         <path>.\</path>
         <kind>object</kind>
         <file>DSP2833x_PieCtrl.obj</file>
         <name>DSP2833x_PieCtrl.obj</name>
      </input_file>
      <input_file id="fl-e">
         <path>.\</path>
         <kind>object</kind>
         <file>DSP2833x_PieVect.obj</file>
         <name>DSP2833x_PieVect.obj</name>
      </input_file>
      <input_file id="fl-f">
         <path>.\</path>
         <kind>object</kind>
         <file>DSP2833x_Sci.obj</file>
         <name>DSP2833x_Sci.obj</name>
      </input_file>
      <input_file id="fl-10">
         <path>.\</path>
         <kind>object</kind>
         <file>DSP2833x_Spi.obj</file>
         <name>DSP2833x_Spi.obj</name>
      </input_file>
      <input_file id="fl-11">
         <path>.\</path>
         <kind>object</kind>
         <file>DSP2833x_SysCtrl.obj</file>
         <name>DSP2833x_SysCtrl.obj</name>
      </input_file>
      <input_file id="fl-12">
         <path>.\</path>
         <kind>object</kind>
         <file>DSP2833x_usDelay.obj</file>
         <name>DSP2833x_usDelay.obj</name>
      </input_file>
      <input_file id="fl-13">
         <path>.\</path>
         <kind>object</kind>
         <file>adc.obj</file>
         <name>adc.obj</name>
      </input_file>
      <input_file id="fl-14">
         <path>.\</path>
         <kind>object</kind>
         <file>at25512.obj</file>
         <name>at25512.obj</name>
      </input_file>
      <input_file id="fl-15">
         <path>.\</path>
         <kind>object</kind>
         <file>cap5.obj</file>
         <name>cap5.obj</name>
      </input_file>
      <input_file id="fl-16">
         <path>.\</path>
         <kind>object</kind>
         <file>cap6.obj</file>
         <name>cap6.obj</name>
      </input_file>
      <input_file id="fl-17">
         <path>.\</path>
         <kind>object</kind>
         <file>cuptimer.obj</file>
         <name>cuptimer.obj</name>
      </input_file>
      <input_file id="fl-18">
         <path>.\</path>
         <kind>object</kind>
         <file>epwmdb2.obj</file>
         <name>epwmdb2.obj</name>
      </input_file>
      <input_file id="fl-19">
         <path>.\</path>
         <kind>object</kind>
         <file>eqepwm1.obj</file>
         <name>eqepwm1.obj</name>
      </input_file>
      <input_file id="fl-1a">
         <path>.\</path>
         <kind>object</kind>
         <file>freq.obj</file>
         <name>freq.obj</name>
      </input_file>
      <input_file id="fl-1b">
         <path>.\</path>
         <kind>object</kind>
         <file>gpio48.obj</file>
         <name>gpio48.obj</name>
      </input_file>
      <input_file id="fl-1c">
         <path>.\</path>
         <kind>object</kind>
         <file>key14.obj</file>
         <name>key14.obj</name>
      </input_file>
      <input_file id="fl-1d">
         <path>.\</path>
         <kind>object</kind>
         <file>key34.obj</file>
         <name>key34.obj</name>
      </input_file>
      <input_file id="fl-1e">
         <path>.\</path>
         <kind>object</kind>
         <file>lcd12864spi.obj</file>
         <name>lcd12864spi.obj</name>
      </input_file>
      <input_file id="fl-1f">
         <path>.\</path>
         <kind>object</kind>
         <file>main.obj</file>
         <name>main.obj</name>
      </input_file>
      <input_file id="fl-20">
         <path>.\</path>
         <kind>object</kind>
         <file>sci.obj</file>
         <name>sci.obj</name>
      </input_file>
      <input_file id="fl-21">
         <path>.\</path>
         <kind>object</kind>
         <file>speed.obj</file>
         <name>speed.obj</name>
      </input_file>
      <input_file id="fl-28">
         <path>E:\ti\ccsv6\tools\compiler\ti-cgt-c2000_6.4.2\lib\</path>
         <kind>archive</kind>
         <file>rts2800_fpu32.lib</file>
         <name>boot.obj</name>
      </input_file>
      <input_file id="fl-29">
         <path>E:\ti\ccsv6\tools\compiler\ti-cgt-c2000_6.4.2\lib\</path>
         <kind>archive</kind>
         <file>rts2800_fpu32.lib</file>
         <name>exit.obj</name>
      </input_file>
      <input_file id="fl-2a">
         <path>E:\ti\ccsv6\tools\compiler\ti-cgt-c2000_6.4.2\lib\</path>
         <kind>archive</kind>
         <file>rts2800_fpu32.lib</file>
         <name>fs_div.obj</name>
      </input_file>
      <input_file id="fl-2b">
         <path>E:\ti\ccsv6\tools\compiler\ti-cgt-c2000_6.4.2\lib\</path>
         <kind>archive</kind>
         <file>rts2800_fpu32.lib</file>
         <name>i_div.obj</name>
      </input_file>
      <input_file id="fl-2c">
         <path>E:\ti\ccsv6\tools\compiler\ti-cgt-c2000_6.4.2\lib\</path>
         <kind>archive</kind>
         <file>rts2800_fpu32.lib</file>
         <name>l_div.obj</name>
      </input_file>
      <input_file id="fl-2d">
         <path>E:\ti\ccsv6\tools\compiler\ti-cgt-c2000_6.4.2\lib\</path>
         <kind>archive</kind>
         <file>rts2800_fpu32.lib</file>
         <name>_lock.obj</name>
      </input_file>
      <input_file id="fl-2e">
         <path>E:\ti\ccsv6\tools\compiler\ti-cgt-c2000_6.4.2\lib\</path>
         <kind>archive</kind>
         <file>rts2800_fpu32.lib</file>
         <name>sprintf.obj</name>
      </input_file>
      <input_file id="fl-2f">
         <path>E:\ti\ccsv6\tools\compiler\ti-cgt-c2000_6.4.2\lib\</path>
         <kind>archive</kind>
         <file>rts2800_fpu32.lib</file>
         <name>u_div.obj</name>
      </input_file>
      <input_file id="fl-30">
         <path>E:\ti\ccsv6\tools\compiler\ti-cgt-c2000_6.4.2\lib\</path>
         <kind>archive</kind>
         <file>rts2800_fpu32.lib</file>
         <name>args_main.obj</name>
      </input_file>
      <input_file id="fl-31">
         <path>E:\ti\ccsv6\tools\compiler\ti-cgt-c2000_6.4.2\lib\</path>
         <kind>archive</kind>
         <file>rts2800_fpu32.lib</file>
         <name>memcpy.obj</name>
      </input_file>
      <input_file id="fl-32">
         <path>E:\ti\ccsv6\tools\compiler\ti-cgt-c2000_6.4.2\lib\</path>
         <kind>archive</kind>
         <file>rts2800_fpu32.lib</file>
         <name>_printfi.obj</name>
      </input_file>
      <input_file id="fl-33">
         <path>E:\ti\ccsv6\tools\compiler\ti-cgt-c2000_6.4.2\lib\</path>
         <kind>archive</kind>
         <file>rts2800_fpu32.lib</file>
         <name>strchr.obj</name>
      </input_file>
      <input_file id="fl-34">
         <path>E:\ti\ccsv6\tools\compiler\ti-cgt-c2000_6.4.2\lib\</path>
         <kind>archive</kind>
         <file>rts2800_fpu32.lib</file>
         <name>strcpy.obj</name>
      </input_file>
      <input_file id="fl-35">
         <path>E:\ti\ccsv6\tools\compiler\ti-cgt-c2000_6.4.2\lib\</path>
         <kind>archive</kind>
         <file>rts2800_fpu32.lib</file>
         <name>strlen.obj</name>
      </input_file>
      <input_file id="fl-36">
         <path>E:\ti\ccsv6\tools\compiler\ti-cgt-c2000_6.4.2\lib\</path>
         <kind>archive</kind>
         <file>rts2800_fpu32.lib</file>
         <name>atoi.obj</name>
      </input_file>
      <input_file id="fl-37">
         <path>E:\ti\ccsv6\tools\compiler\ti-cgt-c2000_6.4.2\lib\</path>
         <kind>archive</kind>
         <file>rts2800_fpu32.lib</file>
         <name>ctype.obj</name>
      </input_file>
      <input_file id="fl-38">
         <path>E:\ti\ccsv6\tools\compiler\ti-cgt-c2000_6.4.2\lib\</path>
         <kind>archive</kind>
         <file>rts2800_fpu32.lib</file>
         <name>fd_cmp.obj</name>
      </input_file>
      <input_file id="fl-39">
         <path>E:\ti\ccsv6\tools\compiler\ti-cgt-c2000_6.4.2\lib\</path>
         <kind>archive</kind>
         <file>rts2800_fpu32.lib</file>
         <name>fd_div.obj</name>
      </input_file>
      <input_file id="fl-3a">
         <path>E:\ti\ccsv6\tools\compiler\ti-cgt-c2000_6.4.2\lib\</path>
         <kind>archive</kind>
         <file>rts2800_fpu32.lib</file>
         <name>fd_mpy.obj</name>
      </input_file>
      <input_file id="fl-3b">
         <path>E:\ti\ccsv6\tools\compiler\ti-cgt-c2000_6.4.2\lib\</path>
         <kind>archive</kind>
         <file>rts2800_fpu32.lib</file>
         <name>fd_neg.obj</name>
      </input_file>
      <input_file id="fl-3c">
         <path>E:\ti\ccsv6\tools\compiler\ti-cgt-c2000_6.4.2\lib\</path>
         <kind>archive</kind>
         <file>rts2800_fpu32.lib</file>
         <name>fd_sub.obj</name>
      </input_file>
      <input_file id="fl-3d">
         <path>E:\ti\ccsv6\tools\compiler\ti-cgt-c2000_6.4.2\lib\</path>
         <kind>archive</kind>
         <file>rts2800_fpu32.lib</file>
         <name>fd_tofs.obj</name>
      </input_file>
      <input_file id="fl-3e">
         <path>E:\ti\ccsv6\tools\compiler\ti-cgt-c2000_6.4.2\lib\</path>
         <kind>archive</kind>
         <file>rts2800_fpu32.lib</file>
         <name>fd_toi.obj</name>
      </input_file>
      <input_file id="fl-3f">
         <path>E:\ti\ccsv6\tools\compiler\ti-cgt-c2000_6.4.2\lib\</path>
         <kind>archive</kind>
         <file>rts2800_fpu32.lib</file>
         <name>fd_tol.obj</name>
      </input_file>
      <input_file id="fl-40">
         <path>E:\ti\ccsv6\tools\compiler\ti-cgt-c2000_6.4.2\lib\</path>
         <kind>archive</kind>
         <file>rts2800_fpu32.lib</file>
         <name>frexp.obj</name>
      </input_file>
      <input_file id="fl-41">
         <path>E:\ti\ccsv6\tools\compiler\ti-cgt-c2000_6.4.2\lib\</path>
         <kind>archive</kind>
         <file>rts2800_fpu32.lib</file>
         <name>fs_tofd.obj</name>
      </input_file>
      <input_file id="fl-42">
         <path>E:\ti\ccsv6\tools\compiler\ti-cgt-c2000_6.4.2\lib\</path>
         <kind>archive</kind>
         <file>rts2800_fpu32.lib</file>
         <name>i_tofd.obj</name>
      </input_file>
      <input_file id="fl-43">
         <path>E:\ti\ccsv6\tools\compiler\ti-cgt-c2000_6.4.2\lib\</path>
         <kind>archive</kind>
         <file>rts2800_fpu32.lib</file>
         <name>ldexp.obj</name>
      </input_file>
      <input_file id="fl-44">
         <path>E:\ti\ccsv6\tools\compiler\ti-cgt-c2000_6.4.2\lib\</path>
         <kind>archive</kind>
         <file>rts2800_fpu32.lib</file>
         <name>ll_aox.obj</name>
      </input_file>
      <input_file id="fl-45">
         <path>E:\ti\ccsv6\tools\compiler\ti-cgt-c2000_6.4.2\lib\</path>
         <kind>archive</kind>
         <file>rts2800_fpu32.lib</file>
         <name>ll_cmp.obj</name>
      </input_file>
      <input_file id="fl-46">
         <path>E:\ti\ccsv6\tools\compiler\ti-cgt-c2000_6.4.2\lib\</path>
         <kind>archive</kind>
         <file>rts2800_fpu32.lib</file>
         <name>ll_div.obj</name>
      </input_file>
      <input_file id="fl-47">
         <path>E:\ti\ccsv6\tools\compiler\ti-cgt-c2000_6.4.2\lib\</path>
         <kind>archive</kind>
         <file>rts2800_fpu32.lib</file>
         <name>ltoa.obj</name>
      </input_file>
      <input_file id="fl-48">
         <path>E:\ti\ccsv6\tools\compiler\ti-cgt-c2000_6.4.2\lib\</path>
         <kind>archive</kind>
         <file>rts2800_fpu32.lib</file>
         <name>l_tofd.obj</name>
      </input_file>
      <input_file id="fl-49">
         <path>E:\ti\ccsv6\tools\compiler\ti-cgt-c2000_6.4.2\lib\</path>
         <kind>archive</kind>
         <file>rts2800_fpu32.lib</file>
         <name>memccpy.obj</name>
      </input_file>
      <input_file id="fl-4a">
         <path>E:\ti\ccsv6\tools\compiler\ti-cgt-c2000_6.4.2\lib\</path>
         <kind>archive</kind>
         <file>rts2800_fpu32.lib</file>
         <name>memset.obj</name>
      </input_file>
      <input_file id="fl-4b">
         <path>E:\ti\ccsv6\tools\compiler\ti-cgt-c2000_6.4.2\lib\</path>
         <kind>archive</kind>
         <file>rts2800_fpu32.lib</file>
         <name>errno.obj</name>
      </input_file>
      <input_file id="fl-4c">
         <path>E:\ti\ccsv6\tools\compiler\ti-cgt-c2000_6.4.2\lib\</path>
         <kind>archive</kind>
         <file>rts2800_fpu32.lib</file>
         <name>fd_add.obj</name>
      </input_file>
   </input_file_list>
   <object_component_list>
      <object_component id="oc-aa">
         <name>PieVectTableFile</name>
         <uninitialized>true</uninitialized>
         <run_address>0xd00</run_address>
         <size>0x100</size>
         <input_file_ref idref="fl-a"/>
      </object_component>
      <object_component id="oc-a6">
         <name>DevEmuRegsFile</name>
         <uninitialized>true</uninitialized>
         <run_address>0x880</run_address>
         <size>0xd0</size>
         <input_file_ref idref="fl-a"/>
      </object_component>
      <object_component id="oc-7c">
         <name>FlashRegsFile</name>
         <uninitialized>true</uninitialized>
         <run_address>0xa80</run_address>
         <size>0x8</size>
         <input_file_ref idref="fl-a"/>
      </object_component>
      <object_component id="oc-84">
         <name>CsmRegsFile</name>
         <uninitialized>true</uninitialized>
         <run_address>0xae0</run_address>
         <size>0x10</size>
         <input_file_ref idref="fl-a"/>
      </object_component>
      <object_component id="oc-85">
         <name>AdcMirrorFile</name>
         <uninitialized>true</uninitialized>
         <run_address>0xb00</run_address>
         <size>0x10</size>
         <input_file_ref idref="fl-a"/>
      </object_component>
      <object_component id="oc-89">
         <name>XintfRegsFile</name>
         <uninitialized>true</uninitialized>
         <run_address>0xb20</run_address>
         <size>0x1e</size>
         <input_file_ref idref="fl-a"/>
      </object_component>
      <object_component id="oc-7d">
         <name>CpuTimer0RegsFile</name>
         <uninitialized>true</uninitialized>
         <run_address>0xc00</run_address>
         <size>0x8</size>
         <input_file_ref idref="fl-a"/>
      </object_component>
      <object_component id="oc-7e">
         <name>CpuTimer1RegsFile</name>
         <uninitialized>true</uninitialized>
         <run_address>0xc08</run_address>
         <size>0x8</size>
         <input_file_ref idref="fl-a"/>
      </object_component>
      <object_component id="oc-7a">
         <name>CpuTimer2RegsFile</name>
         <uninitialized>true</uninitialized>
         <run_address>0xc10</run_address>
         <size>0x8</size>
         <input_file_ref idref="fl-a"/>
      </object_component>
      <object_component id="oc-87">
         <name>PieCtrlRegsFile</name>
         <uninitialized>true</uninitialized>
         <run_address>0xce0</run_address>
         <size>0x1a</size>
         <input_file_ref idref="fl-a"/>
      </object_component>
      <object_component id="oc-a7">
         <name>DmaRegsFile</name>
         <uninitialized>true</uninitialized>
         <run_address>0x1000</run_address>
         <size>0xe0</size>
         <input_file_ref idref="fl-a"/>
      </object_component>
      <object_component id="oc-9a">
         <name>McbspaRegsFile</name>
         <uninitialized>true</uninitialized>
         <run_address>0x5000</run_address>
         <size>0x25</size>
         <input_file_ref idref="fl-a"/>
      </object_component>
      <object_component id="oc-99">
         <name>McbspbRegsFile</name>
         <uninitialized>true</uninitialized>
         <run_address>0x5040</run_address>
         <size>0x25</size>
         <input_file_ref idref="fl-a"/>
      </object_component>
      <object_component id="oc-9c">
         <name>ECanaRegsFile</name>
         <uninitialized>true</uninitialized>
         <run_address>0x6000</run_address>
         <size>0x34</size>
         <input_file_ref idref="fl-a"/>
      </object_component>
      <object_component id="oc-a0">
         <name>ECanaLAMRegsFile</name>
         <uninitialized>true</uninitialized>
         <run_address>0x6040</run_address>
         <size>0x40</size>
         <input_file_ref idref="fl-a"/>
      </object_component>
      <object_component id="oc-a9">
         <name>ECanaMboxesFile</name>
         <uninitialized>true</uninitialized>
         <run_address>0x6100</run_address>
         <size>0x100</size>
         <input_file_ref idref="fl-a"/>
      </object_component>
      <object_component id="oc-a1">
         <name>ECanaMOTSRegsFile</name>
         <uninitialized>true</uninitialized>
         <run_address>0x6080</run_address>
         <size>0x40</size>
         <input_file_ref idref="fl-a"/>
      </object_component>
      <object_component id="oc-9e">
         <name>ECanaMOTORegsFile</name>
         <uninitialized>true</uninitialized>
         <run_address>0x60c0</run_address>
         <size>0x40</size>
         <input_file_ref idref="fl-a"/>
      </object_component>
      <object_component id="oc-9d">
         <name>ECanbRegsFile</name>
         <uninitialized>true</uninitialized>
         <run_address>0x6200</run_address>
         <size>0x34</size>
         <input_file_ref idref="fl-a"/>
      </object_component>
      <object_component id="oc-a5">
         <name>ECanbLAMRegsFile</name>
         <uninitialized>true</uninitialized>
         <run_address>0x6240</run_address>
         <size>0x40</size>
         <input_file_ref idref="fl-a"/>
      </object_component>
      <object_component id="oc-a8">
         <name>ECanbMboxesFile</name>
         <uninitialized>true</uninitialized>
         <run_address>0x6300</run_address>
         <size>0x100</size>
         <input_file_ref idref="fl-a"/>
      </object_component>
      <object_component id="oc-9f">
         <name>ECanbMOTSRegsFile</name>
         <uninitialized>true</uninitialized>
         <run_address>0x6280</run_address>
         <size>0x40</size>
         <input_file_ref idref="fl-a"/>
      </object_component>
      <object_component id="oc-a2">
         <name>ECanbMOTORegsFile</name>
         <uninitialized>true</uninitialized>
         <run_address>0x62c0</run_address>
         <size>0x40</size>
         <input_file_ref idref="fl-a"/>
      </object_component>
      <object_component id="oc-97">
         <name>EPwm1RegsFile</name>
         <uninitialized>true</uninitialized>
         <run_address>0x6800</run_address>
         <size>0x22</size>
         <input_file_ref idref="fl-a"/>
      </object_component>
      <object_component id="oc-92">
         <name>EPwm2RegsFile</name>
         <uninitialized>true</uninitialized>
         <run_address>0x6840</run_address>
         <size>0x22</size>
         <input_file_ref idref="fl-a"/>
      </object_component>
      <object_component id="oc-93">
         <name>EPwm3RegsFile</name>
         <uninitialized>true</uninitialized>
         <run_address>0x6880</run_address>
         <size>0x22</size>
         <input_file_ref idref="fl-a"/>
      </object_component>
      <object_component id="oc-98">
         <name>EPwm4RegsFile</name>
         <uninitialized>true</uninitialized>
         <run_address>0x68c0</run_address>
         <size>0x22</size>
         <input_file_ref idref="fl-a"/>
      </object_component>
      <object_component id="oc-95">
         <name>EPwm5RegsFile</name>
         <uninitialized>true</uninitialized>
         <run_address>0x6900</run_address>
         <size>0x22</size>
         <input_file_ref idref="fl-a"/>
      </object_component>
      <object_component id="oc-96">
         <name>EPwm6RegsFile</name>
         <uninitialized>true</uninitialized>
         <run_address>0x6940</run_address>
         <size>0x22</size>
         <input_file_ref idref="fl-a"/>
      </object_component>
      <object_component id="oc-8c">
         <name>ECap1RegsFile</name>
         <uninitialized>true</uninitialized>
         <run_address>0x6a00</run_address>
         <size>0x20</size>
         <input_file_ref idref="fl-a"/>
      </object_component>
      <object_component id="oc-8d">
         <name>ECap2RegsFile</name>
         <uninitialized>true</uninitialized>
         <run_address>0x6a20</run_address>
         <size>0x20</size>
         <input_file_ref idref="fl-a"/>
      </object_component>
      <object_component id="oc-8a">
         <name>ECap3RegsFile</name>
         <uninitialized>true</uninitialized>
         <run_address>0x6a40</run_address>
         <size>0x20</size>
         <input_file_ref idref="fl-a"/>
      </object_component>
      <object_component id="oc-8b">
         <name>ECap4RegsFile</name>
         <uninitialized>true</uninitialized>
         <run_address>0x6a60</run_address>
         <size>0x20</size>
         <input_file_ref idref="fl-a"/>
      </object_component>
      <object_component id="oc-90">
         <name>ECap5RegsFile</name>
         <uninitialized>true</uninitialized>
         <run_address>0x6a80</run_address>
         <size>0x20</size>
         <input_file_ref idref="fl-a"/>
      </object_component>
      <object_component id="oc-91">
         <name>ECap6RegsFile</name>
         <uninitialized>true</uninitialized>
         <run_address>0x6aa0</run_address>
         <size>0x20</size>
         <input_file_ref idref="fl-a"/>
      </object_component>
      <object_component id="oc-a3">
         <name>EQep1RegsFile</name>
         <uninitialized>true</uninitialized>
         <run_address>0x6b00</run_address>
         <size>0x40</size>
         <input_file_ref idref="fl-a"/>
      </object_component>
      <object_component id="oc-a4">
         <name>EQep2RegsFile</name>
         <uninitialized>true</uninitialized>
         <run_address>0x6b40</run_address>
         <size>0x40</size>
         <input_file_ref idref="fl-a"/>
      </object_component>
      <object_component id="oc-9b">
         <name>GpioCtrlRegsFile</name>
         <uninitialized>true</uninitialized>
         <run_address>0x6f80</run_address>
         <size>0x2e</size>
         <input_file_ref idref="fl-a"/>
      </object_component>
      <object_component id="oc-8e">
         <name>GpioDataRegsFile</name>
         <uninitialized>true</uninitialized>
         <run_address>0x6fc0</run_address>
         <size>0x20</size>
         <input_file_ref idref="fl-a"/>
      </object_component>
      <object_component id="oc-7f">
         <name>GpioIntRegsFile</name>
         <uninitialized>true</uninitialized>
         <run_address>0x6fe0</run_address>
         <size>0xa</size>
         <input_file_ref idref="fl-a"/>
      </object_component>
      <object_component id="oc-8f">
         <name>SysCtrlRegsFile</name>
         <uninitialized>true</uninitialized>
         <run_address>0x7010</run_address>
         <size>0x20</size>
         <input_file_ref idref="fl-a"/>
      </object_component>
      <object_component id="oc-80">
         <name>SpiaRegsFile</name>
         <uninitialized>true</uninitialized>
         <run_address>0x7040</run_address>
         <size>0x10</size>
         <input_file_ref idref="fl-a"/>
      </object_component>
      <object_component id="oc-83">
         <name>SciaRegsFile</name>
         <uninitialized>true</uninitialized>
         <run_address>0x7050</run_address>
         <size>0x10</size>
         <input_file_ref idref="fl-a"/>
      </object_component>
      <object_component id="oc-86">
         <name>XIntruptRegsFile</name>
         <uninitialized>true</uninitialized>
         <run_address>0x7070</run_address>
         <size>0x10</size>
         <input_file_ref idref="fl-a"/>
      </object_component>
      <object_component id="oc-88">
         <name>AdcRegsFile</name>
         <uninitialized>true</uninitialized>
         <run_address>0x7100</run_address>
         <size>0x1e</size>
         <input_file_ref idref="fl-a"/>
      </object_component>
      <object_component id="oc-81">
         <name>ScibRegsFile</name>
         <uninitialized>true</uninitialized>
         <run_address>0x7750</run_address>
         <size>0x10</size>
         <input_file_ref idref="fl-a"/>
      </object_component>
      <object_component id="oc-82">
         <name>ScicRegsFile</name>
         <uninitialized>true</uninitialized>
         <run_address>0x7770</run_address>
         <size>0x10</size>
         <input_file_ref idref="fl-a"/>
      </object_component>
      <object_component id="oc-94">
         <name>I2caRegsFile</name>
         <uninitialized>true</uninitialized>
         <run_address>0x7900</run_address>
         <size>0x22</size>
         <input_file_ref idref="fl-a"/>
      </object_component>
      <object_component id="oc-7b">
         <name>CsmPwlFile</name>
         <uninitialized>true</uninitialized>
         <run_address>0x33fff8</run_address>
         <size>0x8</size>
         <input_file_ref idref="fl-a"/>
      </object_component>
      <object_component id="oc-79">
         <name>PartIdRegsFile</name>
         <uninitialized>true</uninitialized>
         <run_address>0x380090</run_address>
         <size>0x1</size>
         <input_file_ref idref="fl-a"/>
      </object_component>
      <object_component id="oc-125">
         <name>.cinit</name>
         <load_address>0x33a066</load_address>
         <run_address>0x33a066</run_address>
         <size>0x5d</size>
         <input_file_ref idref="fl-1f"/>
      </object_component>
      <object_component id="oc-111">
         <name>.cinit</name>
         <load_address>0x33a0c3</load_address>
         <run_address>0x33a0c3</run_address>
         <size>0x24</size>
         <input_file_ref idref="fl-1c"/>
      </object_component>
      <object_component id="oc-11e">
         <name>.cinit</name>
         <load_address>0x33a0e7</load_address>
         <run_address>0x33a0e7</run_address>
         <size>0x10</size>
         <input_file_ref idref="fl-1e"/>
      </object_component>
      <object_component id="oc-f7">
         <name>.cinit</name>
         <load_address>0x33a0f7</load_address>
         <run_address>0x33a0f7</run_address>
         <size>0xc</size>
         <input_file_ref idref="fl-18"/>
      </object_component>
      <object_component id="oc-13f">
         <name>.cinit</name>
         <load_address>0x33a103</load_address>
         <run_address>0x33a103</run_address>
         <size>0xa</size>
         <input_file_ref idref="fl-29"/>
      </object_component>
      <object_component id="oc-e9">
         <name>.cinit</name>
         <load_address>0x33a10d</load_address>
         <run_address>0x33a10d</run_address>
         <size>0x9</size>
         <input_file_ref idref="fl-16"/>
      </object_component>
      <object_component id="oc-1f8">
         <name>.cinit:__lock</name>
         <load_address>0x33a116</load_address>
         <run_address>0x33a116</run_address>
         <size>0x5</size>
         <input_file_ref idref="fl-2d"/>
      </object_component>
      <object_component id="oc-205">
         <name>.cinit:__unlock</name>
         <load_address>0x33a11b</load_address>
         <run_address>0x33a11b</run_address>
         <size>0x5</size>
         <input_file_ref idref="fl-2d"/>
      </object_component>
      <object_component id="oc-105">
         <name>.cinit</name>
         <load_address>0x33a120</load_address>
         <run_address>0x33a120</run_address>
         <size>0x5</size>
         <input_file_ref idref="fl-1a"/>
      </object_component>
      <object_component id="oc-132">
         <name>.cinit</name>
         <load_address>0x33a125</load_address>
         <run_address>0x33a125</run_address>
         <size>0x5</size>
         <input_file_ref idref="fl-21"/>
      </object_component>
      <object_component id="oc-e1">
         <name>.cinit</name>
         <load_address>0x33a12a</load_address>
         <run_address>0x33a12a</run_address>
         <size>0x4</size>
         <input_file_ref idref="fl-15"/>
      </object_component>
      <object_component id="oc-1ea">
         <name>.cinit</name>
         <load_address>0x33a12e</load_address>
         <run_address>0x33a12e</run_address>
         <size>0x4</size>
         <input_file_ref idref="fl-4b"/>
      </object_component>
      <object_component id="oc-207">
         <name>.text</name>
         <load_address>0x338000</load_address>
         <run_address>0x338000</run_address>
         <size>0xc06</size>
         <input_file_ref idref="fl-32"/>
      </object_component>
      <object_component id="oc-64">
         <name>.text:retain</name>
         <load_address>0x338c06</load_address>
         <run_address>0x338c06</run_address>
         <size>0x316</size>
         <input_file_ref idref="fl-6"/>
      </object_component>
      <object_component id="oc-1f5">
         <name>.text</name>
         <load_address>0x338f1c</load_address>
         <run_address>0x338f1c</run_address>
         <size>0x1cc</size>
         <input_file_ref idref="fl-1c"/>
      </object_component>
      <object_component id="oc-1d0">
         <name>.text</name>
         <load_address>0x3390e8</load_address>
         <run_address>0x3390e8</run_address>
         <size>0x107</size>
         <input_file_ref idref="fl-46"/>
      </object_component>
      <object_component id="oc-1fb">
         <name>.text</name>
         <load_address>0x3391ef</load_address>
         <run_address>0x3391ef</run_address>
         <size>0xf8</size>
         <input_file_ref idref="fl-11"/>
      </object_component>
      <object_component id="oc-200">
         <name>.text</name>
         <load_address>0x3392e7</load_address>
         <run_address>0x3392e7</run_address>
         <size>0xcb</size>
         <input_file_ref idref="fl-1e"/>
      </object_component>
      <object_component id="oc-206">
         <name>.text</name>
         <load_address>0x3393b2</load_address>
         <run_address>0x3393b2</run_address>
         <size>0xc8</size>
         <input_file_ref idref="fl-8"/>
      </object_component>
      <object_component id="oc-1f4">
         <name>.text</name>
         <load_address>0x33947a</load_address>
         <run_address>0x33947a</run_address>
         <size>0x9f</size>
         <input_file_ref idref="fl-21"/>
      </object_component>
      <object_component id="oc-1ed">
         <name>.text</name>
         <load_address>0x339519</load_address>
         <run_address>0x339519</run_address>
         <size>0x9c</size>
         <input_file_ref idref="fl-4c"/>
      </object_component>
      <object_component id="oc-18f">
         <name>.text</name>
         <load_address>0x3395b5</load_address>
         <run_address>0x3395b5</run_address>
         <size>0x8b</size>
         <input_file_ref idref="fl-39"/>
      </object_component>
      <object_component id="oc-145">
         <name>.text</name>
         <load_address>0x339640</load_address>
         <run_address>0x339640</run_address>
         <size>0x88</size>
         <input_file_ref idref="fl-2a"/>
      </object_component>
      <object_component id="oc-194">
         <name>.text</name>
         <load_address>0x3396c8</load_address>
         <run_address>0x3396c8</run_address>
         <size>0x83</size>
         <input_file_ref idref="fl-3a"/>
      </object_component>
      <object_component id="oc-eb">
         <name>.text:retain</name>
         <load_address>0x33974b</load_address>
         <run_address>0x33974b</run_address>
         <size>0x76</size>
         <input_file_ref idref="fl-16"/>
      </object_component>
      <object_component id="oc-1fa">
         <name>.text</name>
         <load_address>0x3397c1</load_address>
         <run_address>0x3397c1</run_address>
         <size>0x73</size>
         <input_file_ref idref="fl-5"/>
      </object_component>
      <object_component id="oc-1f6">
         <name>.text</name>
         <load_address>0x339834</load_address>
         <run_address>0x339834</run_address>
         <size>0x72</size>
         <input_file_ref idref="fl-1f"/>
      </object_component>
      <object_component id="oc-e3">
         <name>.text:retain</name>
         <load_address>0x3398a6</load_address>
         <run_address>0x3398a6</run_address>
         <size>0x61</size>
         <input_file_ref idref="fl-15"/>
      </object_component>
      <object_component id="oc-201">
         <name>.text</name>
         <load_address>0x339907</load_address>
         <run_address>0x339907</run_address>
         <size>0x57</size>
         <input_file_ref idref="fl-18"/>
      </object_component>
      <object_component id="oc-1f9">
         <name>.text</name>
         <load_address>0x33995e</load_address>
         <run_address>0x33995e</run_address>
         <size>0x56</size>
         <input_file_ref idref="fl-9"/>
      </object_component>
      <object_component id="oc-4c">
         <name>.text</name>
         <load_address>0x3399b4</load_address>
         <run_address>0x3399b4</run_address>
         <size>0x46</size>
         <input_file_ref idref="fl-28"/>
      </object_component>
      <object_component id="oc-202">
         <name>.text</name>
         <load_address>0x3399fa</load_address>
         <run_address>0x3399fa</run_address>
         <size>0x3d</size>
         <input_file_ref idref="fl-17"/>
      </object_component>
      <object_component id="oc-20f">
         <name>.text</name>
         <load_address>0x339a37</load_address>
         <run_address>0x339a37</run_address>
         <size>0x34</size>
         <input_file_ref idref="fl-43"/>
      </object_component>
      <object_component id="oc-20a">
         <name>.text</name>
         <load_address>0x339a6b</load_address>
         <run_address>0x339a6b</run_address>
         <size>0x33</size>
         <input_file_ref idref="fl-36"/>
      </object_component>
      <object_component id="oc-203">
         <name>.text</name>
         <load_address>0x339a9e</load_address>
         <run_address>0x339a9e</run_address>
         <size>0x32</size>
         <input_file_ref idref="fl-2e"/>
      </object_component>
      <object_component id="oc-113">
         <name>.text:retain</name>
         <load_address>0x339ad0</load_address>
         <run_address>0x339ad0</run_address>
         <size>0x30</size>
         <input_file_ref idref="fl-1c"/>
      </object_component>
      <object_component id="oc-20c">
         <name>.text</name>
         <load_address>0x339b00</load_address>
         <run_address>0x339b00</run_address>
         <size>0x2e</size>
         <input_file_ref idref="fl-47"/>
      </object_component>
      <object_component id="oc-18a">
         <name>.text</name>
         <load_address>0x339b2e</load_address>
         <run_address>0x339b2e</run_address>
         <size>0x2a</size>
         <input_file_ref idref="fl-38"/>
      </object_component>
      <object_component id="oc-14f">
         <name>.text</name>
         <load_address>0x339b58</load_address>
         <run_address>0x339b58</run_address>
         <size>0x2a</size>
         <input_file_ref idref="fl-2c"/>
      </object_component>
      <object_component id="oc-1fc">
         <name>.text</name>
         <load_address>0x339b82</load_address>
         <run_address>0x339b82</run_address>
         <size>0x28</size>
         <input_file_ref idref="fl-d"/>
      </object_component>
      <object_component id="oc-1a3">
         <name>.text</name>
         <load_address>0x339baa</load_address>
         <run_address>0x339baa</run_address>
         <size>0x23</size>
         <input_file_ref idref="fl-3d"/>
      </object_component>
      <object_component id="oc-1fd">
         <name>.text</name>
         <load_address>0x339bcd</load_address>
         <run_address>0x339bcd</run_address>
         <size>0x22</size>
         <input_file_ref idref="fl-e"/>
      </object_component>
      <object_component id="oc-14a">
         <name>.text</name>
         <load_address>0x339bef</load_address>
         <run_address>0x339bef</run_address>
         <size>0x22</size>
         <input_file_ref idref="fl-2b"/>
      </object_component>
      <object_component id="oc-1a8">
         <name>.text</name>
         <load_address>0x339c11</load_address>
         <run_address>0x339c11</run_address>
         <size>0x21</size>
         <input_file_ref idref="fl-3e"/>
      </object_component>
      <object_component id="oc-1ad">
         <name>.text</name>
         <load_address>0x339c32</load_address>
         <run_address>0x339c32</run_address>
         <size>0x1f</size>
         <input_file_ref idref="fl-3f"/>
      </object_component>
      <object_component id="oc-1cb">
         <name>.text</name>
         <load_address>0x339c51</load_address>
         <run_address>0x339c51</run_address>
         <size>0x1e</size>
         <input_file_ref idref="fl-45"/>
      </object_component>
      <object_component id="oc-208">
         <name>.text</name>
         <load_address>0x339c6f</load_address>
         <run_address>0x339c6f</run_address>
         <size>0x1e</size>
         <input_file_ref idref="fl-31"/>
      </object_component>
      <object_component id="oc-1bc">
         <name>.text</name>
         <load_address>0x339c8d</load_address>
         <run_address>0x339c8d</run_address>
         <size>0x1d</size>
         <input_file_ref idref="fl-42"/>
      </object_component>
      <object_component id="oc-1b7">
         <name>.text</name>
         <load_address>0x339caa</load_address>
         <run_address>0x339caa</run_address>
         <size>0x1c</size>
         <input_file_ref idref="fl-41"/>
      </object_component>
      <object_component id="oc-1da">
         <name>.text</name>
         <load_address>0x339cc6</load_address>
         <run_address>0x339cc6</run_address>
         <size>0x1c</size>
         <input_file_ref idref="fl-48"/>
      </object_component>
      <object_component id="oc-1f2">
         <name>.text</name>
         <load_address>0x339ce2</load_address>
         <run_address>0x339ce2</run_address>
         <size>0x19</size>
         <input_file_ref idref="fl-30"/>
      </object_component>
      <object_component id="oc-1f3">
         <name>.text</name>
         <load_address>0x339cfb</load_address>
         <run_address>0x339cfb</run_address>
         <size>0x19</size>
         <input_file_ref idref="fl-29"/>
      </object_component>
      <object_component id="oc-1c6">
         <name>.text</name>
         <load_address>0x339d14</load_address>
         <run_address>0x339d14</run_address>
         <size>0x18</size>
         <input_file_ref idref="fl-44"/>
      </object_component>
      <object_component id="oc-20e">
         <name>.text</name>
         <load_address>0x339d2c</load_address>
         <run_address>0x339d2c</run_address>
         <size>0x16</size>
         <input_file_ref idref="fl-40"/>
      </object_component>
      <object_component id="oc-1fe">
         <name>.text</name>
         <load_address>0x339d42</load_address>
         <run_address>0x339d42</run_address>
         <size>0x15</size>
         <input_file_ref idref="fl-c"/>
      </object_component>
      <object_component id="oc-f9">
         <name>.text:retain</name>
         <load_address>0x339d57</load_address>
         <run_address>0x339d57</run_address>
         <size>0x15</size>
         <input_file_ref idref="fl-18"/>
      </object_component>
      <object_component id="oc-ff">
         <name>.text:retain</name>
         <load_address>0x339d6c</load_address>
         <run_address>0x339d6c</run_address>
         <size>0x15</size>
         <input_file_ref idref="fl-19"/>
      </object_component>
      <object_component id="oc-19e">
         <name>.text</name>
         <load_address>0x339d81</load_address>
         <run_address>0x339d81</run_address>
         <size>0xe</size>
         <input_file_ref idref="fl-3c"/>
      </object_component>
      <object_component id="oc-212">
         <name>.text</name>
         <load_address>0x339d8f</load_address>
         <run_address>0x339d8f</run_address>
         <size>0xe</size>
         <input_file_ref idref="fl-49"/>
      </object_component>
      <object_component id="oc-210">
         <name>.text</name>
         <load_address>0x339d9d</load_address>
         <run_address>0x339d9d</run_address>
         <size>0xc</size>
         <input_file_ref idref="fl-4a"/>
      </object_component>
      <object_component id="oc-20d">
         <name>.text</name>
         <load_address>0x339da9</load_address>
         <run_address>0x339da9</run_address>
         <size>0xc</size>
         <input_file_ref idref="fl-33"/>
      </object_component>
      <object_component id="oc-15e">
         <name>.text</name>
         <load_address>0x339db5</load_address>
         <run_address>0x339db5</run_address>
         <size>0xb</size>
         <input_file_ref idref="fl-2f"/>
      </object_component>
      <object_component id="oc-204">
         <name>.text</name>
         <load_address>0x339dc0</load_address>
         <run_address>0x339dc0</run_address>
         <size>0x9</size>
         <input_file_ref idref="fl-2d"/>
      </object_component>
      <object_component id="oc-199">
         <name>.text</name>
         <load_address>0x339dc9</load_address>
         <run_address>0x339dc9</run_address>
         <size>0x9</size>
         <input_file_ref idref="fl-3b"/>
      </object_component>
      <object_component id="oc-57">
         <name>.text</name>
         <load_address>0x339dd2</load_address>
         <run_address>0x339dd2</run_address>
         <size>0x8</size>
         <input_file_ref idref="fl-4"/>
      </object_component>
      <object_component id="oc-20b">
         <name>.text</name>
         <load_address>0x339dda</load_address>
         <run_address>0x339dda</run_address>
         <size>0x8</size>
         <input_file_ref idref="fl-35"/>
      </object_component>
      <object_component id="oc-211">
         <name>.text</name>
         <load_address>0x339de2</load_address>
         <run_address>0x339de2</run_address>
         <size>0x5</size>
         <input_file_ref idref="fl-34"/>
      </object_component>
      <object_component id="oc-58">
         <name>codestart</name>
         <load_address>0x33fff6</load_address>
         <run_address>0x33fff6</run_address>
         <size>0x2</size>
         <input_file_ref idref="fl-4"/>
      </object_component>
      <object_component id="oc-f1">
         <name>ramfuncs:retain</name>
         <load_address>0x320000</load_address>
         <run_address>0x8000</run_address>
         <size>0x6d</size>
         <input_file_ref idref="fl-17"/>
      </object_component>
      <object_component id="oc-1ff">
         <name>ramfuncs</name>
         <load_address>0x32006d</load_address>
         <run_address>0x806d</run_address>
         <size>0x1b</size>
         <input_file_ref idref="fl-11"/>
      </object_component>
      <object_component id="oc-d0">
         <name>ramfuncs</name>
         <load_address>0x320088</load_address>
         <run_address>0x8088</run_address>
         <size>0x4</size>
         <input_file_ref idref="fl-12"/>
      </object_component>
      <object_component id="oc-138">
         <name>.stack</name>
         <uninitialized>true</uninitialized>
         <run_address>0x400</run_address>
         <size>0x0</size>
         <input_file_ref idref="fl-28"/>
      </object_component>
      <object_component id="oc-268">
         <name>.stack</name>
         <uninitialized>true</uninitialized>
         <run_address>0x400</run_address>
         <size>0x0</size>
      </object_component>
      <object_component id="oc-5e">
         <name>.ebss</name>
         <uninitialized>true</uninitialized>
         <run_address>0xc0e4</run_address>
         <size>0x18</size>
         <input_file_ref idref="fl-5"/>
      </object_component>
      <object_component id="oc-d6">
         <name>.ebss</name>
         <uninitialized>true</uninitialized>
         <run_address>0xc000</run_address>
         <size>0x80</size>
         <input_file_ref idref="fl-13"/>
      </object_component>
      <object_component id="oc-e2">
         <name>.ebss</name>
         <uninitialized>true</uninitialized>
         <run_address>0xc132</run_address>
         <size>0x1</size>
         <input_file_ref idref="fl-15"/>
      </object_component>
      <object_component id="oc-ea">
         <name>.ebss</name>
         <uninitialized>true</uninitialized>
         <run_address>0xc0c0</run_address>
         <size>0x24</size>
         <input_file_ref idref="fl-16"/>
      </object_component>
      <object_component id="oc-f8">
         <name>.ebss</name>
         <uninitialized>true</uninitialized>
         <run_address>0xc127</run_address>
         <size>0x3</size>
         <input_file_ref idref="fl-18"/>
      </object_component>
      <object_component id="oc-106">
         <name>.ebss</name>
         <uninitialized>true</uninitialized>
         <run_address>0xc12e</run_address>
         <size>0x2</size>
         <input_file_ref idref="fl-1a"/>
      </object_component>
      <object_component id="oc-112">
         <name>.ebss</name>
         <uninitialized>true</uninitialized>
         <run_address>0xc11e</run_address>
         <size>0x9</size>
         <input_file_ref idref="fl-1c"/>
      </object_component>
      <object_component id="oc-11f">
         <name>.ebss</name>
         <uninitialized>true</uninitialized>
         <run_address>0xc080</run_address>
         <size>0x40</size>
         <input_file_ref idref="fl-1e"/>
      </object_component>
      <object_component id="oc-126">
         <name>.ebss</name>
         <uninitialized>true</uninitialized>
         <run_address>0xc100</run_address>
         <size>0x1e</size>
         <input_file_ref idref="fl-1f"/>
      </object_component>
      <object_component id="oc-133">
         <name>.ebss</name>
         <uninitialized>true</uninitialized>
         <run_address>0xc130</run_address>
         <size>0x2</size>
         <input_file_ref idref="fl-21"/>
      </object_component>
      <object_component id="oc-140">
         <name>.ebss</name>
         <uninitialized>true</uninitialized>
         <run_address>0xc0fc</run_address>
         <size>0x4</size>
         <input_file_ref idref="fl-29"/>
      </object_component>
      <object_component id="oc-209">
         <name>.ebss:__unlock</name>
         <uninitialized>true</uninitialized>
         <run_address>0xc12c</run_address>
         <size>0x2</size>
         <input_file_ref idref="fl-2d"/>
      </object_component>
      <object_component id="oc-1f7">
         <name>.ebss:__lock</name>
         <uninitialized>true</uninitialized>
         <run_address>0xc12a</run_address>
         <size>0x2</size>
         <input_file_ref idref="fl-2d"/>
      </object_component>
      <object_component id="oc-1eb">
         <name>.ebss</name>
         <uninitialized>true</uninitialized>
         <run_address>0xc133</run_address>
         <size>0x1</size>
         <input_file_ref idref="fl-4b"/>
      </object_component>
      <object_component id="oc-213">
         <name>.econst:.string:__ctypes_</name>
         <load_address>0x339de8</load_address>
         <run_address>0x339de8</run_address>
         <size>0x101</size>
         <input_file_ref idref="fl-37"/>
      </object_component>
      <object_component id="oc-bc">
         <name>.econst</name>
         <load_address>0x339eea</load_address>
         <run_address>0x339eea</run_address>
         <size>0x100</size>
         <input_file_ref idref="fl-e"/>
      </object_component>
      <object_component id="oc-127">
         <name>.econst:.string</name>
         <load_address>0x339fea</load_address>
         <run_address>0x339fea</run_address>
         <size>0x39</size>
         <input_file_ref idref="fl-1f"/>
      </object_component>
      <object_component id="oc-16f">
         <name>.econst:.string</name>
         <load_address>0x33a024</load_address>
         <run_address>0x33a024</run_address>
         <size>0x26</size>
         <input_file_ref idref="fl-32"/>
      </object_component>
      <object_component id="oc-16e">
         <name>.econst</name>
         <load_address>0x33a04a</load_address>
         <run_address>0x33a04a</run_address>
         <size>0x1c</size>
         <input_file_ref idref="fl-32"/>
      </object_component>
      <object_component id="oc-139">
         <name>.reset</name>
         <load_address>0x3fffc0</load_address>
         <run_address>0x3fffc0</run_address>
         <size>0x2</size>
         <input_file_ref idref="fl-28"/>
      </object_component>
      <object_component id="oc-4d">
         <name>.adc_cal</name>
         <load_address>0x380080</load_address>
         <run_address>0x380080</run_address>
         <size>0x7</size>
         <input_file_ref idref="fl-2"/>
      </object_component>
      <object_component id="oc-4e">
         <name>.debug_info</name>
         <load_address>0x0</load_address>
         <run_address>0x0</run_address>
         <size>0xed</size>
         <input_file_ref idref="fl-2"/>
      </object_component>
      <object_component id="oc-52">
         <name>.debug_info</name>
         <load_address>0xed</load_address>
         <run_address>0xed</run_address>
         <size>0x1e9a</size>
         <input_file_ref idref="fl-3"/>
      </object_component>
      <object_component id="oc-59">
         <name>.debug_info</name>
         <load_address>0x1f87</load_address>
         <run_address>0x1f87</run_address>
         <size>0x126</size>
         <input_file_ref idref="fl-4"/>
      </object_component>
      <object_component id="oc-5d">
         <name>.debug_info</name>
         <load_address>0x20ad</load_address>
         <run_address>0x20ad</run_address>
         <size>0x99c</size>
         <input_file_ref idref="fl-5"/>
      </object_component>
      <object_component id="oc-63">
         <name>.debug_info</name>
         <load_address>0x2a49</load_address>
         <run_address>0x2a49</run_address>
         <size>0x2007</size>
         <input_file_ref idref="fl-6"/>
      </object_component>
      <object_component id="oc-69">
         <name>.debug_info</name>
         <load_address>0x4a50</load_address>
         <run_address>0x4a50</run_address>
         <size>0x1ba0</size>
         <input_file_ref idref="fl-7"/>
      </object_component>
      <object_component id="oc-6e">
         <name>.debug_info</name>
         <load_address>0x65f0</load_address>
         <run_address>0x65f0</run_address>
         <size>0x1fb6</size>
         <input_file_ref idref="fl-8"/>
      </object_component>
      <object_component id="oc-73">
         <name>.debug_info</name>
         <load_address>0x85a6</load_address>
         <run_address>0x85a6</run_address>
         <size>0x1d32</size>
         <input_file_ref idref="fl-9"/>
      </object_component>
      <object_component id="oc-78">
         <name>.debug_info</name>
         <load_address>0xa2d8</load_address>
         <run_address>0xa2d8</run_address>
         <size>0x13390</size>
         <input_file_ref idref="fl-a"/>
      </object_component>
      <object_component id="oc-ac">
         <name>.debug_info</name>
         <load_address>0x1d668</load_address>
         <run_address>0x1d668</run_address>
         <size>0x1ba0</size>
         <input_file_ref idref="fl-b"/>
      </object_component>
      <object_component id="oc-b1">
         <name>.debug_info</name>
         <load_address>0x1f208</load_address>
         <run_address>0x1f208</run_address>
         <size>0x463</size>
         <input_file_ref idref="fl-c"/>
      </object_component>
      <object_component id="oc-b6">
         <name>.debug_info</name>
         <load_address>0x1f66b</load_address>
         <run_address>0x1f66b</run_address>
         <size>0xb44</size>
         <input_file_ref idref="fl-d"/>
      </object_component>
      <object_component id="oc-bb">
         <name>.debug_info</name>
         <load_address>0x201af</load_address>
         <run_address>0x201af</run_address>
         <size>0x22b6</size>
         <input_file_ref idref="fl-e"/>
      </object_component>
      <object_component id="oc-c1">
         <name>.debug_info</name>
         <load_address>0x22465</load_address>
         <run_address>0x22465</run_address>
         <size>0x1b9f</size>
         <input_file_ref idref="fl-f"/>
      </object_component>
      <object_component id="oc-c6">
         <name>.debug_info</name>
         <load_address>0x24004</load_address>
         <run_address>0x24004</run_address>
         <size>0x1b9f</size>
         <input_file_ref idref="fl-10"/>
      </object_component>
      <object_component id="oc-cb">
         <name>.debug_info</name>
         <load_address>0x25ba3</load_address>
         <run_address>0x25ba3</run_address>
         <size>0x20b8</size>
         <input_file_ref idref="fl-11"/>
      </object_component>
      <object_component id="oc-d1">
         <name>.debug_info</name>
         <load_address>0x27c5b</load_address>
         <run_address>0x27c5b</run_address>
         <size>0xed</size>
         <input_file_ref idref="fl-12"/>
      </object_component>
      <object_component id="oc-d5">
         <name>.debug_info</name>
         <load_address>0x27d48</load_address>
         <run_address>0x27d48</run_address>
         <size>0x208f</size>
         <input_file_ref idref="fl-13"/>
      </object_component>
      <object_component id="oc-db">
         <name>.debug_info</name>
         <load_address>0x29dd7</load_address>
         <run_address>0x29dd7</run_address>
         <size>0x1d5c</size>
         <input_file_ref idref="fl-14"/>
      </object_component>
      <object_component id="oc-e0">
         <name>.debug_info</name>
         <load_address>0x2bb33</load_address>
         <run_address>0x2bb33</run_address>
         <size>0x209d</size>
         <input_file_ref idref="fl-15"/>
      </object_component>
      <object_component id="oc-e8">
         <name>.debug_info</name>
         <load_address>0x2dbd0</load_address>
         <run_address>0x2dbd0</run_address>
         <size>0x20f8</size>
         <input_file_ref idref="fl-16"/>
      </object_component>
      <object_component id="oc-f0">
         <name>.debug_info</name>
         <load_address>0x2fcc8</load_address>
         <run_address>0x2fcc8</run_address>
         <size>0x3438</size>
         <input_file_ref idref="fl-17"/>
      </object_component>
      <object_component id="oc-f6">
         <name>.debug_info</name>
         <load_address>0x33100</load_address>
         <run_address>0x33100</run_address>
         <size>0x3ab7</size>
         <input_file_ref idref="fl-18"/>
      </object_component>
      <object_component id="oc-fe">
         <name>.debug_info</name>
         <load_address>0x36bb7</load_address>
         <run_address>0x36bb7</run_address>
         <size>0x395b</size>
         <input_file_ref idref="fl-19"/>
      </object_component>
      <object_component id="oc-104">
         <name>.debug_info</name>
         <load_address>0x3a512</load_address>
         <run_address>0x3a512</run_address>
         <size>0xf51</size>
         <input_file_ref idref="fl-1a"/>
      </object_component>
      <object_component id="oc-10b">
         <name>.debug_info</name>
         <load_address>0x3b463</load_address>
         <run_address>0x3b463</run_address>
         <size>0x1d2f</size>
         <input_file_ref idref="fl-1b"/>
      </object_component>
      <object_component id="oc-110">
         <name>.debug_info</name>
         <load_address>0x3d192</load_address>
         <run_address>0x3d192</run_address>
         <size>0x5e9d</size>
         <input_file_ref idref="fl-1c"/>
      </object_component>
      <object_component id="oc-118">
         <name>.debug_info</name>
         <load_address>0x4302f</load_address>
         <run_address>0x4302f</run_address>
         <size>0x1d5a</size>
         <input_file_ref idref="fl-1d"/>
      </object_component>
      <object_component id="oc-11d">
         <name>.debug_info</name>
         <load_address>0x44d89</load_address>
         <run_address>0x44d89</run_address>
         <size>0x2353</size>
         <input_file_ref idref="fl-1e"/>
      </object_component>
      <object_component id="oc-124">
         <name>.debug_info</name>
         <load_address>0x470dc</load_address>
         <run_address>0x470dc</run_address>
         <size>0xa66</size>
         <input_file_ref idref="fl-1f"/>
      </object_component>
      <object_component id="oc-12c">
         <name>.debug_info</name>
         <load_address>0x47b42</load_address>
         <run_address>0x47b42</run_address>
         <size>0xdf5</size>
         <input_file_ref idref="fl-20"/>
      </object_component>
      <object_component id="oc-131">
         <name>.debug_info</name>
         <load_address>0x48937</load_address>
         <run_address>0x48937</run_address>
         <size>0x10b1</size>
         <input_file_ref idref="fl-21"/>
      </object_component>
      <object_component id="oc-13a">
         <name>.debug_info</name>
         <load_address>0x499e8</load_address>
         <run_address>0x499e8</run_address>
         <size>0x112</size>
         <input_file_ref idref="fl-28"/>
      </object_component>
      <object_component id="oc-13e">
         <name>.debug_info</name>
         <load_address>0x49afa</load_address>
         <run_address>0x49afa</run_address>
         <size>0x4b9</size>
         <input_file_ref idref="fl-29"/>
      </object_component>
      <object_component id="oc-146">
         <name>.debug_info</name>
         <load_address>0x49fb3</load_address>
         <run_address>0x49fb3</run_address>
         <size>0xf4</size>
         <input_file_ref idref="fl-2a"/>
      </object_component>
      <object_component id="oc-14b">
         <name>.debug_info</name>
         <load_address>0x4a0a7</load_address>
         <run_address>0x4a0a7</run_address>
         <size>0x123</size>
         <input_file_ref idref="fl-2b"/>
      </object_component>
      <object_component id="oc-150">
         <name>.debug_info</name>
         <load_address>0x4a1ca</load_address>
         <run_address>0x4a1ca</run_address>
         <size>0x18b</size>
         <input_file_ref idref="fl-2c"/>
      </object_component>
      <object_component id="oc-154">
         <name>.debug_info</name>
         <load_address>0x4a355</load_address>
         <run_address>0x4a355</run_address>
         <size>0x4e3</size>
         <input_file_ref idref="fl-2d"/>
      </object_component>
      <object_component id="oc-159">
         <name>.debug_info</name>
         <load_address>0x4a838</load_address>
         <run_address>0x4a838</run_address>
         <size>0x67e</size>
         <input_file_ref idref="fl-2e"/>
      </object_component>
      <object_component id="oc-15f">
         <name>.debug_info</name>
         <load_address>0x4aeb6</load_address>
         <run_address>0x4aeb6</run_address>
         <size>0x123</size>
         <input_file_ref idref="fl-2f"/>
      </object_component>
      <object_component id="oc-163">
         <name>.debug_info</name>
         <load_address>0x4afd9</load_address>
         <run_address>0x4afd9</run_address>
         <size>0x4b0</size>
         <input_file_ref idref="fl-30"/>
      </object_component>
      <object_component id="oc-168">
         <name>.debug_info</name>
         <load_address>0x4b489</load_address>
         <run_address>0x4b489</run_address>
         <size>0x46d</size>
         <input_file_ref idref="fl-31"/>
      </object_component>
      <object_component id="oc-16d">
         <name>.debug_info</name>
         <load_address>0x4b8f6</load_address>
         <run_address>0x4b8f6</run_address>
         <size>0x2685</size>
         <input_file_ref idref="fl-32"/>
      </object_component>
      <object_component id="oc-174">
         <name>.debug_info</name>
         <load_address>0x4df7b</load_address>
         <run_address>0x4df7b</run_address>
         <size>0x4c6</size>
         <input_file_ref idref="fl-33"/>
      </object_component>
      <object_component id="oc-179">
         <name>.debug_info</name>
         <load_address>0x4e441</load_address>
         <run_address>0x4e441</run_address>
         <size>0x4ba</size>
         <input_file_ref idref="fl-34"/>
      </object_component>
      <object_component id="oc-17e">
         <name>.debug_info</name>
         <load_address>0x4e8fb</load_address>
         <run_address>0x4e8fb</run_address>
         <size>0x49f</size>
         <input_file_ref idref="fl-35"/>
      </object_component>
      <object_component id="oc-183">
         <name>.debug_info</name>
         <load_address>0x4ed9a</load_address>
         <run_address>0x4ed9a</run_address>
         <size>0x436</size>
         <input_file_ref idref="fl-36"/>
      </object_component>
      <object_component id="oc-188">
         <name>.debug_info</name>
         <load_address>0x4f1d0</load_address>
         <run_address>0x4f1d0</run_address>
         <size>0x1be</size>
         <input_file_ref idref="fl-37"/>
      </object_component>
      <object_component id="oc-18b">
         <name>.debug_info</name>
         <load_address>0x4f38e</load_address>
         <run_address>0x4f38e</run_address>
         <size>0x100</size>
         <input_file_ref idref="fl-38"/>
      </object_component>
      <object_component id="oc-190">
         <name>.debug_info</name>
         <load_address>0x4f48e</load_address>
         <run_address>0x4f48e</run_address>
         <size>0xf4</size>
         <input_file_ref idref="fl-39"/>
      </object_component>
      <object_component id="oc-195">
         <name>.debug_info</name>
         <load_address>0x4f582</load_address>
         <run_address>0x4f582</run_address>
         <size>0xf4</size>
         <input_file_ref idref="fl-3a"/>
      </object_component>
      <object_component id="oc-19a">
         <name>.debug_info</name>
         <load_address>0x4f676</load_address>
         <run_address>0x4f676</run_address>
         <size>0xf4</size>
         <input_file_ref idref="fl-3b"/>
      </object_component>
      <object_component id="oc-19f">
         <name>.debug_info</name>
         <load_address>0x4f76a</load_address>
         <run_address>0x4f76a</run_address>
         <size>0x102</size>
         <input_file_ref idref="fl-3c"/>
      </object_component>
      <object_component id="oc-1a4">
         <name>.debug_info</name>
         <load_address>0x4f86c</load_address>
         <run_address>0x4f86c</run_address>
         <size>0xfa</size>
         <input_file_ref idref="fl-3d"/>
      </object_component>
      <object_component id="oc-1a9">
         <name>.debug_info</name>
         <load_address>0x4f966</load_address>
         <run_address>0x4f966</run_address>
         <size>0xf4</size>
         <input_file_ref idref="fl-3e"/>
      </object_component>
      <object_component id="oc-1ae">
         <name>.debug_info</name>
         <load_address>0x4fa5a</load_address>
         <run_address>0x4fa5a</run_address>
         <size>0xf4</size>
         <input_file_ref idref="fl-3f"/>
      </object_component>
      <object_component id="oc-1b2">
         <name>.debug_info</name>
         <load_address>0x4fb4e</load_address>
         <run_address>0x4fb4e</run_address>
         <size>0x3ff</size>
         <input_file_ref idref="fl-40"/>
      </object_component>
      <object_component id="oc-1b8">
         <name>.debug_info</name>
         <load_address>0x4ff4d</load_address>
         <run_address>0x4ff4d</run_address>
         <size>0xfa</size>
         <input_file_ref idref="fl-41"/>
      </object_component>
      <object_component id="oc-1bd">
         <name>.debug_info</name>
         <load_address>0x50047</load_address>
         <run_address>0x50047</run_address>
         <size>0xf4</size>
         <input_file_ref idref="fl-42"/>
      </object_component>
      <object_component id="oc-1c1">
         <name>.debug_info</name>
         <load_address>0x5013b</load_address>
         <run_address>0x5013b</run_address>
         <size>0x40f</size>
         <input_file_ref idref="fl-43"/>
      </object_component>
      <object_component id="oc-1c7">
         <name>.debug_info</name>
         <load_address>0x5054a</load_address>
         <run_address>0x5054a</run_address>
         <size>0x15a</size>
         <input_file_ref idref="fl-44"/>
      </object_component>
      <object_component id="oc-1cc">
         <name>.debug_info</name>
         <load_address>0x506a4</load_address>
         <run_address>0x506a4</run_address>
         <size>0x130</size>
         <input_file_ref idref="fl-45"/>
      </object_component>
      <object_component id="oc-1d1">
         <name>.debug_info</name>
         <load_address>0x507d4</load_address>
         <run_address>0x507d4</run_address>
         <size>0x205</size>
         <input_file_ref idref="fl-46"/>
      </object_component>
      <object_component id="oc-1d5">
         <name>.debug_info</name>
         <load_address>0x509d9</load_address>
         <run_address>0x509d9</run_address>
         <size>0x4e3</size>
         <input_file_ref idref="fl-47"/>
      </object_component>
      <object_component id="oc-1db">
         <name>.debug_info</name>
         <load_address>0x50ebc</load_address>
         <run_address>0x50ebc</run_address>
         <size>0xf4</size>
         <input_file_ref idref="fl-48"/>
      </object_component>
      <object_component id="oc-1df">
         <name>.debug_info</name>
         <load_address>0x50fb0</load_address>
         <run_address>0x50fb0</run_address>
         <size>0x44f</size>
         <input_file_ref idref="fl-49"/>
      </object_component>
      <object_component id="oc-1e4">
         <name>.debug_info</name>
         <load_address>0x513ff</load_address>
         <run_address>0x513ff</run_address>
         <size>0x4d7</size>
         <input_file_ref idref="fl-4a"/>
      </object_component>
      <object_component id="oc-1e9">
         <name>.debug_info</name>
         <load_address>0x518d6</load_address>
         <run_address>0x518d6</run_address>
         <size>0x19d</size>
         <input_file_ref idref="fl-4b"/>
      </object_component>
      <object_component id="oc-1ee">
         <name>.debug_info</name>
         <load_address>0x51a73</load_address>
         <run_address>0x51a73</run_address>
         <size>0xf4</size>
         <input_file_ref idref="fl-4c"/>
      </object_component>
      <object_component id="oc-269">
         <name>.debug_info</name>
         <load_address>0x51b67</load_address>
         <run_address>0x51b67</run_address>
         <size>0xa4</size>
      </object_component>
      <object_component id="oc-4f">
         <name>.debug_line</name>
         <load_address>0x0</load_address>
         <run_address>0x0</run_address>
         <size>0x49</size>
         <input_file_ref idref="fl-2"/>
      </object_component>
      <object_component id="oc-54">
         <name>.debug_line</name>
         <load_address>0x49</load_address>
         <run_address>0x49</run_address>
         <size>0x32</size>
         <input_file_ref idref="fl-3"/>
      </object_component>
      <object_component id="oc-5a">
         <name>.debug_line</name>
         <load_address>0x7b</load_address>
         <run_address>0x7b</run_address>
         <size>0x61</size>
         <input_file_ref idref="fl-4"/>
      </object_component>
      <object_component id="oc-60">
         <name>.debug_line</name>
         <load_address>0xdc</load_address>
         <run_address>0xdc</run_address>
         <size>0x84</size>
         <input_file_ref idref="fl-5"/>
      </object_component>
      <object_component id="oc-66">
         <name>.debug_line</name>
         <load_address>0x160</load_address>
         <run_address>0x160</run_address>
         <size>0x74e</size>
         <input_file_ref idref="fl-6"/>
      </object_component>
      <object_component id="oc-6b">
         <name>.debug_line</name>
         <load_address>0x8ae</load_address>
         <run_address>0x8ae</run_address>
         <size>0x33</size>
         <input_file_ref idref="fl-7"/>
      </object_component>
      <object_component id="oc-70">
         <name>.debug_line</name>
         <load_address>0x8e1</load_address>
         <run_address>0x8e1</run_address>
         <size>0x16a</size>
         <input_file_ref idref="fl-8"/>
      </object_component>
      <object_component id="oc-75">
         <name>.debug_line</name>
         <load_address>0xa4b</load_address>
         <run_address>0xa4b</run_address>
         <size>0xac</size>
         <input_file_ref idref="fl-9"/>
      </object_component>
      <object_component id="oc-ae">
         <name>.debug_line</name>
         <load_address>0xaf7</load_address>
         <run_address>0xaf7</run_address>
         <size>0x33</size>
         <input_file_ref idref="fl-b"/>
      </object_component>
      <object_component id="oc-b3">
         <name>.debug_line</name>
         <load_address>0xb2a</load_address>
         <run_address>0xb2a</run_address>
         <size>0x57</size>
         <input_file_ref idref="fl-c"/>
      </object_component>
      <object_component id="oc-b8">
         <name>.debug_line</name>
         <load_address>0xb81</load_address>
         <run_address>0xb81</run_address>
         <size>0x86</size>
         <input_file_ref idref="fl-d"/>
      </object_component>
      <object_component id="oc-be">
         <name>.debug_line</name>
         <load_address>0xc07</load_address>
         <run_address>0xc07</run_address>
         <size>0x68</size>
         <input_file_ref idref="fl-e"/>
      </object_component>
      <object_component id="oc-c3">
         <name>.debug_line</name>
         <load_address>0xc6f</load_address>
         <run_address>0xc6f</run_address>
         <size>0x32</size>
         <input_file_ref idref="fl-f"/>
      </object_component>
      <object_component id="oc-c8">
         <name>.debug_line</name>
         <load_address>0xca1</load_address>
         <run_address>0xca1</run_address>
         <size>0x32</size>
         <input_file_ref idref="fl-10"/>
      </object_component>
      <object_component id="oc-cd">
         <name>.debug_line</name>
         <load_address>0xcd3</load_address>
         <run_address>0xcd3</run_address>
         <size>0x165</size>
         <input_file_ref idref="fl-11"/>
      </object_component>
      <object_component id="oc-d2">
         <name>.debug_line</name>
         <load_address>0xe38</load_address>
         <run_address>0xe38</run_address>
         <size>0x48</size>
         <input_file_ref idref="fl-12"/>
      </object_component>
      <object_component id="oc-d8">
         <name>.debug_line</name>
         <load_address>0xe80</load_address>
         <run_address>0xe80</run_address>
         <size>0x29</size>
         <input_file_ref idref="fl-13"/>
      </object_component>
      <object_component id="oc-dd">
         <name>.debug_line</name>
         <load_address>0xea9</load_address>
         <run_address>0xea9</run_address>
         <size>0x2d</size>
         <input_file_ref idref="fl-14"/>
      </object_component>
      <object_component id="oc-e5">
         <name>.debug_line</name>
         <load_address>0xed6</load_address>
         <run_address>0xed6</run_address>
         <size>0x57</size>
         <input_file_ref idref="fl-15"/>
      </object_component>
      <object_component id="oc-ed">
         <name>.debug_line</name>
         <load_address>0xf2d</load_address>
         <run_address>0xf2d</run_address>
         <size>0x6c</size>
         <input_file_ref idref="fl-16"/>
      </object_component>
      <object_component id="oc-f3">
         <name>.debug_line</name>
         <load_address>0xf99</load_address>
         <run_address>0xf99</run_address>
         <size>0xa9</size>
         <input_file_ref idref="fl-17"/>
      </object_component>
      <object_component id="oc-fb">
         <name>.debug_line</name>
         <load_address>0x1042</load_address>
         <run_address>0x1042</run_address>
         <size>0xa0</size>
         <input_file_ref idref="fl-18"/>
      </object_component>
      <object_component id="oc-101">
         <name>.debug_line</name>
         <load_address>0x10e2</load_address>
         <run_address>0x10e2</run_address>
         <size>0x47</size>
         <input_file_ref idref="fl-19"/>
      </object_component>
      <object_component id="oc-108">
         <name>.debug_line</name>
         <load_address>0x1129</load_address>
         <run_address>0x1129</run_address>
         <size>0x2a</size>
         <input_file_ref idref="fl-1a"/>
      </object_component>
      <object_component id="oc-10d">
         <name>.debug_line</name>
         <load_address>0x1153</load_address>
         <run_address>0x1153</run_address>
         <size>0x2c</size>
         <input_file_ref idref="fl-1b"/>
      </object_component>
      <object_component id="oc-115">
         <name>.debug_line</name>
         <load_address>0x117f</load_address>
         <run_address>0x117f</run_address>
         <size>0x228</size>
         <input_file_ref idref="fl-1c"/>
      </object_component>
      <object_component id="oc-11a">
         <name>.debug_line</name>
         <load_address>0x13a7</load_address>
         <run_address>0x13a7</run_address>
         <size>0x2b</size>
         <input_file_ref idref="fl-1d"/>
      </object_component>
      <object_component id="oc-121">
         <name>.debug_line</name>
         <load_address>0x13d2</load_address>
         <run_address>0x13d2</run_address>
         <size>0x16f</size>
         <input_file_ref idref="fl-1e"/>
      </object_component>
      <object_component id="oc-129">
         <name>.debug_line</name>
         <load_address>0x1541</load_address>
         <run_address>0x1541</run_address>
         <size>0x6f</size>
         <input_file_ref idref="fl-1f"/>
      </object_component>
      <object_component id="oc-12e">
         <name>.debug_line</name>
         <load_address>0x15b0</load_address>
         <run_address>0x15b0</run_address>
         <size>0x29</size>
         <input_file_ref idref="fl-20"/>
      </object_component>
      <object_component id="oc-135">
         <name>.debug_line</name>
         <load_address>0x15d9</load_address>
         <run_address>0x15d9</run_address>
         <size>0xbb</size>
         <input_file_ref idref="fl-21"/>
      </object_component>
      <object_component id="oc-13b">
         <name>.debug_line</name>
         <load_address>0x1694</load_address>
         <run_address>0x1694</run_address>
         <size>0x74</size>
         <input_file_ref idref="fl-28"/>
      </object_component>
      <object_component id="oc-142">
         <name>.debug_line</name>
         <load_address>0x1708</load_address>
         <run_address>0x1708</run_address>
         <size>0x65</size>
         <input_file_ref idref="fl-29"/>
      </object_component>
      <object_component id="oc-147">
         <name>.debug_line</name>
         <load_address>0x176d</load_address>
         <run_address>0x176d</run_address>
         <size>0xad</size>
         <input_file_ref idref="fl-2a"/>
      </object_component>
      <object_component id="oc-14c">
         <name>.debug_line</name>
         <load_address>0x181a</load_address>
         <run_address>0x181a</run_address>
         <size>0x69</size>
         <input_file_ref idref="fl-2b"/>
      </object_component>
      <object_component id="oc-151">
         <name>.debug_line</name>
         <load_address>0x1883</load_address>
         <run_address>0x1883</run_address>
         <size>0x8e</size>
         <input_file_ref idref="fl-2c"/>
      </object_component>
      <object_component id="oc-156">
         <name>.debug_line</name>
         <load_address>0x1911</load_address>
         <run_address>0x1911</run_address>
         <size>0x5e</size>
         <input_file_ref idref="fl-2d"/>
      </object_component>
      <object_component id="oc-15b">
         <name>.debug_line</name>
         <load_address>0x196f</load_address>
         <run_address>0x196f</run_address>
         <size>0x7d</size>
         <input_file_ref idref="fl-2e"/>
      </object_component>
      <object_component id="oc-160">
         <name>.debug_line</name>
         <load_address>0x19ec</load_address>
         <run_address>0x19ec</run_address>
         <size>0x4f</size>
         <input_file_ref idref="fl-2f"/>
      </object_component>
      <object_component id="oc-165">
         <name>.debug_line</name>
         <load_address>0x1a3b</load_address>
         <run_address>0x1a3b</run_address>
         <size>0x59</size>
         <input_file_ref idref="fl-30"/>
      </object_component>
      <object_component id="oc-16a">
         <name>.debug_line</name>
         <load_address>0x1a94</load_address>
         <run_address>0x1a94</run_address>
         <size>0x62</size>
         <input_file_ref idref="fl-31"/>
      </object_component>
      <object_component id="oc-171">
         <name>.debug_line</name>
         <load_address>0x1af6</load_address>
         <run_address>0x1af6</run_address>
         <size>0xaf8</size>
         <input_file_ref idref="fl-32"/>
      </object_component>
      <object_component id="oc-176">
         <name>.debug_line</name>
         <load_address>0x25ee</load_address>
         <run_address>0x25ee</run_address>
         <size>0x8e</size>
         <input_file_ref idref="fl-33"/>
      </object_component>
      <object_component id="oc-17b">
         <name>.debug_line</name>
         <load_address>0x267c</load_address>
         <run_address>0x267c</run_address>
         <size>0x87</size>
         <input_file_ref idref="fl-34"/>
      </object_component>
      <object_component id="oc-180">
         <name>.debug_line</name>
         <load_address>0x2703</load_address>
         <run_address>0x2703</run_address>
         <size>0x8e</size>
         <input_file_ref idref="fl-35"/>
      </object_component>
      <object_component id="oc-185">
[...]
      </symbol>
      <symbol id="sm-2e2">
         <name>_SampleTable3</name>
         <value>0xc010</value>
         <object_component_ref idref="oc-d6"/>
      </symbol>
      <symbol id="sm-2e3">
         <name>_SampleTable2</name>
         <value>0xc000</value>
         <object_component_ref idref="oc-d6"/>
      </symbol>
      <symbol id="sm-2e4">
         <name>_SampleTable1</name>
         <value>0xc030</value>
         <object_component_ref idref="oc-d6"/>
      </symbol>
      <symbol id="sm-2e5">
         <name>_SampleTable0</name>
         <value>0xc020</value>
         <object_component_ref idref="oc-d6"/>
      </symbol>
      <symbol id="sm-303">
         <name>_ecap5_isr</name>
         <value>0x3398a6</value>
         <object_component_ref idref="oc-e3"/>
      </symbol>
      <symbol id="sm-319">
         <name>_ecap6_isr</name>
         <value>0x33974b</value>
         <object_component_ref idref="oc-eb"/>
      </symbol>
      <symbol id="sm-31a">
         <name>_cap_value_all</name>
         <value>0xc0c2</value>
         <object_component_ref idref="oc-ea"/>
      </symbol>
      <symbol id="sm-31b">
         <name>_cap_value</name>
         <value>0xc0c4</value>
         <object_component_ref idref="oc-ea"/>
      </symbol>
      <symbol id="sm-32b">
         <name>_cpu_timer2_isr</name>
         <value>0x8038</value>
         <object_component_ref idref="oc-f1"/>
      </symbol>
      <symbol id="sm-32c">
         <name>_initcputimer</name>
         <value>0x3399fa</value>
         <object_component_ref idref="oc-202"/>
      </symbol>
      <symbol id="sm-32d">
         <name>_cpu_timer1_isr</name>
         <value>0x8019</value>
         <object_component_ref idref="oc-f1"/>
      </symbol>
      <symbol id="sm-32e">
         <name>_cpu_timer0_isr</name>
         <value>0x8000</value>
         <object_component_ref idref="oc-f1"/>
      </symbol>
      <symbol id="sm-341">
         <name>_EPWM2_STEP_one</name>
         <value>0xc128</value>
         <object_component_ref idref="oc-f8"/>
      </symbol>
      <symbol id="sm-342">
         <name>_InitEPwm2Example</name>
         <value>0x33992b</value>
         <object_component_ref idref="oc-201"/>
      </symbol>
      <symbol id="sm-343">
         <name>_epwm2_isr</name>
         <value>0x339d57</value>
         <object_component_ref idref="oc-f9"/>
      </symbol>
      <symbol id="sm-344">
         <name>_EPWM2_STEP_zero_one</name>
         <value>0xc129</value>
         <object_component_ref idref="oc-f8"/>
      </symbol>
      <symbol id="sm-345">
         <name>_EPWM2_STEP_ten</name>
         <value>0xc127</value>
         <object_component_ref idref="oc-f8"/>
      </symbol>
      <symbol id="sm-346">
         <name>_initepwmdb2</name>
         <value>0x339907</value>
         <object_component_ref idref="oc-201"/>
      </symbol>
      <symbol id="sm-353">
         <name>_epwm1_isr</name>
         <value>0x339d6c</value>
         <object_component_ref idref="oc-ff"/>
      </symbol>
      <symbol id="sm-3a3">
         <name>_KEY_F_Onclick</name>
         <value>0x338fa5</value>
         <object_component_ref idref="oc-1f5"/>
      </symbol>
      <symbol id="sm-3a4">
         <name>_KEY_A_Onclick</name>
         <value>0x338f1c</value>
         <object_component_ref idref="oc-1f5"/>
      </symbol>
      <symbol id="sm-3a5">
         <name>_KEY_H_Onclick</name>
         <value>0x338fc0</value>
         <object_component_ref idref="oc-1f5"/>
      </symbol>
      <symbol id="sm-3a6">
         <name>_KEY_C_Onclick</name>
         <value>0x338f7b</value>
         <object_component_ref idref="oc-1f5"/>
      </symbol>
      <symbol id="sm-3a7">
         <name>_KEY_E_Onclick</name>
         <value>0x338f97</value>
         <object_component_ref idref="oc-1f5"/>
      </symbol>
      <symbol id="sm-3a8">
         <name>_KEY_G_Onclick</name>
         <value>0x338fb3</value>
         <object_component_ref idref="oc-1f5"/>
      </symbol>
      <symbol id="sm-3a9">
         <name>_KEY_IODect</name>
         <value>0x338ff7</value>
         <object_component_ref idref="oc-1f5"/>
      </symbol>
      <symbol id="sm-3aa">
         <name>_KEY_B_Onclick</name>
         <value>0x338f67</value>
         <object_component_ref idref="oc-1f5"/>
      </symbol>
      <symbol id="sm-3ab">
         <name>_wakeint_isr</name>
         <value>0x339ad0</value>
         <object_component_ref idref="oc-113"/>
      </symbol>
      <symbol id="sm-3ac">
         <name>_KEY_SIG_init</name>
         <value>0x338fc1</value>
         <object_component_ref idref="oc-1f5"/>
      </symbol>
      <symbol id="sm-3ad">
         <name>_KEY_D_Onclick</name>
         <value>0x338f89</value>
         <object_component_ref idref="oc-1f5"/>
      </symbol>
      <symbol id="sm-3ae">
         <name>_WDT_INIT</name>
         <value>0x3390ca</value>
         <object_component_ref idref="oc-1f5"/>
      </symbol>
      <symbol id="sm-3dd">
         <name>_lcd12864_show_str</name>
         <value>0x3393a2</value>
         <object_component_ref idref="oc-200"/>
      </symbol>
      <symbol id="sm-3de">
         <name>_delaynms</name>
         <value>0x33930a</value>
         <object_component_ref idref="oc-200"/>
      </symbol>
      <symbol id="sm-3df">
         <name>_LCD_BUF_4</name>
         <value>0xc0a0</value>
         <object_component_ref idref="oc-11f"/>
      </symbol>
      <symbol id="sm-3e0">
         <name>_LCD_BUF_1</name>
         <value>0xc0b0</value>
         <object_component_ref idref="oc-11f"/>
      </symbol>
      <symbol id="sm-3e1">
         <name>_LCD_BUF_2</name>
         <value>0xc080</value>
         <object_component_ref idref="oc-11f"/>
      </symbol>
      <symbol id="sm-3e2">
         <name>_LCD_BUF_3</name>
         <value>0xc090</value>
         <object_component_ref idref="oc-11f"/>
      </symbol>
      <symbol id="sm-3e3">
         <name>_set_coord</name>
         <value>0x33937a</value>
         <object_component_ref idref="oc-200"/>
      </symbol>
      <symbol id="sm-3e4">
         <name>_lcd12864_init</name>
         <value>0x33935e</value>
         <object_component_ref idref="oc-200"/>
      </symbol>
      <symbol id="sm-3e5">
         <name>_lcdio</name>
         <value>0x3392e7</value>
         <object_component_ref idref="oc-200"/>
      </symbol>
      <symbol id="sm-3e6">
         <name>_sendbyte</name>
         <value>0x339321</value>
         <object_component_ref idref="oc-200"/>
      </symbol>
      <symbol id="sm-3e7">
         <name>_SID</name>
         <value>0x3392f9</value>
         <object_component_ref idref="oc-200"/>
      </symbol>
      <symbol id="sm-3e8">
         <name>_write</name>
         <value>0x339339</value>
         <object_component_ref idref="oc-200"/>
      </symbol>
      <symbol id="sm-3e9">
         <name>_clrddram</name>
         <value>0x33936d</value>
         <object_component_ref idref="oc-200"/>
      </symbol>
      <symbol id="sm-400">
         <name>_main</name>
         <value>0x339834</value>
         <object_component_ref idref="oc-1f6"/>
      </symbol>
      <symbol id="sm-401">
         <name>_sec</name>
         <value>0xc10c</value>
         <object_component_ref idref="oc-126"/>
      </symbol>
      <symbol id="sm-402">
         <name>_dir</name>
         <value>0xc102</value>
         <object_component_ref idref="oc-126"/>
      </symbol>
      <symbol id="sm-403">
         <name>_freqhz_fr</name>
         <value>0xc11a</value>
         <object_component_ref idref="oc-126"/>
      </symbol>
      <symbol id="sm-404">
         <name>_data</name>
         <value>0xc10b</value>
         <object_component_ref idref="oc-126"/>
      </symbol>
      <symbol id="sm-405">
         <name>_Freq_cap</name>
         <value>0xc100</value>
         <object_component_ref idref="oc-126"/>
      </symbol>
      <symbol id="sm-406">
         <name>_adc_finish</name>
         <value>0xc107</value>
         <object_component_ref idref="oc-126"/>
      </symbol>
      <symbol id="sm-407">
         <name>_Freq_cap_hall</name>
         <value>0xc105</value>
         <object_component_ref idref="oc-126"/>
      </symbol>
      <symbol id="sm-408">
         <name>_msg</name>
         <value>0xc114</value>
         <object_component_ref idref="oc-126"/>
      </symbol>
      <symbol id="sm-409">
         <name>_uptime</name>
         <value>0xc118</value>
         <object_component_ref idref="oc-126"/>
      </symbol>
      <symbol id="sm-40a">
         <name>_speed_fr</name>
         <value>0xc116</value>
         <object_component_ref idref="oc-126"/>
      </symbol>
      <symbol id="sm-40b">
         <name>_pwm</name>
         <value>0xc108</value>
         <object_component_ref idref="oc-126"/>
      </symbol>
      <symbol id="sm-40c">
         <name>_ReceivedChar</name>
         <value>0xc106</value>
         <object_component_ref idref="oc-126"/>
      </symbol>
      <symbol id="sm-40d">
         <name>_ISenseU</name>
         <value>0xc10d</value>
         <object_component_ref idref="oc-126"/>
      </symbol>
      <symbol id="sm-40e">
         <name>_ISenseW</name>
         <value>0xc110</value>
         <object_component_ref idref="oc-126"/>
      </symbol>
      <symbol id="sm-40f">
         <name>_ISense1</name>
         <value>0xc10f</value>
         <object_component_ref idref="oc-126"/>
      </symbol>
      <symbol id="sm-410">
         <name>_ISense3</name>
         <value>0xc103</value>
         <object_component_ref idref="oc-126"/>
      </symbol>
      <symbol id="sm-411">
         <name>_ISense2</name>
         <value>0xc104</value>
         <object_component_ref idref="oc-126"/>
      </symbol>
      <symbol id="sm-412">
         <name>_ISense5</name>
         <value>0xc101</value>
         <object_component_ref idref="oc-126"/>
      </symbol>
      <symbol id="sm-413">
         <name>_ISense4</name>
         <value>0xc10a</value>
         <object_component_ref idref="oc-126"/>
      </symbol>
      <symbol id="sm-414">
         <name>_freqhz_pr</name>
         <value>0xc11c</value>
         <object_component_ref idref="oc-126"/>
      </symbol>
      <symbol id="sm-415">
         <name>_duty</name>
         <value>0xc109</value>
         <object_component_ref idref="oc-126"/>
      </symbol>
      <symbol id="sm-416">
         <name>_VSense_Bus</name>
         <value>0xc10e</value>
         <object_component_ref idref="oc-126"/>
      </symbol>
      <symbol id="sm-417">
         <name>_speed_pr</name>
         <value>0xc112</value>
         <object_component_ref idref="oc-126"/>
      </symbol>
      <symbol id="sm-43c">
         <name>_initspeed1</name>
         <value>0x33947a</value>
         <object_component_ref idref="oc-1f4"/>
      </symbol>
      <symbol id="sm-43d">
         <name>_initeqepspeed1</name>
         <value>0x33949a</value>
         <object_component_ref idref="oc-1f4"/>
      </symbol>
      <symbol id="sm-43e">
         <name>_speedcalc</name>
         <value>0x33949f</value>
         <object_component_ref idref="oc-1f4"/>
      </symbol>
      <symbol id="sm-459">
         <name>_c_int00</name>
         <value>0x3399b4</value>
         <object_component_ref idref="oc-4c"/>
      </symbol>
      <symbol id="sm-45a">
         <name>__stack</name>
         <value>0x400</value>
         <object_component_ref idref="oc-138"/>
      </symbol>
      <symbol id="sm-46e">
         <name>C$$EXIT</name>
         <value>0x339cfb</value>
         <object_component_ref idref="oc-1f3"/>
      </symbol>
      <symbol id="sm-46f">
         <name>_exit</name>
         <value>0x339cfd</value>
         <object_component_ref idref="oc-1f3"/>
      </symbol>
      <symbol id="sm-470">
         <name>___TI_cleanup_ptr</name>
         <value>0xc0fc</value>
         <object_component_ref idref="oc-140"/>
      </symbol>
      <symbol id="sm-471">
         <name>_abort</name>
         <value>0x339cfb</value>
         <object_component_ref idref="oc-1f3"/>
      </symbol>
      <symbol id="sm-472">
         <name>___TI_dtors_ptr</name>
         <value>0xc0fe</value>
         <object_component_ref idref="oc-140"/>
      </symbol>
      <symbol id="sm-483">
         <name>FS$$DIV</name>
         <value>0x339640</value>
         <object_component_ref idref="oc-145"/>
      </symbol>
      <symbol id="sm-491">
         <name>I$$MOD</name>
         <value>0x339c00</value>
         <object_component_ref idref="oc-14a"/>
      </symbol>
      <symbol id="sm-492">
         <name>I$$DIV</name>
         <value>0x339bef</value>
         <object_component_ref idref="oc-14a"/>
      </symbol>
      <symbol id="sm-49e">
         <name>UL$$MOD</name>
         <value>0x339b7c</value>
         <object_component_ref idref="oc-14f"/>
      </symbol>
      <symbol id="sm-49f">
         <name>L$$MOD</name>
         <value>0x339b67</value>
         <object_component_ref idref="oc-14f"/>
      </symbol>
      <symbol id="sm-4a0">
         <name>L$$DIV</name>
         <value>0x339b58</value>
         <object_component_ref idref="oc-14f"/>
      </symbol>
      <symbol id="sm-4a1">
         <name>UL$$DIV</name>
         <value>0x339b75</value>
         <object_component_ref idref="oc-14f"/>
      </symbol>
      <symbol id="sm-4b6">
         <name>__unlock</name>
         <value>0xc12c</value>
         <object_component_ref idref="oc-209"/>
      </symbol>
      <symbol id="sm-4b7">
         <name>__lock</name>
         <value>0xc12a</value>
         <object_component_ref idref="oc-1f7"/>
      </symbol>
      <symbol id="sm-4b8">
         <name>__register_lock</name>
         <value>0x339dc4</value>
         <object_component_ref idref="oc-204"/>
      </symbol>
      <symbol id="sm-4b9">
         <name>__nop</name>
         <value>0x339dc8</value>
         <object_component_ref idref="oc-204"/>
      </symbol>
      <symbol id="sm-4ba">
         <name>__register_unlock</name>
         <value>0x339dc0</value>
         <object_component_ref idref="oc-204"/>
      </symbol>
      <symbol id="sm-4c9">
         <name>_sprintf</name>
         <value>0x339a9e</value>
         <object_component_ref idref="oc-203"/>
      </symbol>
      <symbol id="sm-4d5">
         <name>U$$MOD</name>
         <value>0x339dba</value>
         <object_component_ref idref="oc-15e"/>
      </symbol>
      <symbol id="sm-4d6">
         <name>U$$DIV</name>
         <value>0x339db5</value>
         <object_component_ref idref="oc-15e"/>
      </symbol>
      <symbol id="sm-4e6">
         <name>__args_main</name>
         <value>0x339ce2</value>
         <object_component_ref idref="oc-1f2"/>
      </symbol>
      <symbol id="sm-4f8">
         <name>_memcpy</name>
         <value>0x339c6f</value>
         <object_component_ref idref="oc-208"/>
      </symbol>
      <symbol id="sm-625">
         <name>___TI_printfi</name>
         <value>0x338b01</value>
         <object_component_ref idref="oc-207"/>
      </symbol>
      <symbol id="sm-635">
         <name>_strchr</name>
         <value>0x339da9</value>
         <object_component_ref idref="oc-20d"/>
      </symbol>
      <symbol id="sm-643">
         <name>_strcpy</name>
         <value>0x339de2</value>
         <object_component_ref idref="oc-211"/>
      </symbol>
      <symbol id="sm-651">
         <name>_strlen</name>
         <value>0x339dda</value>
         <object_component_ref idref="oc-20b"/>
      </symbol>
      <symbol id="sm-666">
         <name>_atoi</name>
         <value>0x339a6b</value>
         <object_component_ref idref="oc-20a"/>
      </symbol>
      <symbol id="sm-66f">
         <name>__ctypes_</name>
         <value>0x339de8</value>
         <object_component_ref idref="oc-213"/>
      </symbol>
      <symbol id="sm-67f">
         <name>FD$$CMP</name>
         <value>0x339b2e</value>
         <object_component_ref idref="oc-18a"/>
      </symbol>
      <symbol id="sm-696">
         <name>FD$$DIV</name>
         <value>0x3395b5</value>
         <object_component_ref idref="oc-18f"/>
      </symbol>
      <symbol id="sm-6a8">
         <name>FD$$MPY</name>
         <value>0x3396c8</value>
         <object_component_ref idref="oc-194"/>
      </symbol>
      <symbol id="sm-6b5">
         <name>FD$$NEG</name>
         <value>0x339dc9</value>
         <object_component_ref idref="oc-199"/>
      </symbol>
      <symbol id="sm-6c1">
         <name>FD$$SUB</name>
         <value>0x339d81</value>
         <object_component_ref idref="oc-19e"/>
      </symbol>
      <symbol id="sm-6d1">
         <name>FD$$TOFS</name>
         <value>0x339baa</value>
         <object_component_ref idref="oc-1a3"/>
      </symbol>
      <symbol id="sm-6e0">
         <name>FD$$TOI</name>
         <value>0x339c11</value>
         <object_component_ref idref="oc-1a8"/>
      </symbol>
      <symbol id="sm-6ef">
         <name>FD$$TOL</name>
         <value>0x339c32</value>
         <object_component_ref idref="oc-1ad"/>
      </symbol>
      <symbol id="sm-6ff">
         <name>_frexp</name>
         <value>0x339d2c</value>
         <object_component_ref idref="oc-20e"/>
      </symbol>
      <symbol id="sm-70f">
         <name>FS$$TOFD</name>
         <value>0x339caa</value>
         <object_component_ref idref="oc-1b7"/>
      </symbol>
      <symbol id="sm-71f">
         <name>I$$TOFD</name>
         <value>0x339c8d</value>
         <object_component_ref idref="oc-1bc"/>
      </symbol>
      <symbol id="sm-732">
         <name>_ldexp</name>
         <value>0x339a37</value>
         <object_component_ref idref="oc-20f"/>
      </symbol>
      <symbol id="sm-73e">
         <name>LL$$AND</name>
         <value>0x339d14</value>
         <object_component_ref idref="oc-1c6"/>
      </symbol>
      <symbol id="sm-73f">
         <name>LL$$OR</name>
         <value>0x339d1c</value>
         <object_component_ref idref="oc-1c6"/>
      </symbol>
      <symbol id="sm-740">
         <name>LL$$XOR</name>
         <value>0x339d24</value>
         <object_component_ref idref="oc-1c6"/>
      </symbol>
      <symbol id="sm-74e">
         <name>ULL$$CMP</name>
         <value>0x339c63</value>
         <object_component_ref idref="oc-1cb"/>
      </symbol>
      <symbol id="sm-74f">
         <name>LL$$CMP</name>
         <value>0x339c51</value>
         <object_component_ref idref="oc-1cb"/>
      </symbol>
      <symbol id="sm-77b">
         <name>ULL$$MOD</name>
         <value>0x33918d</value>
         <object_component_ref idref="oc-1d0"/>
      </symbol>
      <symbol id="sm-77c">
         <name>ULL$$DIV</name>
         <value>0x33915e</value>
         <object_component_ref idref="oc-1d0"/>
      </symbol>
      <symbol id="sm-77d">
         <name>LL$$MOD</name>
         <value>0x339124</value>
         <object_component_ref idref="oc-1d0"/>
      </symbol>
      <symbol id="sm-77e">
         <name>LL$$DIV</name>
         <value>0x3390e8</value>
         <object_component_ref idref="oc-1d0"/>
      </symbol>
      <symbol id="sm-78d">
         <name>_ltoa</name>
         <value>0x339b00</value>
         <object_component_ref idref="oc-20c"/>
      </symbol>
      <symbol id="sm-79d">
         <name>L$$TOFD</name>
         <value>0x339cc6</value>
         <object_component_ref idref="oc-1da"/>
      </symbol>
      <symbol id="sm-7ad">
         <name>_memccpy</name>
         <value>0x339d8f</value>
         <object_component_ref idref="oc-212"/>
      </symbol>
      <symbol id="sm-7bc">
         <name>_memset</name>
         <value>0x339d9d</value>
         <object_component_ref idref="oc-210"/>
      </symbol>
      <symbol id="sm-7c7">
         <name>_errno</name>
         <value>0xc133</value>
         <object_component_ref idref="oc-1eb"/>
      </symbol>
      <symbol id="sm-7e2">
         <name>FD$$ADD</name>
         <value>0x339519</value>
         <object_component_ref idref="oc-1ed"/>
      </symbol>
   </symbol_table>
   <title>Link successful</title>
</link_info>
