******************************************************************************
             TMS320C2000 Linker PC v6.4.2                      
******************************************************************************
>> Linked Fri Mar 25 17:14:02 2016

OUTPUT FILE NAME:   <voice_motor_28335.out>
ENTRY POINT SYMBOL: "_c_int00"  address: 000099e5


MEMORY CONFIGURATION

         name            origin    length      used     unused   attr    fill
----------------------  --------  ---------  --------  --------  ----  --------
PAGE 0:
  BEGIN                 00000000   00000002  00000002  00000000  RWIX
  RAMM0                 00000050   000003b0  00000000  000003b0  RWIX
  RAML0                 00008000   00001000  0000014c  00000eb4  RWIX
  RAML1                 00009000   00001000  00000b99  00000467  RWIX
  RAML2                 0000a000   00001000  00000000  00001000  RWIX
  RAML3                 0000b000   00001000  00000000  00001000  RWIX
  ZONE7A                00200000   0000fc00  00000000  0000fc00  RWIX
  CSM_RSVD              0033ff80   00000076  00000000  00000076  RWIX
  CSM_PWL               0033fff8   00000008  00000000  00000008  RWIX
  ADC_CAL               00380080   00000009  00000007  00000002  RWIX
  IQTABLES              003fe000   00000b50  00000000  00000b50  RWIX
  IQTABLES2             003feb50   0000008c  00000000  0000008c  RWIX
  FPUTABLES             003febdc   000006a0  00000000  000006a0  RWIX
  BOOTROM               003ff27c   00000d44  00000000  00000d44  RWIX
  RESET                 003fffc0   00000002  00000000  00000002  RWIX

PAGE 1:
  BOOT_RSVD             00000002   0000004e  0000004e  00000000  RWIX
  RAMM1                 00000400   00000400  00000400  00000000  RWIX
  RAML4                 0000c000   00001000  00000a5e  000005a2  RWIX
  RAML5                 0000d000   00001000  00000100  00000f00  RWIX
  RAML6                 0000e000   00001000  00000000  00001000  RWIX
  RAML7                 0000f000   00001000  00000000  00001000  RWIX
  ZONE7B                0020fc00   00000400  00000000  00000400  RWIX


SECTION ALLOCATION MAP

 output                                  attributes/
section   page    origin      length       input sections
--------  ----  ----------  ----------   ----------------
codestart 
*          0    00000000    00000002     
                  00000000    00000002     DSP2833x_CodeStartBranch.obj (codestart)

.cinit     0    00008000    000000d2     
                  00008000    00000065     main.obj (.cinit)
                  00008065    00000024     key14.obj (.cinit)
                  00008089    00000010     lcd12864spi.obj (.cinit)
                  00008099    0000000c     epwmdb2.obj (.cinit)
                  000080a5    0000000a     rts2800_fpu32.lib : exit.obj (.cinit)
                  000080af    00000009     cap6.obj (.cinit)
                  000080b8    00000005     rts2800_fpu32.lib : _lock.obj (.cinit:__lock)
                  000080bd    00000005                       : _lock.obj (.cinit:__unlock)
                  000080c2    00000005     freq.obj (.cinit)
                  000080c7    00000005     speed.obj (.cinit)
                  000080cc    00000004     cap5.obj (.cinit)
                  000080d0    00000002     --HOLE-- [fill = 0]

ramfuncs   0    000080d2    0000007a     
                  000080d2    00000076     cuptimer.obj (ramfuncs:retain)
                  00008148    00000004     DSP2833x_usDelay.obj (ramfuncs)

.text      0    00009000    00000b99     
                  00009000    00000316     DSP2833x_DefaultIsr.obj (.text:retain)
                  00009316    000001ef     key14.obj (.text)
                  00009505    000000f8     DSP2833x_SysCtrl.obj (.text)
                  000095fd    000000c8     DSP2833x_EPwm.obj (.text)
                  000096c5    0000009f     speed.obj (.text)
                  00009764    00000088     rts2800_fpu32.lib : fs_div.obj (.text)
                  000097ec    00000076     cap6.obj (.text:retain)
                  00009862    00000073     DSP2833x_CpuTimers.obj (.text)
                  000098d5    00000061     cap5.obj (.text:retain)
                  00009936    00000059     epwmdb2.obj (.text)
                  0000998f    00000056     DSP2833x_EQep.obj (.text)
                  000099e5    00000046     rts2800_fpu32.lib : boot.obj (.text)
                  00009a2b    0000003d     cuptimer.obj (.text)
                  00009a68    00000030     key14.obj (.text:retain)
                  00009a98    00000028     DSP2833x_PieCtrl.obj (.text)
                  00009ac0    00000028     main.obj (.text)
                  00009ae8    00000022     DSP2833x_PieVect.obj (.text)
                  00009b0a    00000022     rts2800_fpu32.lib : i_div.obj (.text)
                  00009b2c    00000019                       : args_main.obj (.text)
                  00009b45    00000019                       : exit.obj (.text)
                  00009b5e    00000015     epwmdb2.obj (.text:retain)
                  00009b73    00000015     eqepwm1.obj (.text:retain)
                  00009b88    00000009     rts2800_fpu32.lib : _lock.obj (.text)
                  00009b91    00000008     DSP2833x_CodeStartBranch.obj (.text)

.pinit     0    00008000    00000000     UNINITIALIZED

.adc_cal   0    00380080    00000007     NOLOAD SECTION
                  00380080    00000007     DSP2833x_ADC_cal.obj (.adc_cal)

ECanaRegsFile 
*          1    00000002    00000034     UNINITIALIZED
                  00000002    00000034     DSP2833x_GlobalVariableDefs.obj (ECanaRegsFile)

GpioIntRegsFile 
*          1    00000036    0000000a     UNINITIALIZED
                  00000036    0000000a     DSP2833x_GlobalVariableDefs.obj (GpioIntRegsFile)

AdcMirrorFile 
*          1    00000040    00000010     UNINITIALIZED
                  00000040    00000010     DSP2833x_GlobalVariableDefs.obj (AdcMirrorFile)

.stack     1    00000400    00000300     UNINITIALIZED
                  00000400    00000300     --HOLE--

ECanaMboxesFile 
*          1    00000700    00000100     UNINITIALIZED
                  00000700    00000100     DSP2833x_GlobalVariableDefs.obj (ECanaMboxesFile)

.ebss      1    0000c000    00000135     UNINITIALIZED
                  0000c000    00000080     adc.obj (.ebss)
                  0000c080    00000040     lcd12864spi.obj (.ebss)
                  0000c0c0    00000024     cap6.obj (.ebss)
                  0000c0e4    00000018     DSP2833x_CpuTimers.obj (.ebss)
                  0000c0fc    00000004     rts2800_fpu32.lib : exit.obj (.ebss)
                  0000c100    00000020     main.obj (.ebss)
                  0000c120    00000009     key14.obj (.ebss)
                  0000c129    00000003     epwmdb2.obj (.ebss)
                  0000c12c    00000002     rts2800_fpu32.lib : _lock.obj (.ebss:__lock)
                  0000c12e    00000002                       : _lock.obj (.ebss:__unlock)
                  0000c130    00000002     freq.obj (.ebss)
                  0000c132    00000002     speed.obj (.ebss)
                  0000c134    00000001     cap5.obj (.ebss)

PartIdRegsFile 
*          1    0000c135    00000001     UNINITIALIZED
                  0000c135    00000001     DSP2833x_GlobalVariableDefs.obj (PartIdRegsFile)

CpuTimer0RegsFile 
*          1    0000c136    00000008     UNINITIALIZED
                  0000c136    00000008     DSP2833x_GlobalVariableDefs.obj (CpuTimer0RegsFile)

ECanbMboxesFile 
*          1    0000c140    00000100     UNINITIALIZED
                  0000c140    00000100     DSP2833x_GlobalVariableDefs.obj (ECanbMboxesFile)

PieVectTableFile 
*          1    0000c240    00000100     UNINITIALIZED
                  0000c240    00000100     DSP2833x_GlobalVariableDefs.obj (PieVectTableFile)

DmaRegsFile 
*          1    0000c340    000000e0     UNINITIALIZED
                  0000c340    000000e0     DSP2833x_GlobalVariableDefs.obj (DmaRegsFile)

ECap1RegsFile 
*          1    0000c420    00000020     UNINITIALIZED
                  0000c420    00000020     DSP2833x_GlobalVariableDefs.obj (ECap1RegsFile)

DevEmuRegsFile 
*          1    0000c440    000000d0     UNINITIALIZED
                  0000c440    000000d0     DSP2833x_GlobalVariableDefs.obj (DevEmuRegsFile)

GpioCtrlRegsFile 
*          1    0000c510    0000002e     UNINITIALIZED
                  0000c510    0000002e     DSP2833x_GlobalVariableDefs.obj (GpioCtrlRegsFile)

ECanaLAMRegsFile 
*          1    0000c540    00000040     UNINITIALIZED
                  0000c540    00000040     DSP2833x_GlobalVariableDefs.obj (ECanaLAMRegsFile)

ECanaMOTORegsFile 
*          1    0000c580    00000040     UNINITIALIZED
                  0000c580    00000040     DSP2833x_GlobalVariableDefs.obj (ECanaMOTORegsFile)

ECanaMOTSRegsFile 
*          1    0000c5c0    00000040     UNINITIALIZED
                  0000c5c0    00000040     DSP2833x_GlobalVariableDefs.obj (ECanaMOTSRegsFile)

ECanbLAMRegsFile 
*          1    0000c600    00000040     UNINITIALIZED
                  0000c600    00000040     DSP2833x_GlobalVariableDefs.obj (ECanbLAMRegsFile)

ECanbMOTORegsFile 
*          1    0000c640    00000040     UNINITIALIZED
                  0000c640    00000040     DSP2833x_GlobalVariableDefs.obj (ECanbMOTORegsFile)

ECanbMOTSRegsFile 
*          1    0000c680    00000040     UNINITIALIZED
                  0000c680    00000040     DSP2833x_GlobalVariableDefs.obj (ECanbMOTSRegsFile)

EQep1RegsFile 
*          1    0000c6c0    00000040     UNINITIALIZED
                  0000c6c0    00000040     DSP2833x_GlobalVariableDefs.obj (EQep1RegsFile)

EQep2RegsFile 
*          1    0000c700    00000040     UNINITIALIZED
                  0000c700    00000040     DSP2833x_GlobalVariableDefs.obj (EQep2RegsFile)

ECanbRegsFile 
*          1    0000c740    00000034     UNINITIALIZED
                  0000c740    00000034     DSP2833x_GlobalVariableDefs.obj (ECanbRegsFile)

CpuTimer1RegsFile 
*          1    0000c774    00000008     UNINITIALIZED
                  0000c774    00000008     DSP2833x_GlobalVariableDefs.obj (CpuTimer1RegsFile)

McbspaRegsFile 
*          1    0000c780    00000025     UNINITIALIZED
                  0000c780    00000025     DSP2833x_GlobalVariableDefs.obj (McbspaRegsFile)

PieCtrlRegsFile 
*          1    0000c7a5    0000001a     UNINITIALIZED
                  0000c7a5    0000001a     DSP2833x_GlobalVariableDefs.obj (PieCtrlRegsFile)

McbspbRegsFile 
*          1    0000c7c0    00000025     UNINITIALIZED
                  0000c7c0    00000025     DSP2833x_GlobalVariableDefs.obj (McbspbRegsFile)

CsmRegsFile 
*          1    0000c7e5    00000010     UNINITIALIZED
                  0000c7e5    00000010     DSP2833x_GlobalVariableDefs.obj (CsmRegsFile)

CpuTimer2RegsFile 
*          1    0000c7f6    00000008     UNINITIALIZED
                  0000c7f6    00000008     DSP2833x_GlobalVariableDefs.obj (CpuTimer2RegsFile)

EPwm1RegsFile 
*          1    0000c800    00000022     UNINITIALIZED
                  0000c800    00000022     DSP2833x_GlobalVariableDefs.obj (EPwm1RegsFile)

AdcRegsFile 
*          1    0000c822    0000001e     UNINITIALIZED
                  0000c822    0000001e     DSP2833x_GlobalVariableDefs.obj (AdcRegsFile)

EPwm2RegsFile 
*          1    0000c840    00000022     UNINITIALIZED
                  0000c840    00000022     DSP2833x_GlobalVariableDefs.obj (EPwm2RegsFile)

XintfRegsFile 
*          1    0000c862    0000001e     UNINITIALIZED
                  0000c862    0000001e     DSP2833x_GlobalVariableDefs.obj (XintfRegsFile)

EPwm3RegsFile 
*          1    0000c880    00000022     UNINITIALIZED
                  0000c880    00000022     DSP2833x_GlobalVariableDefs.obj (EPwm3RegsFile)

SciaRegsFile 
*          1    0000c8a2    00000010     UNINITIALIZED
                  0000c8a2    00000010     DSP2833x_GlobalVariableDefs.obj (SciaRegsFile)

CsmPwlFile 
*          1    0000c8b2    00000008     UNINITIALIZED
                  0000c8b2    00000008     DSP2833x_GlobalVariableDefs.obj (CsmPwlFile)

EPwm4RegsFile 
*          1    0000c8c0    00000022     UNINITIALIZED
                  0000c8c0    00000022     DSP2833x_GlobalVariableDefs.obj (EPwm4RegsFile)

ScibRegsFile 
*          1    0000c8e2    00000010     UNINITIALIZED
                  0000c8e2    00000010     DSP2833x_GlobalVariableDefs.obj (ScibRegsFile)

FlashRegsFile 
*          1    0000c8f2    00000008     UNINITIALIZED
                  0000c8f2    00000008     DSP2833x_GlobalVariableDefs.obj (FlashRegsFile)

EPwm5RegsFile 
*          1    0000c900    00000022     UNINITIALIZED
                  0000c900    00000022     DSP2833x_GlobalVariableDefs.obj (EPwm5RegsFile)

ScicRegsFile 
*          1    0000c922    00000010     UNINITIALIZED
                  0000c922    00000010     DSP2833x_GlobalVariableDefs.obj (ScicRegsFile)

EPwm6RegsFile 
*          1    0000c940    00000022     UNINITIALIZED
                  0000c940    00000022     DSP2833x_GlobalVariableDefs.obj (EPwm6RegsFile)

SpiaRegsFile 
*          1    0000c962    00000010     UNINITIALIZED
                  0000c962    00000010     DSP2833x_GlobalVariableDefs.obj (SpiaRegsFile)

I2caRegsFile 
*          1    0000c980    00000022     UNINITIALIZED
                  0000c980    00000022     DSP2833x_GlobalVariableDefs.obj (I2caRegsFile)

XIntruptRegsFile 
*          1    0000c9a2    00000010     UNINITIALIZED
                  0000c9a2    00000010     DSP2833x_GlobalVariableDefs.obj (XIntruptRegsFile)

ECap2RegsFile 
*          1    0000c9c0    00000020     UNINITIALIZED
                  0000c9c0    00000020     DSP2833x_GlobalVariableDefs.obj (ECap2RegsFile)

ECap3RegsFile 
*          1    0000c9e0    00000020     UNINITIALIZED
                  0000c9e0    00000020     DSP2833x_GlobalVariableDefs.obj (ECap3RegsFile)

ECap4RegsFile 
*          1    0000ca00    00000020     UNINITIALIZED
                  0000ca00    00000020     DSP2833x_GlobalVariableDefs.obj (ECap4RegsFile)

ECap5RegsFile 
*          1    0000ca20    00000020     UNINITIALIZED
                  0000ca20    00000020     DSP2833x_GlobalVariableDefs.obj (ECap5RegsFile)

ECap6RegsFile 
*          1    0000ca40    00000020     UNINITIALIZED
                  0000ca40    00000020     DSP2833x_GlobalVariableDefs.obj (ECap6RegsFile)

GpioDataRegsFile 
*          1    0000ca60    00000020     UNINITIALIZED
                  0000ca60    00000020     DSP2833x_GlobalVariableDefs.obj (GpioDataRegsFile)

SysCtrlRegsFile 
*          1    0000ca80    00000020     UNINITIALIZED
                  0000ca80    00000020     DSP2833x_GlobalVariableDefs.obj (SysCtrlRegsFile)

.econst    1    0000d000    00000100     
                  0000d000    00000100     DSP2833x_PieVect.obj (.econst)

.reset     0    003fffc0    00000002     DSECT
                  003fffc0    00000002     rts2800_fpu32.lib : boot.obj (.reset)

csm_rsvd   0    0033ff80    00000000     DSECT

csmpasswds 
*          0    0033fff8    00000000     DSECT


GLOBAL DATA SYMBOLS: SORTED BY DATA PAGE

address     data page           name
--------    ----------------    ----
00000002       0 (00000000)     _ECanaRegs
00000036       0 (00000000)     _GpioIntRegs

00000040       1 (00000040)     _AdcMirror

00000400      10 (00000400)     __stack

00000700      1c (00000700)     _ECanaMboxes

0000c000     300 (0000c000)     _SampleTable2
0000c010     300 (0000c000)     _SampleTable3
0000c020     300 (0000c000)     _SampleTable0
0000c030     300 (0000c000)     _SampleTable1

0000c040     301 (0000c040)     _SampleTable6
0000c050     301 (0000c040)     _SampleTable7
0000c060     301 (0000c040)     _SampleTable4
0000c070     301 (0000c040)     _SampleTable5

0000c080     302 (0000c080)     _LCD_BUF_2
0000c090     302 (0000c080)     _LCD_BUF_3
0000c0a0     302 (0000c080)     _LCD_BUF_4
0000c0b0     302 (0000c080)     _LCD_BUF_1

0000c0c2     303 (0000c0c0)     _cap_value_all
0000c0c4     303 (0000c0c0)     _cap_value
0000c0e4     303 (0000c0c0)     _CpuTimer1
0000c0ec     303 (0000c0c0)     _CpuTimer2
0000c0f4     303 (0000c0c0)     _CpuTimer0
0000c0fc     303 (0000c0c0)     ___TI_cleanup_ptr
0000c0fe     303 (0000c0c0)     ___TI_dtors_ptr

0000c100     304 (0000c100)     _sec
0000c101     304 (0000c100)     _adc_finish
0000c102     304 (0000c100)     _duty
0000c103     304 (0000c100)     _Freq_cap_hall
0000c104     304 (0000c100)     _dir
0000c105     304 (0000c100)     _flag_updowm
0000c106     304 (0000c100)     _pwm
0000c107     304 (0000c100)     _updown_state
0000c108     304 (0000c100)     _ReceivedChar
0000c109     304 (0000c100)     _data
0000c10a     304 (0000c100)     _Freq_cap
0000c10b     304 (0000c100)     _ISenseW
0000c10c     304 (0000c100)     _ISenseU
0000c10d     304 (0000c100)     _ISense2
0000c10e     304 (0000c100)     _ISense1
0000c10f     304 (0000c100)     _VSense_Bus
0000c110     304 (0000c100)     _ISense4
0000c111     304 (0000c100)     _ISense3
0000c112     304 (0000c100)     _ISense5
0000c114     304 (0000c100)     _uptime
0000c116     304 (0000c100)     _freqhz_pr
0000c118     304 (0000c100)     _freqhz_fr
0000c11a     304 (0000c100)     _msg
0000c11c     304 (0000c100)     _speed_fr
0000c11e     304 (0000c100)     _speed_pr
0000c129     304 (0000c100)     _EPWM2_STEP_ten
0000c12a     304 (0000c100)     _EPWM2_STEP_one
0000c12b     304 (0000c100)     _EPWM2_STEP_zero_one
0000c12c     304 (0000c100)     __lock
0000c12e     304 (0000c100)     __unlock
0000c135     304 (0000c100)     _PartIdRegs
0000c136     304 (0000c100)     _CpuTimer0Regs

0000c140     305 (0000c140)     _ECanbMboxes

0000c240     309 (0000c240)     _PieVectTable

0000c340     30d (0000c340)     _DmaRegs

0000c420     310 (0000c400)     _ECap1Regs

0000c440     311 (0000c440)     _DevEmuRegs

0000c510     314 (0000c500)     _GpioCtrlRegs

0000c540     315 (0000c540)     _ECanaLAMRegs

0000c580     316 (0000c580)     _ECanaMOTORegs

0000c5c0     317 (0000c5c0)     _ECanaMOTSRegs

0000c600     318 (0000c600)     _ECanbLAMRegs

0000c640     319 (0000c640)     _ECanbMOTORegs

0000c680     31a (0000c680)     _ECanbMOTSRegs

0000c6c0     31b (0000c6c0)     _EQep1Regs

0000c700     31c (0000c700)     _EQep2Regs

0000c740     31d (0000c740)     _ECanbRegs
0000c774     31d (0000c740)     _CpuTimer1Regs

0000c780     31e (0000c780)     _McbspaRegs
0000c7a5     31e (0000c780)     _PieCtrlRegs

0000c7c0     31f (0000c7c0)     _McbspbRegs
0000c7e5     31f (0000c7c0)     _CsmRegs
0000c7f6     31f (0000c7c0)     _CpuTimer2Regs

0000c800     320 (0000c800)     _EPwm1Regs
0000c822     320 (0000c800)     _AdcRegs

0000c840     321 (0000c840)     _EPwm2Regs
0000c862     321 (0000c840)     _XintfRegs

0000c880     322 (0000c880)     _EPwm3Regs
0000c8a2     322 (0000c880)     _SciaRegs
0000c8b2     322 (0000c880)     _CsmPwl

0000c8c0     323 (0000c8c0)     _EPwm4Regs
0000c8e2     323 (0000c8c0)     _ScibRegs
0000c8f2     323 (0000c8c0)     _FlashRegs

0000c900     324 (0000c900)     _EPwm5Regs
0000c922     324 (0000c900)     _ScicRegs

0000c940     325 (0000c940)     _EPwm6Regs
0000c962     325 (0000c940)     _SpiaRegs

0000c980     326 (0000c980)     _I2caRegs
0000c9a2     326 (0000c980)     _XIntruptRegs

0000c9c0     327 (0000c9c0)     _ECap2Regs
0000c9e0     327 (0000c9c0)     _ECap3Regs

0000ca00     328 (0000ca00)     _ECap4Regs
0000ca20     328 (0000ca00)     _ECap5Regs

0000ca40     329 (0000ca40)     _ECap6Regs
0000ca60     329 (0000ca40)     _GpioDataRegs

0000ca80     32a (0000ca80)     _SysCtrlRegs

0000d000     340 (0000d000)     _PieVectTableInit


GLOBAL SYMBOLS: SORTED ALPHABETICALLY BY Name 

page  address   name                 
----  -------   ----                 
0     00009000  .text                
0     00009b45  C$$EXIT              
0     00009764  FS$$DIV              
0     00009b0a  I$$DIV               
0     00009b1b  I$$MOD               
0     000090e6  _ADCINT_ISR          
0     00380080  _ADC_cal             
1     00000040  _AdcMirror           
1     0000c822  _AdcRegs             
0     0000989b  _ConfigCpuTimer      
1     0000c0f4  _CpuTimer0           
1     0000c136  _CpuTimer0Regs       
1     0000c0e4  _CpuTimer1           
1     0000c774  _CpuTimer1Regs       
1     0000c0ec  _CpuTimer2           
1     0000c7f6  _CpuTimer2Regs       
1     0000c8b2  _CsmPwl              
1     0000c7e5  _CsmRegs             
0     000095cc  _CsmUnlock           
0     00009014  _DATALOG_ISR         
0     00009208  _DINTCH1_ISR         
0     00009212  _DINTCH2_ISR         
0     0000921c  _DINTCH3_ISR         
0     00009226  _DINTCH4_ISR         
0     00009230  _DINTCH5_ISR         
0     0000923a  _DINTCH6_ISR         
0     00008148  _DSP28x_usDelay      
1     0000c440  _DevEmuRegs          
0     00009518  _DisableDog          
1     0000c340  _DmaRegs             
0     00009294  _ECAN0INTA_ISR       
0     000092a8  _ECAN0INTB_ISR       
0     0000929e  _ECAN1INTA_ISR       
0     000092b2  _ECAN1INTB_ISR       
0     0000917c  _ECAP1_INT_ISR       
0     00009186  _ECAP2_INT_ISR       
0     00009190  _ECAP3_INT_ISR       
0     0000919a  _ECAP4_INT_ISR       
0     000091a4  _ECAP5_INT_ISR       
0     000091ae  _ECAP6_INT_ISR       
1     0000c540  _ECanaLAMRegs        
1     0000c580  _ECanaMOTORegs       
1     0000c5c0  _ECanaMOTSRegs       
1     00000700  _ECanaMboxes         
1     00000002  _ECanaRegs           
1     0000c600  _ECanbLAMRegs        
1     0000c640  _ECanbMOTORegs       
1     0000c680  _ECanbMOTSRegs       
1     0000c140  _ECanbMboxes         
1     0000c740  _ECanbRegs           
1     0000c420  _ECap1Regs           
1     0000c9c0  _ECap2Regs           
1     0000c9e0  _ECap3Regs           
1     0000ca00  _ECap4Regs           
1     0000ca20  _ECap5Regs           
1     0000ca40  _ECap6Regs           
0     00009028  _EMUINT_ISR          
0     00009140  _EPWM1_INT_ISR       
0     00009104  _EPWM1_TZINT_ISR     
0     0000914a  _EPWM2_INT_ISR       
1     0000c12a  _EPWM2_STEP_one      
1     0000c129  _EPWM2_STEP_ten      
1     0000c12b  _EPWM2_STEP_zero_one 
0     0000910e  _EPWM2_TZINT_ISR     
0     00009154  _EPWM3_INT_ISR       
0     00009118  _EPWM3_TZINT_ISR     
0     0000915e  _EPWM4_INT_ISR       
0     00009122  _EPWM4_TZINT_ISR     
0     00009168  _EPWM5_INT_ISR       
0     0000912c  _EPWM5_TZINT_ISR     
0     00009172  _EPWM6_INT_ISR       
0     00009136  _EPWM6_TZINT_ISR     
1     0000c800  _EPwm1Regs           
1     0000c840  _EPwm2Regs           
1     0000c880  _EPwm3Regs           
1     0000c8c0  _EPwm4Regs           
1     0000c900  _EPwm5Regs           
1     0000c940  _EPwm6Regs           
0     000091b8  _EQEP1_INT_ISR       
0     000091c2  _EQEP2_INT_ISR       
1     0000c6c0  _EQep1Regs           
1     0000c700  _EQep2Regs           
0     00009ab7  _EnableInterrupts    
1     0000c8f2  _FlashRegs           
1     0000c10a  _Freq_cap            
1     0000c103  _Freq_cap_hall       
1     0000c510  _GpioCtrlRegs        
1     0000ca60  _GpioDataRegs        
1     00000036  _GpioIntRegs         
0     00009244  _I2CINT1A_ISR        
0     0000924e  _I2CINT2A_ISR        
1     0000c980  _I2caRegs            
0     0000903c  _ILLEGAL_ISR         
0     00009000  _INT13_ISR           
0     0000900a  _INT14_ISR           
1     0000c10e  _ISense1             
1     0000c10d  _ISense2             
1     0000c111  _ISense3             
1     0000c110  _ISense4             
1     0000c112  _ISense5             
1     0000c10c  _ISenseU             
1     0000c10b  _ISenseW             
0     00009862  _InitCpuTimers       
0     000095fd  _InitEPwm            
0     0000960b  _InitEPwm1Gpio       
0     0000995a  _InitEPwm2Example    
0     0000961d  _InitEPwm2Gpio       
0     0000962f  _InitEPwm3Gpio       
0     00009643  _InitEPwm4Gpio       
0     00009657  _InitEPwm5Gpio       
0     00009669  _InitEPwm6Gpio       
0     000095fe  _InitEPwmGpio        
0     0000967b  _InitEPwmSyncGpio    
0     0000998f  _InitEQep            
0     00009995  _InitEQep1Gpio       
0     000099bf  _InitEQep2Gpio       
0     00009990  _InitEQepGpio        
0     00009571  _InitPeripheralClocks
0     00009a98  _InitPieCtrl         
0     00009ae8  _InitPieVectTable    
0     00009520  _InitPll             
0     00009505  _InitSysCtrl         
0     0000968f  _InitTzGpio          
0     00009316  _KEY_A_Onclick       
0     00009361  _KEY_B_Onclick       
0     00009375  _KEY_C_Onclick       
0     00009383  _KEY_D_Onclick       
0     00009391  _KEY_E_Onclick       
0     0000939f  _KEY_F_Onclick       
0     000093ad  _KEY_G_Onclick       
0     000093ba  _KEY_H_Onclick       
0     00009414  _KEY_IODect          
0     000093de  _KEY_SIG_init        
1     0000c0b0  _LCD_BUF_1           
1     0000c080  _LCD_BUF_2           
1     0000c090  _LCD_BUF_3           
1     0000c0a0  _LCD_BUF_4           
0     000092f8  _LUF_ISR             
0     000092ee  _LVF_ISR             
0     000091f4  _MRINTA_ISR          
0     000091e0  _MRINTB_ISR          
0     000091fe  _MXINTA_ISR          
0     000091ea  _MXINTB_ISR          
1     0000c780  _McbspaRegs          
1     0000c7c0  _McbspbRegs          
0     00009032  _NMI_ISR             
0     00009302  _PIE_RESERVED        
1     0000c135  _PartIdRegs          
1     0000c7a5  _PieCtrlRegs         
1     0000c240  _PieVectTable        
1     0000d000  _PieVectTableInit    
0     0000901e  _RTOSINT_ISR         
1     0000c108  _ReceivedChar        
0     0000926c  _SCIRXINTA_ISR       
0     00009280  _SCIRXINTB_ISR       
0     00009258  _SCIRXINTC_ISR       
0     00009276  _SCITXINTA_ISR       
0     0000928a  _SCITXINTB_ISR       
0     00009262  _SCITXINTC_ISR       
0     000090be  _SEQ1INT_ISR         
0     000090c8  _SEQ2INT_ISR         
0     000091cc  _SPIRXINTA_ISR       
0     000091d6  _SPITXINTA_ISR       
1     0000c020  _SampleTable0        
1     0000c030  _SampleTable1        
1     0000c000  _SampleTable2        
1     0000c010  _SampleTable3        
1     0000c060  _SampleTable4        
1     0000c070  _SampleTable5        
1     0000c040  _SampleTable6        
1     0000c050  _SampleTable7        
1     0000c8a2  _SciaRegs            
1     0000c8e2  _ScibRegs            
1     0000c922  _ScicRegs            
0     0000950e  _ServiceDog          
1     0000c962  _SpiaRegs            
1     0000ca80  _SysCtrlRegs         
0     000090f0  _TINT0_ISR           
0     000090a0  _USER10_ISR          
0     000090aa  _USER11_ISR          
0     000090b4  _USER12_ISR          
0     00009046  _USER1_ISR           
0     00009050  _USER2_ISR           
0     0000905a  _USER3_ISR           
0     00009064  _USER4_ISR           
0     0000906e  _USER5_ISR           
0     00009078  _USER6_ISR           
0     00009082  _USER7_ISR           
0     0000908c  _USER8_ISR           
0     00009096  _USER9_ISR           
1     0000c10f  _VSense_Bus          
0     000090fa  _WAKEINT_ISR         
0     000094e7  _WDT_INIT            
0     000090d2  _XINT1_ISR           
0     000090dc  _XINT2_ISR           
0     000092bc  _XINT3_ISR           
0     000092c6  _XINT4_ISR           
0     000092d0  _XINT5_ISR           
0     000092da  _XINT6_ISR           
0     000092e4  _XINT7_ISR           
1     0000c9a2  _XIntruptRegs        
1     0000c862  _XintfRegs           
1     00000700  __STACK_END          
abs   00000300  __STACK_SIZE         
1     0000c0fc  ___TI_cleanup_ptr    
1     0000c0fe  ___TI_dtors_ptr      
abs   ffffffff  ___binit__           
abs   ffffffff  ___c_args__          
0     00008000  ___cinit__           
0     00009b99  ___etext__           
abs   ffffffff  ___pinit__           
0     00009000  ___text__            
0     00009b2c  __args_main          
1     0000c12c  __lock               
0     00009b90  __nop                
0     00009b8c  __register_lock      
0     00009b88  __register_unlock    
1     00000400  __stack              
1     0000c12e  __unlock             
0     00009b45  _abort               
1     0000c101  _adc_finish          
0     000099e5  _c_int00             
1     0000c0c4  _cap_value           
1     0000c0c2  _cap_value_all       
0     000080d2  _cpu_timer0_isr      
0     000080f4  _cpu_timer1_isr      
0     00008113  _cpu_timer2_isr      
1     0000c109  _data                
1     0000c104  _dir                 
1     0000c102  _duty                
0     000098d5  _ecap5_isr           
0     000097ec  _ecap6_isr           
0     00009b73  _epwm1_isr           
0     00009b5e  _epwm2_isr           
0     00009b47  _exit                
1     0000c105  _flag_updowm         
1     0000c118  _freqhz_fr           
1     0000c116  _freqhz_pr           
0     00009a2b  _initcputimer        
0     00009936  _initepwmdb2         
0     000096e5  _initeqepspeed1      
0     000096c5  _initspeed1          
0     00009ac0  _main                
1     0000c11a  _msg                 
1     0000c106  _pwm                 
0     0000930c  _rsvd_ISR            
1     0000c100  _sec                 
1     0000c11c  _speed_fr            
1     0000c11e  _speed_pr            
0     000096ea  _speedcalc           
1     0000c107  _updown_state        
1     0000c114  _uptime              
0     00009a68  _wakeint_isr         
abs   ffffffff  binit                
0     00008000  cinit                
0     00000000  code_start           
0     00009b99  etext                
abs   ffffffff  pinit                


GLOBAL SYMBOLS: SORTED BY Symbol Address 

page  address   name                 
----  -------   ----                 
0     00000000  code_start           
0     00008000  ___cinit__           
0     00008000  cinit                
0     000080d2  _cpu_timer0_isr      
0     000080f4  _cpu_timer1_isr      
0     00008113  _cpu_timer2_isr      
0     00008148  _DSP28x_usDelay      
0     00009000  .text                
0     00009000  _INT13_ISR           
0     00009000  ___text__            
0     0000900a  _INT14_ISR           
0     00009014  _DATALOG_ISR         
0     0000901e  _RTOSINT_ISR         
0     00009028  _EMUINT_ISR          
0     00009032  _NMI_ISR             
0     0000903c  _ILLEGAL_ISR         
0     00009046  _USER1_ISR           
0     00009050  _USER2_ISR           
0     0000905a  _USER3_ISR           
0     00009064  _USER4_ISR           
0     0000906e  _USER5_ISR           
0     00009078  _USER6_ISR           
0     00009082  _USER7_ISR           
0     0000908c  _USER8_ISR           
0     00009096  _USER9_ISR           
0     000090a0  _USER10_ISR          
0     000090aa  _USER11_ISR          
0     000090b4  _USER12_ISR          
0     000090be  _SEQ1INT_ISR         
0     000090c8  _SEQ2INT_ISR         
0     000090d2  _XINT1_ISR           
0     000090dc  _XINT2_ISR           
0     000090e6  _ADCINT_ISR          
0     000090f0  _TINT0_ISR           
0     000090fa  _WAKEINT_ISR         
0     00009104  _EPWM1_TZINT_ISR     
0     0000910e  _EPWM2_TZINT_ISR     
0     00009118  _EPWM3_TZINT_ISR     
0     00009122  _EPWM4_TZINT_ISR     
0     0000912c  _EPWM5_TZINT_ISR     
0     00009136  _EPWM6_TZINT_ISR     
0     00009140  _EPWM1_INT_ISR       
0     0000914a  _EPWM2_INT_ISR       
0     00009154  _EPWM3_INT_ISR       
0     0000915e  _EPWM4_INT_ISR       
0     00009168  _EPWM5_INT_ISR       
0     00009172  _EPWM6_INT_ISR       
0     0000917c  _ECAP1_INT_ISR       
0     00009186  _ECAP2_INT_ISR       
0     00009190  _ECAP3_INT_ISR       
0     0000919a  _ECAP4_INT_ISR       
0     000091a4  _ECAP5_INT_ISR       
0     000091ae  _ECAP6_INT_ISR       
0     000091b8  _EQEP1_INT_ISR       
0     000091c2  _EQEP2_INT_ISR       
0     000091cc  _SPIRXINTA_ISR       
0     000091d6  _SPITXINTA_ISR       
0     000091e0  _MRINTB_ISR          
0     000091ea  _MXINTB_ISR          
0     000091f4  _MRINTA_ISR          
0     000091fe  _MXINTA_ISR          
0     00009208  _DINTCH1_ISR         
0     00009212  _DINTCH2_ISR         
0     0000921c  _DINTCH3_ISR         
0     00009226  _DINTCH4_ISR         
0     00009230  _DINTCH5_ISR         
0     0000923a  _DINTCH6_ISR         
0     00009244  _I2CINT1A_ISR        
0     0000924e  _I2CINT2A_ISR        
0     00009258  _SCIRXINTC_ISR       
0     00009262  _SCITXINTC_ISR       
0     0000926c  _SCIRXINTA_ISR       
0     00009276  _SCITXINTA_ISR       
0     00009280  _SCIRXINTB_ISR       
0     0000928a  _SCITXINTB_ISR       
0     00009294  _ECAN0INTA_ISR       
0     0000929e  _ECAN1INTA_ISR       
0     000092a8  _ECAN0INTB_ISR       
0     000092b2  _ECAN1INTB_ISR       
0     000092bc  _XINT3_ISR           
0     000092c6  _XINT4_ISR           
0     000092d0  _XINT5_ISR           
0     000092da  _XINT6_ISR           
0     000092e4  _XINT7_ISR           
0     000092ee  _LVF_ISR             
0     000092f8  _LUF_ISR             
0     00009302  _PIE_RESERVED        
0     0000930c  _rsvd_ISR            
0     00009316  _KEY_A_Onclick       
0     00009361  _KEY_B_Onclick       
0     00009375  _KEY_C_Onclick       
0     00009383  _KEY_D_Onclick       
0     00009391  _KEY_E_Onclick       
0     0000939f  _KEY_F_Onclick       
0     000093ad  _KEY_G_Onclick       
0     000093ba  _KEY_H_Onclick       
0     000093de  _KEY_SIG_init        
0     00009414  _KEY_IODect          
0     000094e7  _WDT_INIT            
0     00009505  _InitSysCtrl         
0     0000950e  _ServiceDog          
0     00009518  _DisableDog          
0     00009520  _InitPll             
0     00009571  _InitPeripheralClocks
0     000095cc  _CsmUnlock           
0     000095fd  _InitEPwm            
0     000095fe  _InitEPwmGpio        
0     0000960b  _InitEPwm1Gpio       
0     0000961d  _InitEPwm2Gpio       
0     0000962f  _InitEPwm3Gpio       
0     00009643  _InitEPwm4Gpio       
0     00009657  _InitEPwm5Gpio       
0     00009669  _InitEPwm6Gpio       
0     0000967b  _InitEPwmSyncGpio    
0     0000968f  _InitTzGpio          
0     000096c5  _initspeed1          
0     000096e5  _initeqepspeed1      
0     000096ea  _speedcalc           
0     00009764  FS$$DIV              
0     000097ec  _ecap6_isr           
0     00009862  _InitCpuTimers       
0     0000989b  _ConfigCpuTimer      
0     000098d5  _ecap5_isr           
0     00009936  _initepwmdb2         
0     0000995a  _InitEPwm2Example    
0     0000998f  _InitEQep            
0     00009990  _InitEQepGpio        
0     00009995  _InitEQep1Gpio       
0     000099bf  _InitEQep2Gpio       
0     000099e5  _c_int00             
0     00009a2b  _initcputimer        
0     00009a68  _wakeint_isr         
0     00009a98  _InitPieCtrl         
0     00009ab7  _EnableInterrupts    
0     00009ac0  _main                
0     00009ae8  _InitPieVectTable    
0     00009b0a  I$$DIV               
0     00009b1b  I$$MOD               
0     00009b2c  __args_main          
0     00009b45  C$$EXIT              
0     00009b45  _abort               
0     00009b47  _exit                
0     00009b5e  _epwm2_isr           
0     00009b73  _epwm1_isr           
0     00009b88  __register_unlock    
0     00009b8c  __register_lock      
0     00009b90  __nop                
0     00009b99  ___etext__           
0     00009b99  etext                
0     00380080  _ADC_cal             
1     00000002  _ECanaRegs           
1     00000036  _GpioIntRegs         
1     00000040  _AdcMirror           
1     00000400  __stack              
1     00000700  _ECanaMboxes         
1     00000700  __STACK_END          
1     0000c000  _SampleTable2        
1     0000c010  _SampleTable3        
1     0000c020  _SampleTable0        
1     0000c030  _SampleTable1        
1     0000c040  _SampleTable6        
1     0000c050  _SampleTable7        
1     0000c060  _SampleTable4        
1     0000c070  _SampleTable5        
1     0000c080  _LCD_BUF_2           
1     0000c090  _LCD_BUF_3           
1     0000c0a0  _LCD_BUF_4           
1     0000c0b0  _LCD_BUF_1           
1     0000c0c2  _cap_value_all       
1     0000c0c4  _cap_value           
1     0000c0e4  _CpuTimer1           
1     0000c0ec  _CpuTimer2           
1     0000c0f4  _CpuTimer0           
1     0000c0fc  ___TI_cleanup_ptr    
1     0000c0fe  ___TI_dtors_ptr      
1     0000c100  _sec                 
1     0000c101  _adc_finish          
1     0000c102  _duty                
1     0000c103  _Freq_cap_hall       
1     0000c104  _dir                 
1     0000c105  _flag_updowm         
1     0000c106  _pwm                 
1     0000c107  _updown_state        
1     0000c108  _ReceivedChar        
1     0000c109  _data                
1     0000c10a  _Freq_cap            
1     0000c10b  _ISenseW             
1     0000c10c  _ISenseU             
1     0000c10d  _ISense2             
1     0000c10e  _ISense1             
1     0000c10f  _VSense_Bus          
1     0000c110  _ISense4             
1     0000c111  _ISense3             
1     0000c112  _ISense5             
1     0000c114  _uptime              
1     0000c116  _freqhz_pr           
1     0000c118  _freqhz_fr           
1     0000c11a  _msg                 
1     0000c11c  _speed_fr            
1     0000c11e  _speed_pr            
1     0000c129  _EPWM2_STEP_ten      
1     0000c12a  _EPWM2_STEP_one      
1     0000c12b  _EPWM2_STEP_zero_one 
1     0000c12c  __lock               
1     0000c12e  __unlock             
1     0000c135  _PartIdRegs          
1     0000c136  _CpuTimer0Regs       
1     0000c140  _ECanbMboxes         
1     0000c240  _PieVectTable        
1     0000c340  _DmaRegs             
1     0000c420  _ECap1Regs           
1     0000c440  _DevEmuRegs          
1     0000c510  _GpioCtrlRegs        
1     0000c540  _ECanaLAMRegs        
1     0000c580  _ECanaMOTORegs       
1     0000c5c0  _ECanaMOTSRegs       
1     0000c600  _ECanbLAMRegs        
1     0000c640  _ECanbMOTORegs       
1     0000c680  _ECanbMOTSRegs       
1     0000c6c0  _EQep1Regs           
1     0000c700  _EQep2Regs           
1     0000c740  _ECanbRegs           
1     0000c774  _CpuTimer1Regs       
1     0000c780  _McbspaRegs          
1     0000c7a5  _PieCtrlRegs         
1     0000c7c0  _McbspbRegs          
1     0000c7e5  _CsmRegs             
1     0000c7f6  _CpuTimer2Regs       
1     0000c800  _EPwm1Regs           
1     0000c822  _AdcRegs             
1     0000c840  _EPwm2Regs           
1     0000c862  _XintfRegs           
1     0000c880  _EPwm3Regs           
1     0000c8a2  _SciaRegs            
1     0000c8b2  _CsmPwl              
1     0000c8c0  _EPwm4Regs           
1     0000c8e2  _ScibRegs            
1     0000c8f2  _FlashRegs           
1     0000c900  _EPwm5Regs           
1     0000c922  _ScicRegs            
1     0000c940  _EPwm6Regs           
1     0000c962  _SpiaRegs            
1     0000c980  _I2caRegs            
1     0000c9a2  _XIntruptRegs        
1     0000c9c0  _ECap2Regs           
1     0000c9e0  _ECap3Regs           
1     0000ca00  _ECap4Regs           
1     0000ca20  _ECap5Regs           
1     0000ca40  _ECap6Regs           
1     0000ca60  _GpioDataRegs        
1     0000ca80  _SysCtrlRegs         
1     0000d000  _PieVectTableInit    
abs   00000300  __STACK_SIZE         
abs   ffffffff  ___binit__           
abs   ffffffff  ___c_args__          
abs   ffffffff  ___pinit__           
abs   ffffffff  binit                
abs   ffffffff  pinit                

[258 symbols]
