<?xml version="1.0"?>
<link_info>
   <banner>TMS320C2000 Linker PC v6.4.2</banner>
   <copyright>Copyright (c) 1996-2015 Texas Instruments Incorporated</copyright>
   <link_time>0x56f5015a</link_time>
   <link_errors>0x0</link_errors>
   <output_file>voice_motor_28335.out</output_file>
   <entry_point>
      <name>_c_int00</name>
      <address>0x99e5</address>
   </entry_point>
   <input_file_list>
      <input_file id="fl-2">
         <path>.\</path>
         <kind>object</kind>
         <file>DSP2833x_ADC_cal.obj</file>
         <name>DSP2833x_ADC_cal.obj</name>
      </input_file>
      <input_file id="fl-3">
         <path>.\</path>
         <kind>object</kind>
         <file>DSP2833x_Adc.obj</file>
         <name>DSP2833x_Adc.obj</name>
      </input_file>
      <input_file id="fl-4">
         <path>.\</path>
         <kind>object</kind>
         <file>DSP2833x_CodeStartBranch.obj</file>
         <name>DSP2833x_CodeStartBranch.obj</name>
      </input_file>
      <input_file id="fl-5">
         <path>.\</path>
         <kind>object</kind>
         <file>DSP2833x_CpuTimers.obj</file>
         <name>DSP2833x_CpuTimers.obj</name>
      </input_file>
      <input_file id="fl-6">
         <path>.\</path>
         <kind>object</kind>
         <file>DSP2833x_DefaultIsr.obj</file>
         <name>DSP2833x_DefaultIsr.obj</name>
      </input_file>
      <input_file id="fl-7">
         <path>.\</path>
         <kind>object</kind>
         <file>DSP2833x_ECap.obj</file>
         <name>DSP2833x_ECap.obj</name>
      </input_file>
      <input_file id="fl-8">
         <path>.\</path>
         <kind>object</kind>
         <file>DSP2833x_EPwm.obj</file>
         <name>DSP2833x_EPwm.obj</name>
      </input_file>
      <input_file id="fl-9">
         <path>.\</path>
         <kind>object</kind>
         <file>DSP2833x_EQep.obj</file>
         <name>DSP2833x_EQep.obj</name>
      </input_file>
      <input_file id="fl-a">
         <path>.\</path>
         <kind>object</kind>
         <file>DSP2833x_GlobalVariableDefs.obj</file>
         <name>DSP2833x_GlobalVariableDefs.obj</name>
      </input_file>
      <input_file id="fl-b">
         <path>.\</path>
         <kind>object</kind>
         <file>DSP2833x_Gpio.obj</file>
         <name>DSP2833x_Gpio.obj</name>
      </input_file>
      <input_file id="fl-c">
         <path>.\</path>
         <kind>object</kind>
         <file>DSP2833x_MemCopy.obj</file>
         <name>DSP2833x_MemCopy.obj</name>
      </input_file>
      <input_file id="fl-d">
         <path>.\</path>
         <kind>object</kind>
         <file>DSP2833x_PieCtrl.obj</file>
         <name>DSP2833x_PieCtrl.obj</name>
      </input_file>
      <input_file id="fl-e">
         <path>.\</path>
         <kind>object</kind>
         <file>DSP2833x_PieVect.obj</file>
         <name>DSP2833x_PieVect.obj</name>
      </input_file>
      <input_file id="fl-f">
         <path>.\</path>
         <kind>object</kind>
         <file>DSP2833x_Sci.obj</file>
         <name>DSP2833x_Sci.obj</name>
      </input_file>
      <input_file id="fl-10">
         <path>.\</path>
         <kind>object</kind>
         <file>DSP2833x_Spi.obj</file>
         <name>DSP2833x_Spi.obj</name>
      </input_file>
      <input_file id="fl-11">
         <path>.\</path>
         <kind>object</kind>
         <file>DSP2833x_SysCtrl.obj</file>
         <name>DSP2833x_SysCtrl.obj</name>
      </input_file>
      <input_file id="fl-12">
         <path>.\</path>
         <kind>object</kind>
         <file>DSP2833x_usDelay.obj</file>
         <name>DSP2833x_usDelay.obj</name>
      </input_file>
      <input_file id="fl-13">
         <path>.\</path>
         <kind>object</kind>
         <file>adc.obj</file>
         <name>adc.obj</name>
      </input_file>
      <input_file id="fl-14">
         <path>.\</path>
         <kind>object</kind>
         <file>at25512.obj</file>
         <name>at25512.obj</name>
      </input_file>
      <input_file id="fl-15">
         <path>.\</path>
         <kind>object</kind>
         <file>cap5.obj</file>
         <name>cap5.obj</name>
      </input_file>
      <input_file id="fl-16">
         <path>.\</path>
         <kind>object</kind>
         <file>cap6.obj</file>
         <name>cap6.obj</name>
      </input_file>
      <input_file id="fl-17">
         <path>.\</path>
         <kind>object</kind>
         <file>cuptimer.obj</file>
         <name>cuptimer.obj</name>
      </input_file>
      <input_file id="fl-18">
         <path>.\</path>
         <kind>object</kind>
         <file>epwmdb2.obj</file>
         <name>epwmdb2.obj</name>
      </input_file>
      <input_file id="fl-19">
         <path>.\</path>
         <kind>object</kind>
         <file>eqepwm1.obj</file>
         <name>eqepwm1.obj</name>
      </input_file>
      <input_file id="fl-1a">
         <path>.\</path>
         <kind>object</kind>
         <file>freq.obj</file>
         <name>freq.obj</name>
      </input_file>
      <input_file id="fl-1b">
         <path>.\</path>
         <kind>object</kind>
         <file>gpio48.obj</file>
         <name>gpio48.obj</name>
      </input_file>
      <input_file id="fl-1c">
         <path>.\</path>
         <kind>object</kind>
         <file>key14.obj</file>
         <name>key14.obj</name>
      </input_file>
      <input_file id="fl-1d">
         <path>.\</path>
         <kind>object</kind>
         <file>key34.obj</file>
         <name>key34.obj</name>
      </input_file>
      <input_file id="fl-1e">
         <path>.\</path>
         <kind>object</kind>
         <file>lcd12864spi.obj</file>
         <name>lcd12864spi.obj</name>
      </input_file>
      <input_file id="fl-1f">
         <path>.\</path>
         <kind>object</kind>
         <file>main.obj</file>
         <name>main.obj</name>
      </input_file>
      <input_file id="fl-20">
         <path>.\</path>
         <kind>object</kind>
         <file>sci.obj</file>
         <name>sci.obj</name>
      </input_file>
      <input_file id="fl-21">
         <path>.\</path>
         <kind>object</kind>
         <file>speed.obj</file>
         <name>speed.obj</name>
      </input_file>
      <input_file id="fl-27">
         <path>E:\ti\ccsv6\tools\compiler\ti-cgt-c2000_6.4.2\lib\</path>
         <kind>archive</kind>
         <file>rts2800_fpu32.lib</file>
         <name>boot.obj</name>
      </input_file>
      <input_file id="fl-28">
         <path>E:\ti\ccsv6\tools\compiler\ti-cgt-c2000_6.4.2\lib\</path>
         <kind>archive</kind>
         <file>rts2800_fpu32.lib</file>
         <name>exit.obj</name>
      </input_file>
      <input_file id="fl-29">
         <path>E:\ti\ccsv6\tools\compiler\ti-cgt-c2000_6.4.2\lib\</path>
         <kind>archive</kind>
         <file>rts2800_fpu32.lib</file>
         <name>fs_div.obj</name>
      </input_file>
      <input_file id="fl-2a">
         <path>E:\ti\ccsv6\tools\compiler\ti-cgt-c2000_6.4.2\lib\</path>
         <kind>archive</kind>
         <file>rts2800_fpu32.lib</file>
         <name>i_div.obj</name>
      </input_file>
      <input_file id="fl-2b">
         <path>E:\ti\ccsv6\tools\compiler\ti-cgt-c2000_6.4.2\lib\</path>
         <kind>archive</kind>
         <file>rts2800_fpu32.lib</file>
         <name>_lock.obj</name>
      </input_file>
      <input_file id="fl-2c">
         <path>E:\ti\ccsv6\tools\compiler\ti-cgt-c2000_6.4.2\lib\</path>
         <kind>archive</kind>
         <file>rts2800_fpu32.lib</file>
         <name>args_main.obj</name>
      </input_file>
   </input_file_list>
   <object_component_list>
      <object_component id="oc-25">
         <name>codestart</name>
         <load_address>0x0</load_address>
         <run_address>0x0</run_address>
         <size>0x2</size>
         <input_file_ref idref="fl-4"/>
      </object_component>
      <object_component id="oc-be">
         <name>ramfuncs:retain</name>
         <load_address>0x80d2</load_address>
         <run_address>0x80d2</run_address>
         <size>0x76</size>
         <input_file_ref idref="fl-17"/>
      </object_component>
      <object_component id="oc-9d">
         <name>ramfuncs</name>
         <load_address>0x8148</load_address>
         <run_address>0x8148</run_address>
         <size>0x4</size>
         <input_file_ref idref="fl-12"/>
      </object_component>
      <object_component id="oc-31">
         <name>.text:retain</name>
         <load_address>0x9000</load_address>
         <run_address>0x9000</run_address>
         <size>0x316</size>
         <input_file_ref idref="fl-6"/>
      </object_component>
      <object_component id="oc-128">
         <name>.text</name>
         <load_address>0x9316</load_address>
         <run_address>0x9316</run_address>
         <size>0x1ef</size>
         <input_file_ref idref="fl-1c"/>
      </object_component>
      <object_component id="oc-12e">
         <name>.text</name>
         <load_address>0x9505</load_address>
         <run_address>0x9505</run_address>
         <size>0xf8</size>
         <input_file_ref idref="fl-11"/>
      </object_component>
      <object_component id="oc-135">
         <name>.text</name>
         <load_address>0x95fd</load_address>
         <run_address>0x95fd</run_address>
         <size>0xc8</size>
         <input_file_ref idref="fl-8"/>
      </object_component>
      <object_component id="oc-127">
         <name>.text</name>
         <load_address>0x96c5</load_address>
         <run_address>0x96c5</run_address>
         <size>0x9f</size>
         <input_file_ref idref="fl-21"/>
      </object_component>
      <object_component id="oc-111">
         <name>.text</name>
         <load_address>0x9764</load_address>
         <run_address>0x9764</run_address>
         <size>0x88</size>
         <input_file_ref idref="fl-29"/>
      </object_component>
      <object_component id="oc-b8">
         <name>.text:retain</name>
         <load_address>0x97ec</load_address>
         <run_address>0x97ec</run_address>
         <size>0x76</size>
         <input_file_ref idref="fl-16"/>
      </object_component>
      <object_component id="oc-12d">
         <name>.text</name>
         <load_address>0x9862</load_address>
         <run_address>0x9862</run_address>
         <size>0x73</size>
         <input_file_ref idref="fl-5"/>
      </object_component>
      <object_component id="oc-b0">
         <name>.text:retain</name>
         <load_address>0x98d5</load_address>
         <run_address>0x98d5</run_address>
         <size>0x61</size>
         <input_file_ref idref="fl-15"/>
      </object_component>
      <object_component id="oc-131">
         <name>.text</name>
         <load_address>0x9936</load_address>
         <run_address>0x9936</run_address>
         <size>0x59</size>
         <input_file_ref idref="fl-18"/>
      </object_component>
      <object_component id="oc-12c">
         <name>.text</name>
         <load_address>0x998f</load_address>
         <run_address>0x998f</run_address>
         <size>0x56</size>
         <input_file_ref idref="fl-9"/>
      </object_component>
      <object_component id="oc-19">
         <name>.text</name>
         <load_address>0x99e5</load_address>
         <run_address>0x99e5</run_address>
         <size>0x46</size>
         <input_file_ref idref="fl-27"/>
      </object_component>
      <object_component id="oc-132">
         <name>.text</name>
         <load_address>0x9a2b</load_address>
         <run_address>0x9a2b</run_address>
         <size>0x3d</size>
         <input_file_ref idref="fl-17"/>
      </object_component>
      <object_component id="oc-e0">
         <name>.text:retain</name>
         <load_address>0x9a68</load_address>
         <run_address>0x9a68</run_address>
         <size>0x30</size>
         <input_file_ref idref="fl-1c"/>
      </object_component>
      <object_component id="oc-12f">
         <name>.text</name>
         <load_address>0x9a98</load_address>
         <run_address>0x9a98</run_address>
         <size>0x28</size>
         <input_file_ref idref="fl-d"/>
      </object_component>
      <object_component id="oc-129">
         <name>.text</name>
         <load_address>0x9ac0</load_address>
         <run_address>0x9ac0</run_address>
         <size>0x28</size>
         <input_file_ref idref="fl-1f"/>
      </object_component>
      <object_component id="oc-130">
         <name>.text</name>
         <load_address>0x9ae8</load_address>
         <run_address>0x9ae8</run_address>
         <size>0x22</size>
         <input_file_ref idref="fl-e"/>
      </object_component>
      <object_component id="oc-116">
         <name>.text</name>
         <load_address>0x9b0a</load_address>
         <run_address>0x9b0a</run_address>
         <size>0x22</size>
         <input_file_ref idref="fl-2a"/>
      </object_component>
      <object_component id="oc-125">
         <name>.text</name>
         <load_address>0x9b2c</load_address>
         <run_address>0x9b2c</run_address>
         <size>0x19</size>
         <input_file_ref idref="fl-2c"/>
      </object_component>
      <object_component id="oc-126">
         <name>.text</name>
         <load_address>0x9b45</load_address>
         <run_address>0x9b45</run_address>
         <size>0x19</size>
         <input_file_ref idref="fl-28"/>
      </object_component>
      <object_component id="oc-c6">
         <name>.text:retain</name>
         <load_address>0x9b5e</load_address>
         <run_address>0x9b5e</run_address>
         <size>0x15</size>
         <input_file_ref idref="fl-18"/>
      </object_component>
      <object_component id="oc-cc">
         <name>.text:retain</name>
         <load_address>0x9b73</load_address>
         <run_address>0x9b73</run_address>
         <size>0x15</size>
         <input_file_ref idref="fl-19"/>
      </object_component>
      <object_component id="oc-133">
         <name>.text</name>
         <load_address>0x9b88</load_address>
         <run_address>0x9b88</run_address>
         <size>0x9</size>
         <input_file_ref idref="fl-2b"/>
      </object_component>
      <object_component id="oc-24">
         <name>.text</name>
         <load_address>0x9b91</load_address>
         <run_address>0x9b91</run_address>
         <size>0x8</size>
         <input_file_ref idref="fl-4"/>
      </object_component>
      <object_component id="oc-f2">
         <name>.cinit</name>
         <load_address>0x8000</load_address>
         <run_address>0x8000</run_address>
         <size>0x65</size>
         <input_file_ref idref="fl-1f"/>
      </object_component>
      <object_component id="oc-de">
         <name>.cinit</name>
         <load_address>0x8065</load_address>
         <run_address>0x8065</run_address>
         <size>0x24</size>
         <input_file_ref idref="fl-1c"/>
      </object_component>
      <object_component id="oc-eb">
         <name>.cinit</name>
         <load_address>0x8089</load_address>
         <run_address>0x8089</run_address>
         <size>0x10</size>
         <input_file_ref idref="fl-1e"/>
      </object_component>
      <object_component id="oc-c4">
         <name>.cinit</name>
         <load_address>0x8099</load_address>
         <run_address>0x8099</run_address>
         <size>0xc</size>
         <input_file_ref idref="fl-18"/>
      </object_component>
      <object_component id="oc-10b">
         <name>.cinit</name>
         <load_address>0x80a5</load_address>
         <run_address>0x80a5</run_address>
         <size>0xa</size>
         <input_file_ref idref="fl-28"/>
      </object_component>
      <object_component id="oc-b6">
         <name>.cinit</name>
         <load_address>0x80af</load_address>
         <run_address>0x80af</run_address>
         <size>0x9</size>
         <input_file_ref idref="fl-16"/>
      </object_component>
      <object_component id="oc-12b">
         <name>.cinit:__lock</name>
         <load_address>0x80b8</load_address>
         <run_address>0x80b8</run_address>
         <size>0x5</size>
         <input_file_ref idref="fl-2b"/>
      </object_component>
      <object_component id="oc-134">
         <name>.cinit:__unlock</name>
         <load_address>0x80bd</load_address>
         <run_address>0x80bd</run_address>
         <size>0x5</size>
         <input_file_ref idref="fl-2b"/>
      </object_component>
      <object_component id="oc-d2">
         <name>.cinit</name>
         <load_address>0x80c2</load_address>
         <run_address>0x80c2</run_address>
         <size>0x5</size>
         <input_file_ref idref="fl-1a"/>
      </object_component>
      <object_component id="oc-fe">
         <name>.cinit</name>
         <load_address>0x80c7</load_address>
         <run_address>0x80c7</run_address>
         <size>0x5</size>
         <input_file_ref idref="fl-21"/>
      </object_component>
      <object_component id="oc-ae">
         <name>.cinit</name>
         <load_address>0x80cc</load_address>
         <run_address>0x80cc</run_address>
         <size>0x4</size>
         <input_file_ref idref="fl-15"/>
      </object_component>
      <object_component id="oc-104">
         <name>.stack</name>
         <uninitialized>true</uninitialized>
         <run_address>0x400</run_address>
         <size>0x0</size>
         <input_file_ref idref="fl-27"/>
      </object_component>
      <object_component id="oc-1bc">
         <name>.stack</name>
         <uninitialized>true</uninitialized>
         <run_address>0x400</run_address>
         <size>0x0</size>
      </object_component>
      <object_component id="oc-2b">
         <name>.ebss</name>
         <uninitialized>true</uninitialized>
         <run_address>0xc0e4</run_address>
         <size>0x18</size>
         <input_file_ref idref="fl-5"/>
      </object_component>
      <object_component id="oc-a3">
         <name>.ebss</name>
         <uninitialized>true</uninitialized>
         <run_address>0xc000</run_address>
         <size>0x80</size>
         <input_file_ref idref="fl-13"/>
      </object_component>
      <object_component id="oc-af">
         <name>.ebss</name>
         <uninitialized>true</uninitialized>
         <run_address>0xc134</run_address>
         <size>0x1</size>
         <input_file_ref idref="fl-15"/>
      </object_component>
      <object_component id="oc-b7">
         <name>.ebss</name>
         <uninitialized>true</uninitialized>
         <run_address>0xc0c0</run_address>
         <size>0x24</size>
         <input_file_ref idref="fl-16"/>
      </object_component>
      <object_component id="oc-c5">
         <name>.ebss</name>
         <uninitialized>true</uninitialized>
         <run_address>0xc129</run_address>
         <size>0x3</size>
         <input_file_ref idref="fl-18"/>
      </object_component>
      <object_component id="oc-d3">
         <name>.ebss</name>
         <uninitialized>true</uninitialized>
         <run_address>0xc130</run_address>
         <size>0x2</size>
         <input_file_ref idref="fl-1a"/>
      </object_component>
      <object_component id="oc-df">
         <name>.ebss</name>
         <uninitialized>true</uninitialized>
         <run_address>0xc120</run_address>
         <size>0x9</size>
         <input_file_ref idref="fl-1c"/>
      </object_component>
      <object_component id="oc-ec">
         <name>.ebss</name>
         <uninitialized>true</uninitialized>
         <run_address>0xc080</run_address>
         <size>0x40</size>
         <input_file_ref idref="fl-1e"/>
      </object_component>
      <object_component id="oc-f3">
         <name>.ebss</name>
         <uninitialized>true</uninitialized>
         <run_address>0xc100</run_address>
         <size>0x20</size>
         <input_file_ref idref="fl-1f"/>
      </object_component>
      <object_component id="oc-ff">
         <name>.ebss</name>
         <uninitialized>true</uninitialized>
         <run_address>0xc132</run_address>
         <size>0x2</size>
         <input_file_ref idref="fl-21"/>
      </object_component>
      <object_component id="oc-10c">
         <name>.ebss</name>
         <uninitialized>true</uninitialized>
         <run_address>0xc0fc</run_address>
         <size>0x4</size>
         <input_file_ref idref="fl-28"/>
      </object_component>
      <object_component id="oc-136">
         <name>.ebss:__unlock</name>
         <uninitialized>true</uninitialized>
         <run_address>0xc12e</run_address>
         <size>0x2</size>
         <input_file_ref idref="fl-2b"/>
      </object_component>
      <object_component id="oc-12a">
         <name>.ebss:__lock</name>
         <uninitialized>true</uninitialized>
         <run_address>0xc12c</run_address>
         <size>0x2</size>
         <input_file_ref idref="fl-2b"/>
      </object_component>
      <object_component id="oc-89">
         <name>.econst</name>
         <load_address>0xd000</load_address>
         <run_address>0xd000</run_address>
         <size>0x100</size>
         <input_file_ref idref="fl-e"/>
      </object_component>
      <object_component id="oc-105">
         <name>.reset</name>
         <load_address>0x3fffc0</load_address>
         <run_address>0x3fffc0</run_address>
         <size>0x2</size>
         <input_file_ref idref="fl-27"/>
      </object_component>
      <object_component id="oc-1a">
         <name>.adc_cal</name>
         <load_address>0x380080</load_address>
         <run_address>0x380080</run_address>
         <size>0x7</size>
         <input_file_ref idref="fl-2"/>
      </object_component>
      <object_component id="oc-1b">
         <name>.debug_info</name>
         <load_address>0x0</load_address>
         <run_address>0x0</run_address>
         <size>0xee</size>
         <input_file_ref idref="fl-2"/>
      </object_component>
      <object_component id="oc-1f">
         <name>.debug_info</name>
         <load_address>0xee</load_address>
         <run_address>0xee</run_address>
         <size>0x1e9b</size>
         <input_file_ref idref="fl-3"/>
      </object_component>
      <object_component id="oc-26">
         <name>.debug_info</name>
         <load_address>0x1f89</load_address>
         <run_address>0x1f89</run_address>
         <size>0x127</size>
         <input_file_ref idref="fl-4"/>
      </object_component>
      <object_component id="oc-2a">
         <name>.debug_info</name>
         <load_address>0x20b0</load_address>
         <run_address>0x20b0</run_address>
         <size>0x99d</size>
         <input_file_ref idref="fl-5"/>
      </object_component>
      <object_component id="oc-30">
         <name>.debug_info</name>
         <load_address>0x2a4d</load_address>
         <run_address>0x2a4d</run_address>
         <size>0x2008</size>
         <input_file_ref idref="fl-6"/>
      </object_component>
      <object_component id="oc-36">
         <name>.debug_info</name>
         <load_address>0x4a55</load_address>
         <run_address>0x4a55</run_address>
         <size>0x1ba1</size>
         <input_file_ref idref="fl-7"/>
      </object_component>
      <object_component id="oc-3b">
         <name>.debug_info</name>
         <load_address>0x65f6</load_address>
         <run_address>0x65f6</run_address>
         <size>0x1fb7</size>
         <input_file_ref idref="fl-8"/>
      </object_component>
      <object_component id="oc-40">
         <name>.debug_info</name>
         <load_address>0x85ad</load_address>
         <run_address>0x85ad</run_address>
         <size>0x1d33</size>
         <input_file_ref idref="fl-9"/>
      </object_component>
      <object_component id="oc-45">
         <name>.debug_info</name>
         <load_address>0xa2e0</load_address>
         <run_address>0xa2e0</run_address>
         <size>0x13391</size>
         <input_file_ref idref="fl-a"/>
      </object_component>
      <object_component id="oc-79">
         <name>.debug_info</name>
         <load_address>0x1d671</load_address>
         <run_address>0x1d671</run_address>
         <size>0x1ba1</size>
         <input_file_ref idref="fl-b"/>
      </object_component>
      <object_component id="oc-7e">
         <name>.debug_info</name>
         <load_address>0x1f212</load_address>
         <run_address>0x1f212</run_address>
         <size>0x36c</size>
         <input_file_ref idref="fl-c"/>
      </object_component>
      <object_component id="oc-83">
         <name>.debug_info</name>
         <load_address>0x1f57e</load_address>
         <run_address>0x1f57e</run_address>
         <size>0xb45</size>
         <input_file_ref idref="fl-d"/>
      </object_component>
      <object_component id="oc-88">
         <name>.debug_info</name>
         <load_address>0x200c3</load_address>
         <run_address>0x200c3</run_address>
         <size>0x22b7</size>
         <input_file_ref idref="fl-e"/>
      </object_component>
      <object_component id="oc-8e">
         <name>.debug_info</name>
         <load_address>0x2237a</load_address>
         <run_address>0x2237a</run_address>
         <size>0x1ba0</size>
         <input_file_ref idref="fl-f"/>
      </object_component>
      <object_component id="oc-93">
         <name>.debug_info</name>
         <load_address>0x23f1a</load_address>
         <run_address>0x23f1a</run_address>
         <size>0x1ba0</size>
         <input_file_ref idref="fl-10"/>
      </object_component>
      <object_component id="oc-98">
         <name>.debug_info</name>
         <load_address>0x25aba</load_address>
         <run_address>0x25aba</run_address>
         <size>0x205e</size>
         <input_file_ref idref="fl-11"/>
      </object_component>
      <object_component id="oc-9e">
         <name>.debug_info</name>
         <load_address>0x27b18</load_address>
         <run_address>0x27b18</run_address>
         <size>0xee</size>
         <input_file_ref idref="fl-12"/>
      </object_component>
      <object_component id="oc-a2">
         <name>.debug_info</name>
         <load_address>0x27c06</load_address>
         <run_address>0x27c06</run_address>
         <size>0x2090</size>
         <input_file_ref idref="fl-13"/>
      </object_component>
      <object_component id="oc-a8">
         <name>.debug_info</name>
         <load_address>0x29c96</load_address>
         <run_address>0x29c96</run_address>
         <size>0x1d5d</size>
         <input_file_ref idref="fl-14"/>
      </object_component>
      <object_component id="oc-ad">
         <name>.debug_info</name>
         <load_address>0x2b9f3</load_address>
         <run_address>0x2b9f3</run_address>
         <size>0x209e</size>
         <input_file_ref idref="fl-15"/>
      </object_component>
      <object_component id="oc-b5">
         <name>.debug_info</name>
         <load_address>0x2da91</load_address>
         <run_address>0x2da91</run_address>
         <size>0x20f9</size>
         <input_file_ref idref="fl-16"/>
      </object_component>
      <object_component id="oc-bd">
         <name>.debug_info</name>
         <load_address>0x2fb8a</load_address>
         <run_address>0x2fb8a</run_address>
         <size>0x347b</size>
         <input_file_ref idref="fl-17"/>
      </object_component>
      <object_component id="oc-c3">
         <name>.debug_info</name>
         <load_address>0x33005</load_address>
         <run_address>0x33005</run_address>
         <size>0x3ab8</size>
         <input_file_ref idref="fl-18"/>
      </object_component>
      <object_component id="oc-cb">
         <name>.debug_info</name>
         <load_address>0x36abd</load_address>
         <run_address>0x36abd</run_address>
         <size>0x395c</size>
         <input_file_ref idref="fl-19"/>
      </object_component>
      <object_component id="oc-d1">
         <name>.debug_info</name>
         <load_address>0x3a419</load_address>
         <run_address>0x3a419</run_address>
         <size>0xf52</size>
         <input_file_ref idref="fl-1a"/>
      </object_component>
      <object_component id="oc-d8">
         <name>.debug_info</name>
         <load_address>0x3b36b</load_address>
         <run_address>0x3b36b</run_address>
         <size>0x1d30</size>
         <input_file_ref idref="fl-1b"/>
      </object_component>
      <object_component id="oc-dd">
         <name>.debug_info</name>
         <load_address>0x3d09b</load_address>
         <run_address>0x3d09b</run_address>
         <size>0x5f29</size>
         <input_file_ref idref="fl-1c"/>
      </object_component>
      <object_component id="oc-e5">
         <name>.debug_info</name>
         <load_address>0x42fc4</load_address>
         <run_address>0x42fc4</run_address>
         <size>0x1d5b</size>
         <input_file_ref idref="fl-1d"/>
      </object_component>
      <object_component id="oc-ea">
         <name>.debug_info</name>
         <load_address>0x44d1f</load_address>
         <run_address>0x44d1f</run_address>
         <size>0x1dcd</size>
         <input_file_ref idref="fl-1e"/>
      </object_component>
      <object_component id="oc-f1">
         <name>.debug_info</name>
         <load_address>0x46aec</load_address>
         <run_address>0x46aec</run_address>
         <size>0x1c36</size>
         <input_file_ref idref="fl-1f"/>
      </object_component>
      <object_component id="oc-f8">
         <name>.debug_info</name>
         <load_address>0x48722</load_address>
         <run_address>0x48722</run_address>
         <size>0xdf6</size>
         <input_file_ref idref="fl-20"/>
      </object_component>
      <object_component id="oc-fd">
         <name>.debug_info</name>
         <load_address>0x49518</load_address>
         <run_address>0x49518</run_address>
         <size>0x10b2</size>
         <input_file_ref idref="fl-21"/>
      </object_component>
      <object_component id="oc-106">
         <name>.debug_info</name>
         <load_address>0x4a5ca</load_address>
         <run_address>0x4a5ca</run_address>
         <size>0x112</size>
         <input_file_ref idref="fl-27"/>
      </object_component>
      <object_component id="oc-10a">
         <name>.debug_info</name>
         <load_address>0x4a6dc</load_address>
         <run_address>0x4a6dc</run_address>
         <size>0x4b9</size>
         <input_file_ref idref="fl-28"/>
      </object_component>
      <object_component id="oc-112">
         <name>.debug_info</name>
         <load_address>0x4ab95</load_address>
         <run_address>0x4ab95</run_address>
         <size>0xf4</size>
         <input_file_ref idref="fl-29"/>
      </object_component>
      <object_component id="oc-117">
         <name>.debug_info</name>
         <load_address>0x4ac89</load_address>
         <run_address>0x4ac89</run_address>
         <size>0x123</size>
         <input_file_ref idref="fl-2a"/>
      </object_component>
      <object_component id="oc-11b">
         <name>.debug_info</name>
         <load_address>0x4adac</load_address>
         <run_address>0x4adac</run_address>
         <size>0x4e3</size>
         <input_file_ref idref="fl-2b"/>
      </object_component>
      <object_component id="oc-120">
         <name>.debug_info</name>
         <load_address>0x4b28f</load_address>
         <run_address>0x4b28f</run_address>
         <size>0x4b0</size>
         <input_file_ref idref="fl-2c"/>
      </object_component>
      <object_component id="oc-1bd">
         <name>.debug_info</name>
         <load_address>0x4b73f</load_address>
         <run_address>0x4b73f</run_address>
         <size>0xa5</size>
      </object_component>
      <object_component id="oc-1c">
         <name>.debug_line</name>
         <load_address>0x0</load_address>
         <run_address>0x0</run_address>
         <size>0x49</size>
         <input_file_ref idref="fl-2"/>
      </object_component>
      <object_component id="oc-21">
         <name>.debug_line</name>
         <load_address>0x49</load_address>
         <run_address>0x49</run_address>
         <size>0x32</size>
         <input_file_ref idref="fl-3"/>
      </object_component>
      <object_component id="oc-27">
         <name>.debug_line</name>
         <load_address>0x7b</load_address>
         <run_address>0x7b</run_address>
         <size>0x61</size>
         <input_file_ref idref="fl-4"/>
      </object_component>
      <object_component id="oc-2d">
         <name>.debug_line</name>
         <load_address>0xdc</load_address>
         <run_address>0xdc</run_address>
         <size>0x84</size>
         <input_file_ref idref="fl-5"/>
      </object_component>
      <object_component id="oc-33">
         <name>.debug_line</name>
         <load_address>0x160</load_address>
         <run_address>0x160</run_address>
         <size>0x74e</size>
         <input_file_ref idref="fl-6"/>
      </object_component>
      <object_component id="oc-38">
         <name>.debug_line</name>
         <load_address>0x8ae</load_address>
         <run_address>0x8ae</run_address>
         <size>0x33</size>
         <input_file_ref idref="fl-7"/>
      </object_component>
      <object_component id="oc-3d">
         <name>.debug_line</name>
         <load_address>0x8e1</load_address>
         <run_address>0x8e1</run_address>
         <size>0x16a</size>
         <input_file_ref idref="fl-8"/>
      </object_component>
      <object_component id="oc-42">
         <name>.debug_line</name>
         <load_address>0xa4b</load_address>
         <run_address>0xa4b</run_address>
         <size>0xac</size>
         <input_file_ref idref="fl-9"/>
      </object_component>
      <object_component id="oc-7b">
         <name>.debug_line</name>
         <load_address>0xaf7</load_address>
         <run_address>0xaf7</run_address>
         <size>0x33</size>
         <input_file_ref idref="fl-b"/>
      </object_component>
      <object_component id="oc-80">
         <name>.debug_line</name>
         <load_address>0xb2a</load_address>
         <run_address>0xb2a</run_address>
         <size>0x36</size>
         <input_file_ref idref="fl-c"/>
      </object_component>
      <object_component id="oc-85">
         <name>.debug_line</name>
         <load_address>0xb60</load_address>
         <run_address>0xb60</run_address>
         <size>0x86</size>
         <input_file_ref idref="fl-d"/>
      </object_component>
      <object_component id="oc-8b">
         <name>.debug_line</name>
         <load_address>0xbe6</load_address>
         <run_address>0xbe6</run_address>
         <size>0x68</size>
         <input_file_ref idref="fl-e"/>
      </object_component>
      <object_component id="oc-90">
         <name>.debug_line</name>
         <load_address>0xc4e</load_address>
         <run_address>0xc4e</run_address>
         <size>0x32</size>
         <input_file_ref idref="fl-f"/>
      </object_component>
      <object_component id="oc-95">
         <name>.debug_line</name>
         <load_address>0xc80</load_address>
         <run_address>0xc80</run_address>
         <size>0x32</size>
         <input_file_ref idref="fl-10"/>
      </object_component>
      <object_component id="oc-9a">
         <name>.debug_line</name>
         <load_address>0xcb2</load_address>
         <run_address>0xcb2</run_address>
         <size>0x145</size>
         <input_file_ref idref="fl-11"/>
      </object_component>
      <object_component id="oc-9f">
         <name>.debug_line</name>
         <load_address>0xdf7</load_address>
         <run_address>0xdf7</run_address>
         <size>0x48</size>
         <input_file_ref idref="fl-12"/>
      </object_component>
      <object_component id="oc-a5">
         <name>.debug_line</name>
         <load_address>0xe3f</load_address>
         <run_address>0xe3f</run_address>
         <size>0x29</size>
         <input_file_ref idref="fl-13"/>
      </object_component>
      <object_component id="oc-aa">
         <name>.debug_line</name>
         <load_address>0xe68</load_address>
         <run_address>0xe68</run_address>
         <size>0x2d</size>
         <input_file_ref idref="fl-14"/>
      </object_component>
      <object_component id="oc-b2">
         <name>.debug_line</name>
         <load_address>0xe95</load_address>
         <run_address>0xe95</run_address>
         <size>0x57</size>
         <input_file_ref idref="fl-15"/>
      </object_component>
      <object_component id="oc-ba">
         <name>.debug_line</name>
         <load_address>0xeec</load_address>
         <run_address>0xeec</run_address>
         <size>0x6c</size>
         <input_file_ref idref="fl-16"/>
      </object_component>
      <object_component id="oc-c0">
         <name>.debug_line</name>
         <load_address>0xf58</load_address>
         <run_address>0xf58</run_address>
         <size>0xad</size>
         <input_file_ref idref="fl-17"/>
      </object_component>
      <object_component id="oc-c8">
         <name>.debug_line</name>
         <load_address>0x1005</load_address>
         <run_address>0x1005</run_address>
         <size>0xa0</size>
         <input_file_ref idref="fl-18"/>
      </object_component>
      <object_component id="oc-ce">
         <name>.debug_line</name>
         <load_address>0x10a5</load_address>
         <run_address>0x10a5</run_address>
         <size>0x47</size>
         <input_file_ref idref="fl-19"/>
      </object_component>
      <object_component id="oc-d5">
         <name>.debug_line</name>
         <load_address>0x10ec</load_address>
         <run_address>0x10ec</run_address>
         <size>0x2a</size>
         <input_file_ref idref="fl-1a"/>
      </object_component>
      <object_component id="oc-da">
         <name>.debug_line</name>
         <load_address>0x1116</load_address>
         <run_address>0x1116</run_address>
         <size>0x2c</size>
         <input_file_ref idref="fl-1b"/>
      </object_component>
      <object_component id="oc-e2">
         <name>.debug_line</name>
         <load_address>0x1142</load_address>
         <run_address>0x1142</run_address>
         <size>0x234</size>
         <input_file_ref idref="fl-1c"/>
      </object_component>
      <object_component id="oc-e7">
         <name>.debug_line</name>
         <load_address>0x1376</load_address>
         <run_address>0x1376</run_address>
         <size>0x2b</size>
         <input_file_ref idref="fl-1d"/>
      </object_component>
      <object_component id="oc-ee">
         <name>.debug_line</name>
         <load_address>0x13a1</load_address>
         <run_address>0x13a1</run_address>
         <size>0x31</size>
         <input_file_ref idref="fl-1e"/>
      </object_component>
      <object_component id="oc-f5">
         <name>.debug_line</name>
         <load_address>0x13d2</load_address>
         <run_address>0x13d2</run_address>
         <size>0x64</size>
         <input_file_ref idref="fl-1f"/>
      </object_component>
      <object_component id="oc-fa">
         <name>.debug_line</name>
         <load_address>0x1436</load_address>
         <run_address>0x1436</run_address>
         <size>0x29</size>
         <input_file_ref idref="fl-20"/>
      </object_component>
      <object_component id="oc-101">
         <name>.debug_line</name>
         <load_address>0x145f</load_address>
         <run_address>0x145f</run_address>
         <size>0xbb</size>
         <input_file_ref idref="fl-21"/>
      </object_component>
      <object_component id="oc-107">
         <name>.debug_line</name>
         <load_address>0x151a</load_address>
         <run_address>0x151a</run_address>
         <size>0x74</size>
         <input_file_ref idref="fl-27"/>
      </object_component>
      <object_component id="oc-10e">
         <name>.debug_line</name>
         <load_address>0x158e</load_address>
         <run_address>0x158e</run_address>
         <size>0x65</size>
         <input_file_ref idref="fl-28"/>
      </object_component>
      <object_component id="oc-113">
         <name>.debug_line</name>
         <load_address>0x15f3</load_address>
         <run_address>0x15f3</run_address>
         <size>0xad</size>
         <input_file_ref idref="fl-29"/>
      </object_component>
      <object_component id="oc-118">
         <name>.debug_line</name>
         <load_address>0x16a0</load_address>
         <run_address>0x16a0</run_address>
         <size>0x69</size>
         <input_file_ref idref="fl-2a"/>
      </object_component>
      <object_component id="oc-11d">
         <name>.debug_line</name>
         <load_address>0x1709</load_address>
         <run_address>0x1709</run_address>
         <size>0x5e</size>
         <input_file_ref idref="fl-2b"/>
      </object_component>
      <object_component id="oc-122">
         <name>.debug_line</name>
         <load_address>0x1767</load_address>
         <run_address>0x1767</run_address>
         <size>0x59</size>
         <input_file_ref idref="fl-2c"/>
      </object_component>
      <object_component id="oc-1d">
         <name>.debug_abbrev</name>
         <load_address>0x0</load_address>
         <run_address>0x0</run_address>
         <size>0x2e</size>
         <input_file_ref idref="fl-2"/>
      </object_component>
      <object_component id="oc-22">
         <name>.debug_abbrev</name>
         <load_address>0x2e</load_address>
         <run_address>0x2e</run_address>
         <size>0x10f</size>
         <input_file_ref idref="fl-3"/>
      </object_component>
      <object_component id="oc-28">
         <name>.debug_abbrev</name>
         <load_address>0x13d</load_address>
         <run_address>0x13d</run_address>
         <size>0x20</size>
         <input_file_ref idref="fl-4"/>
      </object_component>
      <object_component id="oc-2e">
         <name>.debug_abbrev</name>
         <load_address>0x15d</load_address>
         <run_address>0x15d</run_address>
         <size>0xfd</size>
         <input_file_ref idref="fl-5"/>
      </object_component>
      <object_component id="oc-34">
         <name>.debug_abbrev</name>
         <load_address>0x25a</load_address>
         <run_address>0x25a</run_address>
         <size>0xa8</size>
         <input_file_ref idref="fl-6"/>
      </object_component>
      <object_component id="oc-39">
         <name>.debug_abbrev</name>
         <load_address>0x302</load_address>
         <run_address>0x302</run_address>
         <size>0x111</size>
         <input_file_ref idref="fl-7"/>
      </object_component>
      <object_component id="oc-3e">
         <name>.debug_abbrev</name>
         <load_address>0x413</load_address>
         <run_address>0x413</run_address>
         <size>0x111</size>
         <input_file_ref idref="fl-8"/>
      </object_component>
      <object_component id="oc-43">
         <name>.debug_abbrev</name>
         <load_address>0x524</load_address>
         <run_address>0x524</run_address>
         <size>0xea</size>
         <input_file_ref idref="fl-9"/>
      </object_component>
      <object_component id="oc-78">
         <name>.debug_abbrev</name>
         <load_address>0x60e</load_address>
         <run_address>0x60e</run_address>
         <size>0xb7</size>
         <input_file_ref idref="fl-a"/>
      </object_component>
      <object_component id="oc-7c">
         <name>.debug_abbrev</name>
         <load_address>0x6c5</load_address>
         <run_address>0x6c5</run_address>
         <size>0xdc</size>
         <input_file_ref idref="fl-b"/>
      </object_component>
      <object_component id="oc-81">
         <name>.debug_abbrev</name>
         <load_address>0x7a1</load_address>
         <run_address>0x7a1</run_address>
         <size>0x93</size>
         <input_file_ref idref="fl-c"/>
      </object_component>
      <object_component id="oc-86">
         <name>.debug_abbrev</name>
         <load_address>0x834</load_address>
         <run_address>0x834</run_address>
         <size>0xc8</size>
         <input_file_ref idref="fl-d"/>
      </object_component>
      <object_component id="oc-8c">
         <name>.debug_abbrev</name>
         <load_address>0x8fc</load_address>
         <run_address>0x8fc</run_address>
         <size>0x116</size>
         <input_file_ref idref="fl-e"/>
      </object_component>
      <object_component id="oc-91">
         <name>.debug_abbrev</name>
         <load_address>0xa12</load_address>
         <run_address>0xa12</run_address>
         <size>0xea</size>
         <input_file_ref idref="fl-f"/>
      </object_component>
      <object_component id="oc-96">
         <name>.debug_abbrev</name>
         <load_address>0xafc</load_address>
         <run_address>0xafc</run_address>
         <size>0xea</size>
         <input_file_ref idref="fl-10"/>
      </object_component>
      <object_component id="oc-9b">
         <name>.debug_abbrev</name>
         <load_address>0xbe6</load_address>
         <run_address>0xbe6</run_address>
         <size>0x17b</size>
         <input_file_ref idref="fl-11"/>
      </object_component>
      <object_component id="oc-a0">
         <name>.debug_abbrev</name>
         <load_address>0xd61</load_address>
         <run_address>0xd61</run_address>
         <size>0x2e</size>
         <input_file_ref idref="fl-12"/>
      </object_component>
      <object_component id="oc-a6">
         <name>.debug_abbrev</name>
         <load_address>0xd8f</load_address>
         <run_address>0xd8f</run_address>
         <size>0x116</size>
         <input_file_ref idref="fl-13"/>
      </object_component>
      <object_component id="oc-ab">
         <name>.debug_abbrev</name>
         <load_address>0xea5</load_address>
         <run_address>0xea5</run_address>
         <size>0x146</size>
         <input_file_ref idref="fl-14"/>
      </object_component>
      <object_component id="oc-b3">
         <name>.debug_abbrev</name>
         <load_address>0xfeb</load_address>
         <run_address>0xfeb</run_address>
         <size>0x14b</size>
         <input_file_ref idref="fl-15"/>
      </object_component>
      <object_component id="oc-bb">
         <name>.debug_abbrev</name>
         <load_address>0x1136</load_address>
         <run_address>0x1136</run_address>
         <size>0x15b</size>
         <input_file_ref idref="fl-16"/>
      </object_component>
      <object_component id="oc-c1">
         <name>.debug_abbrev</name>
         <load_address>0x1291</load_address>
         <run_address>0x1291</run_address>
         <size>0x140</size>
         <input_file_ref idref="fl-17"/>
      </object_component>
      <object_component id="oc-c9">
         <name>.debug_abbrev</name>
         <load_address>0x13d1</load_address>
         <run_address>0x13d1</run_address>
         <size>0x14d</size>
         <input_file_ref idref="fl-18"/>
      </object_component>
      <object_component id="oc-cf">
         <name>.debug_abbrev</name>
         <load_address>0x151e</load_address>
         <run_address>0x151e</run_address>
         <size>0x13d</size>
         <input_file_ref idref="fl-19"/>
      </object_component>
      <object_component id="oc-d6">
         <name>.debug_abbrev</name>
         <load_address>0x165b</load_address>
         <run_address>0x165b</run_address>
         <size>0x106</size>
         <input_file_ref idref="fl-1a"/>
      </object_component>
      <object_component id="oc-db">
         <name>.debug_abbrev</name>
         <load_address>0x1761</load_address>
         <run_address>0x1761</run_address>
         <size>0xf8</size>
         <input_file_ref idref="fl-1b"/>
      </object_component>
      <object_component id="oc-e3">
         <name>.debug_abbrev</name>
         <load_address>0x1859</load_address>
         <run_address>0x1859</run_address>
         <size>0x189</size>
         <input_file_ref idref="fl-1c"/>
      </object_component>
      <object_component id="oc-e8">
         <name>.debug_abbrev</name>
         <load_address>0x19e2</load_address>
         <run_address>0x19e2</run_address>
         <size>0x146</size>
         <input_file_ref idref="fl-1d"/>
      </object_component>
      <object_component id="oc-ef">
         <name>.debug_abbrev</name>
         <load_address>0x1b28</load_address>
         <run_address>0x1b28</run_address>
         <size>0x11f</size>
         <input_file_ref idref="fl-1e"/>
      </object_component>
      <object_component id="oc-f6">
         <name>.debug_abbrev</name>
         <load_address>0x1c47</load_address>
         <run_address>0x1c47</run_address>
         <size>0xf1</size>
         <input_file_ref idref="fl-1f"/>
      </object_component>
      <object_component id="oc-fb">
         <name>.debug_abbrev</name>
         <load_address>0x1d38</load_address>
         <run_address>0x1d38</run_address>
         <size>0x109</size>
         <input_file_ref idref="fl-20"/>
      </object_component>
      <object_component id="oc-102">
         <name>.debug_abbrev</name>
         <load_address>0x1e41</load_address>
         <run_address>0x1e41</run_address>
         <size>0x106</size>
         <input_file_ref idref="fl-21"/>
      </object_component>
      <object_component id="oc-108">
         <name>.debug_abbrev</name>
         <load_address>0x1f47</load_address>
         <run_address>0x1f47</run_address>
         <size>0x45</size>
         <input_file_ref idref="fl-27"/>
      </object_component>
      <object_component id="oc-10f">
         <name>.debug_abbrev</name>
         <load_address>0x1f8c</load_address>
         <run_address>0x1f8c</run_address>
         <size>0x117</size>
         <input_file_ref idref="fl-28"/>
      </object_component>
      <object_component id="oc-114">
         <name>.debug_abbrev</name>
         <load_address>0x20a3</load_address>
         <run_address>0x20a3</run_address>
         <size>0x37</size>
         <input_file_ref idref="fl-29"/>
      </object_component>
      <object_component id="oc-119">
         <name>.debug_abbrev</name>
         <load_address>0x20da</load_address>
         <run_address>0x20da</run_address>
         <size>0x37</size>
         <input_file_ref idref="fl-2a"/>
      </object_component>
      <object_component id="oc-11e">
         <name>.debug_abbrev</name>
         <load_address>0x2111</load_address>
         <run_address>0x2111</run_address>
         <size>0xb2</size>
         <input_file_ref idref="fl-2b"/>
      </object_component>
      <object_component id="oc-123">
         <name>.debug_abbrev</name>
         <load_address>0x21c3</load_address>
         <run_address>0x21c3</run_address>
         <size>0xfe</size>
         <input_file_ref idref="fl-2c"/>
      </object_component>
      <object_component id="oc-1be">
         <name>.debug_abbrev</name>
         <load_address>0x22c1</load_address>
         <run_address>0x22c1</run_address>
         <size>0xf</size>
      </object_component>
      <object_component id="oc-1e">
         <name>.debug_aranges</name>
         <load_address>0x0</load_address>
         <run_address>0x0</run_address>
         <size>0x20</size>
         <input_file_ref idref="fl-2"/>
      </object_component>
      <object_component id="oc-23">
         <name>.debug_aranges</name>
         <load_address>0x20</load_address>
         <run_address>0x20</run_address>
         <size>0x18</size>
         <input_file_ref idref="fl-3"/>
      </object_component>
      <object_component id="oc-29">
         <name>.debug_aranges</name>
         <load_address>0x38</load_address>
         <run_address>0x38</run_address>
         <size>0x28</size>
         <input_file_ref idref="fl-4"/>
      </object_component>
      <object_component id="oc-2f">
         <name>.debug_aranges</name>
         <load_address>0x60</load_address>
         <run_address>0x60</run_address>
         <size>0x28</size>
         <input_file_ref idref="fl-5"/>
      </object_component>
      <object_component id="oc-35">
         <name>.debug_aranges</name>
         <load_address>0x88</load_address>
         <run_address>0x88</run_address>
         <size>0x290</size>
         <input_file_ref idref="fl-6"/>
      </object_component>
      <object_component id="oc-3a">
         <name>.debug_aranges</name>
         <load_address>0x318</load_address>
         <run_address>0x318</run_address>
         <size>0x18</size>
         <input_file_ref idref="fl-7"/>
      </object_component>
      <object_component id="oc-3f">
         <name>.debug_aranges</name>
         <load_address>0x330</load_address>
         <run_address>0x330</run_address>
         <size>0x68</size>
         <input_file_ref idref="fl-8"/>
      </object_component>
      <object_component id="oc-44">
         <name>.debug_aranges</name>
         <load_address>0x398</load_address>
         <run_address>0x398</run_address>
         <size>0x38</size>
         <input_file_ref idref="fl-9"/>
      </object_component>
      <object_component id="oc-7d">
         <name>.debug_aranges</name>
         <load_address>0x3d0</load_address>
         <run_address>0x3d0</run_address>
         <size>0x18</size>
         <input_file_ref idref="fl-b"/>
      </object_component>
      <object_component id="oc-82">
         <name>.debug_aranges</name>
         <load_address>0x3e8</load_address>
         <run_address>0x3e8</run_address>
         <size>0x18</size>
         <input_file_ref idref="fl-c"/>
      </object_component>
      <object_component id="oc-87">
         <name>.debug_aranges</name>
         <load_address>0x400</load_address>
         <run_address>0x400</run_address>
         <size>0x28</size>
         <input_file_ref idref="fl-d"/>
      </object_component>
      <object_component id="oc-8d">
         <name>.debug_aranges</name>
         <load_address>0x428</load_address>
         <run_address>0x428</run_address>
         <size>0x20</size>
         <input_file_ref idref="fl-e"/>
      </object_component>
      <object_component id="oc-92">
         <name>.debug_aranges</name>
         <load_address>0x448</load_address>
         <run_address>0x448</run_address>
         <size>0x18</size>
         <input_file_ref idref="fl-f"/>
      </object_component>
      <object_component id="oc-97">
         <name>.debug_aranges</name>
         <load_address>0x460</load_address>
         <run_address>0x460</run_address>
         <size>0x18</size>
         <input_file_ref idref="fl-10"/>
      </object_component>
      <object_component id="oc-9c">
         <name>.debug_aranges</name>
         <load_address>0x478</load_address>
         <run_address>0x478</run_address>
         <size>0x48</size>
         <input_file_ref idref="fl-11"/>
      </object_component>
      <object_component id="oc-a1">
         <name>.debug_aranges</name>
         <load_address>0x4c0</load_address>
         <run_address>0x4c0</run_address>
         <size>0x20</size>
         <input_file_ref idref="fl-12"/>
      </object_component>
      <object_component id="oc-a7">
         <name>.debug_aranges</name>
         <load_address>0x4e0</load_address>
         <run_address>0x4e0</run_address>
         <size>0x18</size>
         <input_file_ref idref="fl-13"/>
      </object_component>
      <object_component id="oc-ac">
         <name>.debug_aranges</name>
         <load_address>0x4f8</load_address>
         <run_address>0x4f8</run_address>
         <size>0x18</size>
         <input_file_ref idref="fl-14"/>
      </object_component>
      <object_component id="oc-b4">
         <name>.debug_aranges</name>
         <load_address>0x510</load_address>
         <run_address>0x510</run_address>
         <size>0x20</size>
         <input_file_ref idref="fl-15"/>
      </object_component>
      <object_component id="oc-bc">
         <name>.debug_aranges</name>
         <load_address>0x530</load_address>
         <run_address>0x530</run_address>
         <size>0x20</size>
         <input_file_ref idref="fl-16"/>
      </object_component>
      <object_component id="oc-c2">
         <name>.debug_aranges</name>
         <load_address>0x550</load_address>
         <run_address>0x550</run_address>
         <size>0x38</size>
         <input_file_ref idref="fl-17"/>
      </object_component>
      <object_component id="oc-ca">
         <name>.debug_aranges</name>
         <load_address>0x588</load_address>
         <run_address>0x588</run_address>
         <size>0x30</size>
         <input_file_ref idref="fl-18"/>
      </object_component>
      <object_component id="oc-d0">
         <name>.debug_aranges</name>
         <load_address>0x5b8</load_address>
         <run_address>0x5b8</run_address>
         <size>0x20</size>
         <input_file_ref idref="fl-19"/>
      </object_component>
      <object_component id="oc-d7">
         <name>.debug_aranges</name>
         <load_address>0x5d8</load_address>
         <run_address>0x5d8</run_address>
         <size>0x18</size>
         <input_file_ref idref="fl-1a"/>
      </object_component>
      <object_component id="oc-dc">
         <name>.debug_aranges</name>
         <load_address>0x5f0</load_address>
         <run_address>0x5f0</run_address>
         <size>0x18</size>
         <input_file_ref idref="fl-1b"/>
      </object_component>
      <object_component id="oc-e4">
         <name>.debug_aranges</name>
         <load_address>0x608</load_address>
         <run_address>0x608</run_address>
         <size>0x78</size>
         <input_file_ref idref="fl-1c"/>
      </object_component>
      <object_component id="oc-e9">
         <name>.debug_aranges</name>
         <load_address>0x680</load_address>
         <run_address>0x680</run_address>
         <size>0x18</size>
         <input_file_ref idref="fl-1d"/>
      </object_component>
      <object_component id="oc-f0">
         <name>.debug_aranges</name>
         <load_address>0x698</load_address>
         <run_address>0x698</run_address>
         <size>0x18</size>
         <input_file_ref idref="fl-1e"/>
      </object_component>
      <object_component id="oc-f7">
         <name>.debug_aranges</name>
         <load_address>0x6b0</load_address>
         <run_address>0x6b0</run_address>
         <size>0x20</size>
         <input_file_ref idref="fl-1f"/>
      </object_component>
      <object_component id="oc-fc">
         <name>.debug_aranges</name>
         <load_address>0x6d0</load_address>
         <run_address>0x6d0</run_address>
         <size>0x18</size>
         <input_file_ref idref="fl-20"/>
      </object_component>
      <object_component id="oc-103">
         <name>.debug_aranges</name>
         <load_address>0x6e8</load_address>
         <run_address>0x6e8</run_address>
         <size>0x30</size>
         <input_file_ref idref="fl-21"/>
      </object_component>
      <object_component id="oc-109">
         <name>.debug_aranges</name>
         <load_address>0x718</load_address>
         <run_address>0x718</run_address>
         <size>0x20</size>
         <input_file_ref idref="fl-27"/>
      </object_component>
      <object_component id="oc-110">
         <name>.debug_aranges</name>
         <load_address>0x738</load_address>
         <run_address>0x738</run_address>
         <size>0x28</size>
         <input_file_ref idref="fl-28"/>
      </object_component>
      <object_component id="oc-115">
         <name>.debug_aranges</name>
         <load_address>0x760</load_address>
         <run_address>0x760</run_address>
         <size>0x20</size>
         <input_file_ref idref="fl-29"/>
      </object_component>
      <object_component id="oc-11a">
         <name>.debug_aranges</name>
         <load_address>0x780</load_address>
         <run_address>0x780</run_address>
         <size>0x28</size>
         <input_file_ref idref="fl-2a"/>
      </object_component>
      <object_component id="oc-11f">
         <name>.debug_aranges</name>
         <load_address>0x7a8</load_address>
         <run_address>0x7a8</run_address>
         <size>0x30</size>
         <input_file_ref idref="fl-2b"/>
      </object_component>
      <object_component id="oc-124">
         <name>.debug_aranges</name>
         <load_address>0x7d8</load_address>
         <run_address>0x7d8</run_address>
         <size>0x20</size>
         <input_file_ref idref="fl-2c"/>
      </object_component>
      <object_component id="oc-20">
         <name>.debug_frame</name>
         <load_address>0x0</load_address>
         <run_address>0x0</run_address>
         <size>0x8c</size>
         <input_file_ref idref="fl-3"/>
      </object_component>
      <object_component id="oc-2c">
         <name>.debug_frame</name>
         <load_address>0x8c</load_address>
         <run_address>0x8c</run_address>
         <size>0xbc</size>
         <input_file_ref idref="fl-5"/>
      </object_component>
      <object_component id="oc-32">
         <name>.debug_frame</name>
         <load_address>0x148</load_address>
         <run_address>0x148</run_address>
         <size>0xbf7</size>
         <input_file_ref idref="fl-6"/>
      </object_component>
      <object_component id="oc-37">
         <name>.debug_frame</name>
         <load_address>0xd3f</load_address>
         <run_address>0xd3f</run_address>
         <size>0x8c</size>
         <input_file_ref idref="fl-7"/>
      </object_component>
      <object_component id="oc-3c">
         <name>.debug_frame</name>
         <load_address>0xdcb</load_address>
         <run_address>0xdcb</run_address>
         <size>0x15e</size>
         <input_file_ref idref="fl-8"/>
      </object_component>
      <object_component id="oc-41">
         <name>.debug_frame</name>
         <load_address>0xf29</load_address>
         <run_address>0xf29</run_address>
         <size>0xe0</size>
         <input_file_ref idref="fl-9"/>
      </object_component>
      <object_component id="oc-7a">
         <name>.debug_frame</name>
         <load_address>0x1009</load_address>
         <run_address>0x1009</run_address>
         <size>0x8c</size>
         <input_file_ref idref="fl-b"/>
      </object_component>
      <object_component id="oc-7f">
         <name>.debug_frame</name>
         <load_address>0x1095</load_address>
         <run_address>0x1095</run_address>
         <size>0x8c</size>
         <input_file_ref idref="fl-c"/>
      </object_component>
      <object_component id="oc-84">
         <name>.debug_frame</name>
         <load_address>0x1121</load_address>
         <run_address>0x1121</run_address>
         <size>0xb6</size>
         <input_file_ref idref="fl-d"/>
      </object_component>
      <object_component id="oc-8a">
         <name>.debug_frame</name>
         <load_address>0x11d7</load_address>
         <run_address>0x11d7</run_address>
         <size>0xa7</size>
         <input_file_ref idref="fl-e"/>
      </object_component>
      <object_component id="oc-8f">
         <name>.debug_frame</name>
         <load_address>0x127e</load_address>
         <run_address>0x127e</run_address>
         <size>0x8c</size>
         <input_file_ref idref="fl-f"/>
      </object_component>
      <object_component id="oc-94">
         <name>.debug_frame</name>
         <load_address>0x130a</load_address>
         <run_address>0x130a</run_address>
         <size>0x8c</size>
         <input_file_ref idref="fl-10"/>
      </object_component>
      <object_component id="oc-99">
         <name>.debug_frame</name>
         <load_address>0x1396</load_address>
         <run_address>0x1396</run_address>
         <size>0x118</size>
         <input_file_ref idref="fl-11"/>
      </object_component>
      <object_component id="oc-a4">
         <name>.debug_frame</name>
         <load_address>0x14ae</load_address>
         <run_address>0x14ae</run_address>
         <size>0x8c</size>
         <input_file_ref idref="fl-13"/>
      </object_component>
      <object_component id="oc-a9">
         <name>.debug_frame</name>
         <load_address>0x153a</load_address>
         <run_address>0x153a</run_address>
         <size>0x8c</size>
         <input_file_ref idref="fl-14"/>
      </object_component>
      <object_component id="oc-b1">
         <name>.debug_frame</name>
         <load_address>0x15c6</load_address>
         <run_address>0x15c6</run_address>
         <size>0x107</size>
         <input_file_ref idref="fl-15"/>
      </object_component>
      <object_component id="oc-b9">
         <name>.debug_frame</name>
         <load_address>0x16cd</load_address>
         <run_address>0x16cd</run_address>
         <size>0x108</size>
         <input_file_ref idref="fl-16"/>
      </object_component>
      <object_component id="oc-bf">
         <name>.debug_frame</name>
         <load_address>0x17d5</load_address>
         <run_address>0x17d5</run_address>
         <size>0x178</size>
         <input_file_ref idref="fl-17"/>
      </object_component>
      <object_component id="oc-c7">
         <name>.debug_frame</name>
         <load_address>0x194d</load_address>
         <run_address>0x194d</run_address>
         <size>0xe7</size>
         <input_file_ref idref="fl-18"/>
      </object_component>
      <object_component id="oc-cd">
         <name>.debug_frame</name>
         <load_address>0x1a34</load_address>
         <run_address>0x1a34</run_address>
         <size>0xbd</size>
         <input_file_ref idref="fl-19"/>
      </object_component>
      <object_component id="oc-d4">
         <name>.debug_frame</name>
         <load_address>0x1af1</load_address>
         <run_address>0x1af1</run_address>
         <size>0x8c</size>
         <input_file_ref idref="fl-1a"/>
      </object_component>
      <object_component id="oc-d9">
         <name>.debug_frame</name>
         <load_address>0x1b7d</load_address>
         <run_address>0x1b7d</run_address>
         <size>0x8c</size>
         <input_file_ref idref="fl-1b"/>
      </object_component>
      <object_component id="oc-e1">
         <name>.debug_frame</name>
         <load_address>0x1c09</load_address>
         <run_address>0x1c09</run_address>
         <size>0x1f0</size>
         <input_file_ref idref="fl-1c"/>
      </object_component>
      <object_component id="oc-e6">
         <name>.debug_frame</name>
         <load_address>0x1df9</load_address>
         <run_address>0x1df9</run_address>
         <size>0x8c</size>
         <input_file_ref idref="fl-1d"/>
      </object_component>
      <object_component id="oc-ed">
         <name>.debug_frame</name>
         <load_address>0x1e85</load_address>
         <run_address>0x1e85</run_address>
         <size>0x8c</size>
         <input_file_ref idref="fl-1e"/>
      </object_component>
      <object_component id="oc-f4">
         <name>.debug_frame</name>
         <load_address>0x1f11</load_address>
         <run_address>0x1f11</run_address>
         <size>0xa1</size>
         <input_file_ref idref="fl-1f"/>
      </object_component>
      <object_component id="oc-f9">
         <name>.debug_frame</name>
         <load_address>0x1fb2</load_address>
         <run_address>0x1fb2</run_address>
         <size>0x8c</size>
         <input_file_ref idref="fl-20"/>
      </object_component>
      <object_component id="oc-100">
         <name>.debug_frame</name>
         <load_address>0x203e</load_address>
         <run_address>0x203e</run_address>
         <size>0xd2</size>
         <input_file_ref idref="fl-21"/>
      </object_component>
      <object_component id="oc-10d">
         <name>.debug_frame</name>
         <load_address>0x2110</load_address>
         <run_address>0x2110</run_address>
         <size>0xbf</size>
         <input_file_ref idref="fl-28"/>
      </object_component>
      <object_component id="oc-11c">
         <name>.debug_frame</name>
         <load_address>0x21cf</load_address>
         <run_address>0x21cf</run_address>
         <size>0xcb</size>
         <input_file_ref idref="fl-2b"/>
      </object_component>
      <object_component id="oc-121">
         <name>.debug_frame</name>
         <load_address>0x229a</load_address>
         <run_address>0x229a</run_address>
         <size>0xa1</size>
         <input_file_ref idref="fl-2c"/>
      </object_component>
      <object_component id="oc-46">
         <name>PartIdRegsFile</name>
         <uninitialized>true</uninitialized>
         <run_address>0xc135</run_address>
         <size>0x1</size>
         <input_file_ref idref="fl-a"/>
      </object_component>
      <object_component id="oc-47">
         <name>CpuTimer2RegsFile</name>
         <uninitialized>true</uninitialized>
         <run_address>0xc7f6</run_address>
         <size>0x8</size>
         <input_file_ref idref="fl-a"/>
      </object_component>
      <object_component id="oc-48">
         <name>CsmPwlFile</name>
         <uninitialized>true</uninitialized>
         <run_address>0xc8b2</run_address>
         <size>0x8</size>
         <input_file_ref idref="fl-a"/>
      </object_component>
      <object_component id="oc-49">
         <name>FlashRegsFile</name>
         <uninitialized>true</uninitialized>
         <run_address>0xc8f2</run_address>
         <size>0x8</size>
         <input_file_ref idref="fl-a"/>
      </object_component>
      <object_component id="oc-4a">
         <name>CpuTimer0RegsFile</name>
         <uninitialized>true</uninitialized>
         <run_address>0xc136</run_address>
         <size>0x8</size>
         <input_file_ref idref="fl-a"/>
      </object_component>
      <object_component id="oc-4b">
         <name>CpuTimer1RegsFile</name>
         <uninitialized>true</uninitialized>
         <run_address>0xc774</run_address>
         <size>0x8</size>
         <input_file_ref idref="fl-a"/>
      </object_component>
      <object_component id="oc-4c">
         <name>GpioIntRegsFile</name>
         <uninitialized>true</uninitialized>
         <run_address>0x36</run_address>
         <size>0xa</size>
         <input_file_ref idref="fl-a"/>
      </object_component>
      <object_component id="oc-4d">
         <name>SpiaRegsFile</name>
         <uninitialized>true</uninitialized>
         <run_address>0xc962</run_address>
         <size>0x10</size>
         <input_file_ref idref="fl-a"/>
      </object_component>
      <object_component id="oc-4e">
         <name>ScibRegsFile</name>
         <uninitialized>true</uninitialized>
         <run_address>0xc8e2</run_address>
         <size>0x10</size>
         <input_file_ref idref="fl-a"/>
      </object_component>
      <object_component id="oc-4f">
         <name>ScicRegsFile</name>
         <uninitialized>true</uninitialized>
         <run_address>0xc922</run_address>
         <size>0x10</size>
         <input_file_ref idref="fl-a"/>
      </object_component>
      <object_component id="oc-50">
         <name>SciaRegsFile</name>
         <uninitialized>true</uninitialized>
         <run_address>0xc8a2</run_address>
         <size>0x10</size>
         <input_file_ref idref="fl-a"/>
      </object_component>
      <object_component id="oc-51">
         <name>CsmRegsFile</name>
         <uninitialized>true</uninitialized>
         <run_address>0xc7e5</run_address>
         <size>0x10</size>
         <input_file_ref idref="fl-a"/>
      </object_component>
      <object_component id="oc-52">
         <name>AdcMirrorFile</name>
         <uninitialized>true</uninitialized>
         <run_address>0x40</run_address>
         <size>0x10</size>
         <input_file_ref idref="fl-a"/>
      </object_component>
      <object_component id="oc-53">
         <name>XIntruptRegsFile</name>
         <uninitialized>true</uninitialized>
         <run_address>0xc9a2</run_address>
         <size>0x10</size>
         <input_file_ref idref="fl-a"/>
      </object_component>
      <object_component id="oc-54">
         <name>PieCtrlRegsFile</name>
         <uninitialized>true</uninitialized>
         <run_address>0xc7a5</run_address>
         <size>0x1a</size>
         <input_file_ref idref="fl-a"/>
      </object_component>
      <object_component id="oc-55">
         <name>AdcRegsFile</name>
         <uninitialized>true</uninitialized>
         <run_address>0xc822</run_address>
         <size>0x1e</size>
         <input_file_ref idref="fl-a"/>
      </object_component>
      <object_component id="oc-56">
         <name>XintfRegsFile</name>
         <uninitialized>true</uninitialized>
         <run_address>0xc862</run_address>
         <size>0x1e</size>
         <input_file_ref idref="fl-a"/>
      </object_component>
      <object_component id="oc-57">
         <name>ECap3RegsFile</name>
         <uninitialized>true</uninitialized>
         <run_address>0xc9e0</run_address>
         <size>0x20</size>
         <input_file_ref idref="fl-a"/>
      </object_component>
      <object_component id="oc-58">
         <name>ECap4RegsFile</name>
         <uninitialized>true</uninitialized>
         <run_address>0xca00</run_address>
         <size>0x20</size>
         <input_file_ref idref="fl-a"/>
      </object_component>
      <object_component id="oc-59">
         <name>ECap1RegsFile</name>
         <uninitialized>true</uninitialized>
         <run_address>0xc420</run_address>
         <size>0x20</size>
         <input_file_ref idref="fl-a"/>
      </object_component>
      <object_component id="oc-5a">
         <name>ECap2RegsFile</name>
         <uninitialized>true</uninitialized>
         <run_address>0xc9c0</run_address>
         <size>0x20</size>
         <input_file_ref idref="fl-a"/>
      </object_component>
      <object_component id="oc-5b">
         <name>GpioDataRegsFile</name>
         <uninitialized>true</uninitialized>
         <run_address>0xca60</run_address>
         <size>0x20</size>
         <input_file_ref idref="fl-a"/>
      </object_component>
      <object_component id="oc-5c">
         <name>SysCtrlRegsFile</name>
         <uninitialized>true</uninitialized>
         <run_address>0xca80</run_address>
         <size>0x20</size>
         <input_file_ref idref="fl-a"/>
      </object_component>
      <object_component id="oc-5d">
         <name>ECap5RegsFile</name>
         <uninitialized>true</uninitialized>
         <run_address>0xca20</run_address>
         <size>0x20</size>
         <input_file_ref idref="fl-a"/>
      </object_component>
      <object_component id="oc-5e">
         <name>ECap6RegsFile</name>
         <uninitialized>true</uninitialized>
         <run_address>0xca40</run_address>
         <size>0x20</size>
         <input_file_ref idref="fl-a"/>
      </object_component>
      <object_component id="oc-5f">
         <name>EPwm2RegsFile</name>
         <uninitialized>true</uninitialized>
         <run_address>0xc840</run_address>
         <size>0x22</size>
         <input_file_ref idref="fl-a"/>
      </object_component>
      <object_component id="oc-60">
         <name>EPwm3RegsFile</name>
         <uninitialized>true</uninitialized>
         <run_address>0xc880</run_address>
         <size>0x22</size>
         <input_file_ref idref="fl-a"/>
      </object_component>
      <object_component id="oc-61">
         <name>I2caRegsFile</name>
         <uninitialized>true</uninitialized>
         <run_address>0xc980</run_address>
         <size>0x22</size>
         <input_file_ref idref="fl-a"/>
      </object_component>
      <object_component id="oc-62">
         <name>EPwm5RegsFile</name>
         <uninitialized>true</uninitialized>
         <run_address>0xc900</run_address>
         <size>0x22</size>
         <input_file_ref idref="fl-a"/>
      </object_component>
      <object_component id="oc-63">
         <name>EPwm6RegsFile</name>
         <uninitialized>true</uninitialized>
         <run_address>0xc940</run_address>
         <size>0x22</size>
         <input_file_ref idref="fl-a"/>
      </object_component>
      <object_component id="oc-64">
         <name>EPwm1RegsFile</name>
         <uninitialized>true</uninitialized>
         <run_address>0xc800</run_address>
         <size>0x22</size>
         <input_file_ref idref="fl-a"/>
      </object_component>
      <object_component id="oc-65">
         <name>EPwm4RegsFile</name>
         <uninitialized>true</uninitialized>
         <run_address>0xc8c0</run_address>
         <size>0x22</size>
         <input_file_ref idref="fl-a"/>
      </object_component>
      <object_component id="oc-66">
         <name>McbspbRegsFile</name>
         <uninitialized>true</uninitialized>
         <run_address>0xc7c0</run_address>
         <size>0x25</size>
         <input_file_ref idref="fl-a"/>
      </object_component>
      <object_component id="oc-67">
         <name>McbspaRegsFile</name>
         <uninitialized>true</uninitialized>
         <run_address>0xc780</run_address>
         <size>0x25</size>
         <input_file_ref idref="fl-a"/>
      </object_component>
      <object_component id="oc-68">
         <name>GpioCtrlRegsFile</name>
         <uninitialized>true</uninitialized>
         <run_address>0xc510</run_address>
         <size>0x2e</size>
         <input_file_ref idref="fl-a"/>
      </object_component>
      <object_component id="oc-69">
         <name>ECanaRegsFile</name>
         <uninitialized>true</uninitialized>
         <run_address>0x2</run_address>
         <size>0x34</size>
         <input_file_ref idref="fl-a"/>
      </object_component>
      <object_component id="oc-6a">
         <name>ECanbRegsFile</name>
         <uninitialized>true</uninitialized>
         <run_address>0xc740</run_address>
         <size>0x34</size>
         <input_file_ref idref="fl-a"/>
      </object_component>
      <object_component id="oc-6b">
         <name>ECanaMOTORegsFile</name>
         <uninitialized>true</uninitialized>
         <run_address>0xc580</run_address>
         <size>0x40</size>
         <input_file_ref idref="fl-a"/>
      </object_component>
      <object_component id="oc-6c">
         <name>ECanbMOTSRegsFile</name>
         <uninitialized>true</uninitialized>
         <run_address>0xc680</run_address>
         <size>0x40</size>
         <input_file_ref idref="fl-a"/>
      </object_component>
      <object_component id="oc-6d">
         <name>ECanaLAMRegsFile</name>
         <uninitialized>true</uninitialized>
         <run_address>0xc540</run_address>
         <size>0x40</size>
         <input_file_ref idref="fl-a"/>
      </object_component>
      <object_component id="oc-6e">
         <name>ECanaMOTSRegsFile</name>
         <uninitialized>true</uninitialized>
         <run_address>0xc5c0</run_address>
         <size>0x40</size>
         <input_file_ref idref="fl-a"/>
      </object_component>
      <object_component id="oc-6f">
         <name>ECanbMOTORegsFile</name>
         <uninitialized>true</uninitialized>
         <run_address>0xc640</run_address>
         <size>0x40</size>
         <input_file_ref idref="fl-a"/>
      </object_component>
      <object_component id="oc-70">
         <name>EQep1RegsFile</name>
         <uninitialized>true</uninitialized>
         <run_address>0xc6c0</run_address>
         <size>0x40</size>
         <input_file_ref idref="fl-a"/>
      </object_component>
      <object_component id="oc-71">
         <name>EQep2RegsFile</name>
         <uninitialized>true</uninitialized>
         <run_address>0xc700</run_address>
         <size>0x40</size>
         <input_file_ref idref="fl-a"/>
      </object_component>
      <object_component id="oc-72">
         <name>ECanbLAMRegsFile</name>
         <uninitialized>true</uninitialized>
         <run_address>0xc600</run_address>
         <size>0x40</size>
         <input_file_ref idref="fl-a"/>
      </object_component>
      <object_component id="oc-73">
         <name>DevEmuRegsFile</name>
         <uninitialized>true</uninitialized>
         <run_address>0xc440</run_address>
         <size>0xd0</size>
         <input_file_ref idref="fl-a"/>
      </object_component>
      <object_component id="oc-74">
         <name>DmaRegsFile</name>
         <uninitialized>true</uninitialized>
         <run_address>0xc340</run_address>
         <size>0xe0</size>
         <input_file_ref idref="fl-a"/>
      </object_component>
      <object_component id="oc-75">
         <name>ECanbMboxesFile</name>
         <uninitialized>true</uninitialized>
         <run_address>0xc140</run_address>
         <size>0x100</size>
         <input_file_ref idref="fl-a"/>
      </object_component>
      <object_component id="oc-76">
         <name>ECanaMboxesFile</name>
         <uninitialized>true</uninitialized>
         <run_address>0x700</run_address>
         <size>0x100</size>
         <input_file_ref idref="fl-a"/>
      </object_component>
[...]
         <object_component_ref idref="oc-4a"/>
      </symbol>
      <symbol id="sm-235">
         <name>_DevEmuRegs</name>
         <value>0xc440</value>
         <object_component_ref idref="oc-73"/>
      </symbol>
      <symbol id="sm-236">
         <name>_McbspbRegs</name>
         <value>0xc7c0</value>
         <object_component_ref idref="oc-66"/>
      </symbol>
      <symbol id="sm-237">
         <name>_EPwm6Regs</name>
         <value>0xc940</value>
         <object_component_ref idref="oc-63"/>
      </symbol>
      <symbol id="sm-238">
         <name>_SciaRegs</name>
         <value>0xc8a2</value>
         <object_component_ref idref="oc-50"/>
      </symbol>
      <symbol id="sm-239">
         <name>_GpioDataRegs</name>
         <value>0xca60</value>
         <object_component_ref idref="oc-5b"/>
      </symbol>
      <symbol id="sm-23a">
         <name>_CsmPwl</name>
         <value>0xc8b2</value>
         <object_component_ref idref="oc-48"/>
      </symbol>
      <symbol id="sm-23b">
         <name>_AdcRegs</name>
         <value>0xc822</value>
         <object_component_ref idref="oc-55"/>
      </symbol>
      <symbol id="sm-23c">
         <name>_XIntruptRegs</name>
         <value>0xc9a2</value>
         <object_component_ref idref="oc-53"/>
      </symbol>
      <symbol id="sm-23d">
         <name>_CpuTimer2Regs</name>
         <value>0xc7f6</value>
         <object_component_ref idref="oc-47"/>
      </symbol>
      <symbol id="sm-23e">
         <name>_PieCtrlRegs</name>
         <value>0xc7a5</value>
         <object_component_ref idref="oc-54"/>
      </symbol>
      <symbol id="sm-23f">
         <name>_ECanbMOTSRegs</name>
         <value>0xc680</value>
         <object_component_ref idref="oc-6c"/>
      </symbol>
      <symbol id="sm-240">
         <name>_ECanaRegs</name>
         <value>0x2</value>
         <object_component_ref idref="oc-69"/>
      </symbol>
      <symbol id="sm-241">
         <name>_AdcMirror</name>
         <value>0x40</value>
         <object_component_ref idref="oc-52"/>
      </symbol>
      <symbol id="sm-242">
         <name>_ECanbMboxes</name>
         <value>0xc140</value>
         <object_component_ref idref="oc-75"/>
      </symbol>
      <symbol id="sm-243">
         <name>_XintfRegs</name>
         <value>0xc862</value>
         <object_component_ref idref="oc-56"/>
      </symbol>
      <symbol id="sm-244">
         <name>_ScicRegs</name>
         <value>0xc922</value>
         <object_component_ref idref="oc-4f"/>
      </symbol>
      <symbol id="sm-245">
         <name>_ECap1Regs</name>
         <value>0xc420</value>
         <object_component_ref idref="oc-59"/>
      </symbol>
      <symbol id="sm-246">
         <name>_EQep1Regs</name>
         <value>0xc6c0</value>
         <object_component_ref idref="oc-70"/>
      </symbol>
      <symbol id="sm-247">
         <name>_McbspaRegs</name>
         <value>0xc780</value>
         <object_component_ref idref="oc-67"/>
      </symbol>
      <symbol id="sm-248">
         <name>_EPwm1Regs</name>
         <value>0xc800</value>
         <object_component_ref idref="oc-64"/>
      </symbol>
      <symbol id="sm-249">
         <name>_ECanbRegs</name>
         <value>0xc740</value>
         <object_component_ref idref="oc-6a"/>
      </symbol>
      <symbol id="sm-24a">
         <name>_ScibRegs</name>
         <value>0xc8e2</value>
         <object_component_ref idref="oc-4e"/>
      </symbol>
      <symbol id="sm-24b">
         <name>_ECap2Regs</name>
         <value>0xc9c0</value>
         <object_component_ref idref="oc-5a"/>
      </symbol>
      <symbol id="sm-24c">
         <name>_GpioIntRegs</name>
         <value>0x36</value>
         <object_component_ref idref="oc-4c"/>
      </symbol>
      <symbol id="sm-24d">
         <name>_EQep2Regs</name>
         <value>0xc700</value>
         <object_component_ref idref="oc-71"/>
      </symbol>
      <symbol id="sm-24e">
         <name>_PartIdRegs</name>
         <value>0xc135</value>
         <object_component_ref idref="oc-46"/>
      </symbol>
      <symbol id="sm-24f">
         <name>_EPwm2Regs</name>
         <value>0xc840</value>
         <object_component_ref idref="oc-5f"/>
      </symbol>
      <symbol id="sm-250">
         <name>_ECanaMboxes</name>
         <value>0x700</value>
         <object_component_ref idref="oc-76"/>
      </symbol>
      <symbol id="sm-251">
         <name>_ECap3Regs</name>
         <value>0xc9e0</value>
         <object_component_ref idref="oc-57"/>
      </symbol>
      <symbol id="sm-252">
         <name>_ECanaMOTORegs</name>
         <value>0xc580</value>
         <object_component_ref idref="oc-6b"/>
      </symbol>
      <symbol id="sm-253">
         <name>_EPwm3Regs</name>
         <value>0xc880</value>
         <object_component_ref idref="oc-60"/>
      </symbol>
      <symbol id="sm-254">
         <name>_ECanbLAMRegs</name>
         <value>0xc600</value>
         <object_component_ref idref="oc-72"/>
      </symbol>
      <symbol id="sm-255">
         <name>_I2caRegs</name>
         <value>0xc980</value>
         <object_component_ref idref="oc-61"/>
      </symbol>
      <symbol id="sm-276">
         <name>_InitPieCtrl</name>
         <value>0x9a98</value>
         <object_component_ref idref="oc-12f"/>
      </symbol>
      <symbol id="sm-277">
         <name>_EnableInterrupts</name>
         <value>0x9ab7</value>
         <object_component_ref idref="oc-12f"/>
      </symbol>
      <symbol id="sm-288">
         <name>_PieVectTableInit</name>
         <value>0xd000</value>
         <object_component_ref idref="oc-89"/>
      </symbol>
      <symbol id="sm-289">
         <name>_InitPieVectTable</name>
         <value>0x9ae8</value>
         <object_component_ref idref="oc-130"/>
      </symbol>
      <symbol id="sm-2b3">
         <name>_InitPll</name>
         <value>0x9520</value>
         <object_component_ref idref="oc-12e"/>
      </symbol>
      <symbol id="sm-2b4">
         <name>_DisableDog</name>
         <value>0x9518</value>
         <object_component_ref idref="oc-12e"/>
      </symbol>
      <symbol id="sm-2b5">
         <name>_InitPeripheralClocks</name>
         <value>0x9571</value>
         <object_component_ref idref="oc-12e"/>
      </symbol>
      <symbol id="sm-2b6">
         <name>_CsmUnlock</name>
         <value>0x95cc</value>
         <object_component_ref idref="oc-12e"/>
      </symbol>
      <symbol id="sm-2b7">
         <name>_ServiceDog</name>
         <value>0x950e</value>
         <object_component_ref idref="oc-12e"/>
      </symbol>
      <symbol id="sm-2b8">
         <name>_InitSysCtrl</name>
         <value>0x9505</value>
         <object_component_ref idref="oc-12e"/>
      </symbol>
      <symbol id="sm-2c4">
         <name>_DSP28x_usDelay</name>
         <value>0x8148</value>
         <object_component_ref idref="oc-9d"/>
      </symbol>
      <symbol id="sm-2d1">
         <name>_SampleTable7</name>
         <value>0xc050</value>
         <object_component_ref idref="oc-a3"/>
      </symbol>
      <symbol id="sm-2d2">
         <name>_SampleTable6</name>
         <value>0xc040</value>
         <object_component_ref idref="oc-a3"/>
      </symbol>
      <symbol id="sm-2d3">
         <name>_SampleTable5</name>
         <value>0xc070</value>
         <object_component_ref idref="oc-a3"/>
      </symbol>
      <symbol id="sm-2d4">
         <name>_SampleTable4</name>
         <value>0xc060</value>
         <object_component_ref idref="oc-a3"/>
      </symbol>
      <symbol id="sm-2d5">
         <name>_SampleTable3</name>
         <value>0xc010</value>
         <object_component_ref idref="oc-a3"/>
      </symbol>
      <symbol id="sm-2d6">
         <name>_SampleTable2</name>
         <value>0xc000</value>
         <object_component_ref idref="oc-a3"/>
      </symbol>
      <symbol id="sm-2d7">
         <name>_SampleTable1</name>
         <value>0xc030</value>
         <object_component_ref idref="oc-a3"/>
      </symbol>
      <symbol id="sm-2d8">
         <name>_SampleTable0</name>
         <value>0xc020</value>
         <object_component_ref idref="oc-a3"/>
      </symbol>
      <symbol id="sm-2f6">
         <name>_ecap5_isr</name>
         <value>0x98d5</value>
         <object_component_ref idref="oc-b0"/>
      </symbol>
      <symbol id="sm-30c">
         <name>_ecap6_isr</name>
         <value>0x97ec</value>
         <object_component_ref idref="oc-b8"/>
      </symbol>
      <symbol id="sm-30d">
         <name>_cap_value_all</name>
         <value>0xc0c2</value>
         <object_component_ref idref="oc-b7"/>
      </symbol>
      <symbol id="sm-30e">
         <name>_cap_value</name>
         <value>0xc0c4</value>
         <object_component_ref idref="oc-b7"/>
      </symbol>
      <symbol id="sm-31f">
         <name>_cpu_timer2_isr</name>
         <value>0x8113</value>
         <object_component_ref idref="oc-be"/>
      </symbol>
      <symbol id="sm-320">
         <name>_initcputimer</name>
         <value>0x9a2b</value>
         <object_component_ref idref="oc-132"/>
      </symbol>
      <symbol id="sm-321">
         <name>_cpu_timer1_isr</name>
         <value>0x80f4</value>
         <object_component_ref idref="oc-be"/>
      </symbol>
      <symbol id="sm-322">
         <name>_cpu_timer0_isr</name>
         <value>0x80d2</value>
         <object_component_ref idref="oc-be"/>
      </symbol>
      <symbol id="sm-335">
         <name>_EPWM2_STEP_one</name>
         <value>0xc12a</value>
         <object_component_ref idref="oc-c5"/>
      </symbol>
      <symbol id="sm-336">
         <name>_InitEPwm2Example</name>
         <value>0x995a</value>
         <object_component_ref idref="oc-131"/>
      </symbol>
      <symbol id="sm-337">
         <name>_epwm2_isr</name>
         <value>0x9b5e</value>
         <object_component_ref idref="oc-c6"/>
      </symbol>
      <symbol id="sm-338">
         <name>_EPWM2_STEP_zero_one</name>
         <value>0xc12b</value>
         <object_component_ref idref="oc-c5"/>
      </symbol>
      <symbol id="sm-339">
         <name>_EPWM2_STEP_ten</name>
         <value>0xc129</value>
         <object_component_ref idref="oc-c5"/>
      </symbol>
      <symbol id="sm-33a">
         <name>_initepwmdb2</name>
         <value>0x9936</value>
         <object_component_ref idref="oc-131"/>
      </symbol>
      <symbol id="sm-347">
         <name>_epwm1_isr</name>
         <value>0x9b73</value>
         <object_component_ref idref="oc-cc"/>
      </symbol>
      <symbol id="sm-399">
         <name>_KEY_F_Onclick</name>
         <value>0x939f</value>
         <object_component_ref idref="oc-128"/>
      </symbol>
      <symbol id="sm-39a">
         <name>_KEY_A_Onclick</name>
         <value>0x9316</value>
         <object_component_ref idref="oc-128"/>
      </symbol>
      <symbol id="sm-39b">
         <name>_KEY_H_Onclick</name>
         <value>0x93ba</value>
         <object_component_ref idref="oc-128"/>
      </symbol>
      <symbol id="sm-39c">
         <name>_KEY_C_Onclick</name>
         <value>0x9375</value>
         <object_component_ref idref="oc-128"/>
      </symbol>
      <symbol id="sm-39d">
         <name>_KEY_E_Onclick</name>
         <value>0x9391</value>
         <object_component_ref idref="oc-128"/>
      </symbol>
      <symbol id="sm-39e">
         <name>_KEY_G_Onclick</name>
         <value>0x93ad</value>
         <object_component_ref idref="oc-128"/>
      </symbol>
      <symbol id="sm-39f">
         <name>_KEY_IODect</name>
         <value>0x9414</value>
         <object_component_ref idref="oc-128"/>
      </symbol>
      <symbol id="sm-3a0">
         <name>_KEY_B_Onclick</name>
         <value>0x9361</value>
         <object_component_ref idref="oc-128"/>
      </symbol>
      <symbol id="sm-3a1">
         <name>_wakeint_isr</name>
         <value>0x9a68</value>
         <object_component_ref idref="oc-e0"/>
      </symbol>
      <symbol id="sm-3a2">
         <name>_KEY_SIG_init</name>
         <value>0x93de</value>
         <object_component_ref idref="oc-128"/>
      </symbol>
      <symbol id="sm-3a3">
         <name>_KEY_D_Onclick</name>
         <value>0x9383</value>
         <object_component_ref idref="oc-128"/>
      </symbol>
      <symbol id="sm-3a4">
         <name>_WDT_INIT</name>
         <value>0x94e7</value>
         <object_component_ref idref="oc-128"/>
      </symbol>
      <symbol id="sm-3c1">
         <name>_LCD_BUF_4</name>
         <value>0xc0a0</value>
         <object_component_ref idref="oc-ec"/>
      </symbol>
      <symbol id="sm-3c2">
         <name>_LCD_BUF_1</name>
         <value>0xc0b0</value>
         <object_component_ref idref="oc-ec"/>
      </symbol>
      <symbol id="sm-3c3">
         <name>_LCD_BUF_2</name>
         <value>0xc080</value>
         <object_component_ref idref="oc-ec"/>
      </symbol>
      <symbol id="sm-3c4">
         <name>_LCD_BUF_3</name>
         <value>0xc090</value>
         <object_component_ref idref="oc-ec"/>
      </symbol>
      <symbol id="sm-3d7">
         <name>_main</name>
         <value>0x9ac0</value>
         <object_component_ref idref="oc-129"/>
      </symbol>
      <symbol id="sm-3d8">
         <name>_sec</name>
         <value>0xc100</value>
         <object_component_ref idref="oc-f3"/>
      </symbol>
      <symbol id="sm-3d9">
         <name>_updown_state</name>
         <value>0xc107</value>
         <object_component_ref idref="oc-f3"/>
      </symbol>
      <symbol id="sm-3da">
         <name>_dir</name>
         <value>0xc104</value>
         <object_component_ref idref="oc-f3"/>
      </symbol>
      <symbol id="sm-3db">
         <name>_freqhz_fr</name>
         <value>0xc118</value>
         <object_component_ref idref="oc-f3"/>
      </symbol>
      <symbol id="sm-3dc">
         <name>_data</name>
         <value>0xc109</value>
         <object_component_ref idref="oc-f3"/>
      </symbol>
      <symbol id="sm-3dd">
         <name>_Freq_cap</name>
         <value>0xc10a</value>
         <object_component_ref idref="oc-f3"/>
      </symbol>
      <symbol id="sm-3de">
         <name>_adc_finish</name>
         <value>0xc101</value>
         <object_component_ref idref="oc-f3"/>
      </symbol>
      <symbol id="sm-3df">
         <name>_Freq_cap_hall</name>
         <value>0xc103</value>
         <object_component_ref idref="oc-f3"/>
      </symbol>
      <symbol id="sm-3e0">
         <name>_msg</name>
         <value>0xc11a</value>
         <object_component_ref idref="oc-f3"/>
      </symbol>
      <symbol id="sm-3e1">
         <name>_uptime</name>
         <value>0xc114</value>
         <object_component_ref idref="oc-f3"/>
      </symbol>
      <symbol id="sm-3e2">
         <name>_speed_fr</name>
         <value>0xc11c</value>
         <object_component_ref idref="oc-f3"/>
      </symbol>
      <symbol id="sm-3e3">
         <name>_flag_updowm</name>
         <value>0xc105</value>
         <object_component_ref idref="oc-f3"/>
      </symbol>
      <symbol id="sm-3e4">
         <name>_pwm</name>
         <value>0xc106</value>
         <object_component_ref idref="oc-f3"/>
      </symbol>
      <symbol id="sm-3e5">
         <name>_ReceivedChar</name>
         <value>0xc108</value>
         <object_component_ref idref="oc-f3"/>
      </symbol>
      <symbol id="sm-3e6">
         <name>_ISenseU</name>
         <value>0xc10c</value>
         <object_component_ref idref="oc-f3"/>
      </symbol>
      <symbol id="sm-3e7">
         <name>_ISenseW</name>
         <value>0xc10b</value>
         <object_component_ref idref="oc-f3"/>
      </symbol>
      <symbol id="sm-3e8">
         <name>_ISense1</name>
         <value>0xc10e</value>
         <object_component_ref idref="oc-f3"/>
      </symbol>
      <symbol id="sm-3e9">
         <name>_ISense3</name>
         <value>0xc111</value>
         <object_component_ref idref="oc-f3"/>
      </symbol>
      <symbol id="sm-3ea">
         <name>_ISense2</name>
         <value>0xc10d</value>
         <object_component_ref idref="oc-f3"/>
      </symbol>
      <symbol id="sm-3eb">
         <name>_ISense5</name>
         <value>0xc112</value>
         <object_component_ref idref="oc-f3"/>
      </symbol>
      <symbol id="sm-3ec">
         <name>_ISense4</name>
         <value>0xc110</value>
         <object_component_ref idref="oc-f3"/>
      </symbol>
      <symbol id="sm-3ed">
         <name>_freqhz_pr</name>
         <value>0xc116</value>
         <object_component_ref idref="oc-f3"/>
      </symbol>
      <symbol id="sm-3ee">
         <name>_duty</name>
         <value>0xc102</value>
         <object_component_ref idref="oc-f3"/>
      </symbol>
      <symbol id="sm-3ef">
         <name>_VSense_Bus</name>
         <value>0xc10f</value>
         <object_component_ref idref="oc-f3"/>
      </symbol>
      <symbol id="sm-3f0">
         <name>_speed_pr</name>
         <value>0xc11e</value>
         <object_component_ref idref="oc-f3"/>
      </symbol>
      <symbol id="sm-415">
         <name>_initspeed1</name>
         <value>0x96c5</value>
         <object_component_ref idref="oc-127"/>
      </symbol>
      <symbol id="sm-416">
         <name>_initeqepspeed1</name>
         <value>0x96e5</value>
         <object_component_ref idref="oc-127"/>
      </symbol>
      <symbol id="sm-417">
         <name>_speedcalc</name>
         <value>0x96ea</value>
         <object_component_ref idref="oc-127"/>
      </symbol>
      <symbol id="sm-432">
         <name>_c_int00</name>
         <value>0x99e5</value>
         <object_component_ref idref="oc-19"/>
      </symbol>
      <symbol id="sm-433">
         <name>__stack</name>
         <value>0x400</value>
         <object_component_ref idref="oc-104"/>
      </symbol>
      <symbol id="sm-447">
         <name>C$$EXIT</name>
         <value>0x9b45</value>
         <object_component_ref idref="oc-126"/>
      </symbol>
      <symbol id="sm-448">
         <name>_exit</name>
         <value>0x9b47</value>
         <object_component_ref idref="oc-126"/>
      </symbol>
      <symbol id="sm-449">
         <name>___TI_cleanup_ptr</name>
         <value>0xc0fc</value>
         <object_component_ref idref="oc-10c"/>
      </symbol>
      <symbol id="sm-44a">
         <name>_abort</name>
         <value>0x9b45</value>
         <object_component_ref idref="oc-126"/>
      </symbol>
      <symbol id="sm-44b">
         <name>___TI_dtors_ptr</name>
         <value>0xc0fe</value>
         <object_component_ref idref="oc-10c"/>
      </symbol>
      <symbol id="sm-45c">
         <name>FS$$DIV</name>
         <value>0x9764</value>
         <object_component_ref idref="oc-111"/>
      </symbol>
      <symbol id="sm-46a">
         <name>I$$MOD</name>
         <value>0x9b1b</value>
         <object_component_ref idref="oc-116"/>
      </symbol>
      <symbol id="sm-46b">
         <name>I$$DIV</name>
         <value>0x9b0a</value>
         <object_component_ref idref="oc-116"/>
      </symbol>
      <symbol id="sm-480">
         <name>__unlock</name>
         <value>0xc12e</value>
         <object_component_ref idref="oc-136"/>
      </symbol>
      <symbol id="sm-481">
         <name>__lock</name>
         <value>0xc12c</value>
         <object_component_ref idref="oc-12a"/>
      </symbol>
      <symbol id="sm-482">
         <name>__register_lock</name>
         <value>0x9b8c</value>
         <object_component_ref idref="oc-133"/>
      </symbol>
      <symbol id="sm-483">
         <name>__nop</name>
         <value>0x9b90</value>
         <object_component_ref idref="oc-133"/>
      </symbol>
      <symbol id="sm-484">
         <name>__register_unlock</name>
         <value>0x9b88</value>
         <object_component_ref idref="oc-133"/>
      </symbol>
      <symbol id="sm-494">
         <name>__args_main</name>
         <value>0x9b2c</value>
         <object_component_ref idref="oc-125"/>
      </symbol>
   </symbol_table>
   <title>Link successful</title>
</link_info>
